Archive member included to satisfy reference by file (symbol)

/home/mark/toolchains/gcc-arm-none-eabi-10.3-2021.10/bin/../lib/gcc/arm-none-eabi/10.3.1/../../../../arm-none-eabi/lib/thumb/v7-m/nofp/libc_nano.a(lib_a-atoi.o)
                              build/app.o (atoi)
/home/mark/toolchains/gcc-arm-none-eabi-10.3-2021.10/bin/../lib/gcc/arm-none-eabi/10.3.1/../../../../arm-none-eabi/lib/thumb/v7-m/nofp/libc_nano.a(lib_a-exit.o)
                              /home/mark/toolchains/gcc-arm-none-eabi-10.3-2021.10/bin/../lib/gcc/arm-none-eabi/10.3.1/../../../../arm-none-eabi/lib/thumb/v7-m/nofp/crt0.o (exit)
/home/mark/toolchains/gcc-arm-none-eabi-10.3-2021.10/bin/../lib/gcc/arm-none-eabi/10.3.1/../../../../arm-none-eabi/lib/thumb/v7-m/nofp/libc_nano.a(lib_a-impure.o)
                              /home/mark/toolchains/gcc-arm-none-eabi-10.3-2021.10/bin/../lib/gcc/arm-none-eabi/10.3.1/../../../../arm-none-eabi/lib/thumb/v7-m/nofp/libc_nano.a(lib_a-exit.o) (_global_impure_ptr)
/home/mark/toolchains/gcc-arm-none-eabi-10.3-2021.10/bin/../lib/gcc/arm-none-eabi/10.3.1/../../../../arm-none-eabi/lib/thumb/v7-m/nofp/libc_nano.a(lib_a-init.o)
                              /home/mark/toolchains/gcc-arm-none-eabi-10.3-2021.10/bin/../lib/gcc/arm-none-eabi/10.3.1/../../../../arm-none-eabi/lib/thumb/v7-m/nofp/crt0.o (__libc_init_array)
/home/mark/toolchains/gcc-arm-none-eabi-10.3-2021.10/bin/../lib/gcc/arm-none-eabi/10.3.1/../../../../arm-none-eabi/lib/thumb/v7-m/nofp/libc_nano.a(lib_a-memcpy-stub.o)
                              build/uart_app.o (memcpy)
/home/mark/toolchains/gcc-arm-none-eabi-10.3-2021.10/bin/../lib/gcc/arm-none-eabi/10.3.1/../../../../arm-none-eabi/lib/thumb/v7-m/nofp/libc_nano.a(lib_a-memset.o)
                              /home/mark/toolchains/gcc-arm-none-eabi-10.3-2021.10/bin/../lib/gcc/arm-none-eabi/10.3.1/../../../../arm-none-eabi/lib/thumb/v7-m/nofp/crt0.o (memset)
/home/mark/toolchains/gcc-arm-none-eabi-10.3-2021.10/bin/../lib/gcc/arm-none-eabi/10.3.1/../../../../arm-none-eabi/lib/thumb/v7-m/nofp/libc_nano.a(lib_a-strcmp.o)
                              build/app.o (strcmp)
/home/mark/toolchains/gcc-arm-none-eabi-10.3-2021.10/bin/../lib/gcc/arm-none-eabi/10.3.1/../../../../arm-none-eabi/lib/thumb/v7-m/nofp/libc_nano.a(lib_a-strcpy.o)
                              build/uart_app.o (strcpy)
/home/mark/toolchains/gcc-arm-none-eabi-10.3-2021.10/bin/../lib/gcc/arm-none-eabi/10.3.1/../../../../arm-none-eabi/lib/thumb/v7-m/nofp/libc_nano.a(lib_a-strlen.o)
                              build/uart_app.o (strlen)
/home/mark/toolchains/gcc-arm-none-eabi-10.3-2021.10/bin/../lib/gcc/arm-none-eabi/10.3.1/../../../../arm-none-eabi/lib/thumb/v7-m/nofp/libc_nano.a(lib_a-strtok.o)
                              build/app.o (strtok)
/home/mark/toolchains/gcc-arm-none-eabi-10.3-2021.10/bin/../lib/gcc/arm-none-eabi/10.3.1/../../../../arm-none-eabi/lib/thumb/v7-m/nofp/libc_nano.a(lib_a-strtok_r.o)
                              /home/mark/toolchains/gcc-arm-none-eabi-10.3-2021.10/bin/../lib/gcc/arm-none-eabi/10.3.1/../../../../arm-none-eabi/lib/thumb/v7-m/nofp/libc_nano.a(lib_a-strtok.o) (__strtok_r)
/home/mark/toolchains/gcc-arm-none-eabi-10.3-2021.10/bin/../lib/gcc/arm-none-eabi/10.3.1/../../../../arm-none-eabi/lib/thumb/v7-m/nofp/libc_nano.a(lib_a-strtol.o)
                              /home/mark/toolchains/gcc-arm-none-eabi-10.3-2021.10/bin/../lib/gcc/arm-none-eabi/10.3.1/../../../../arm-none-eabi/lib/thumb/v7-m/nofp/libc_nano.a(lib_a-atoi.o) (_strtol_r)
/home/mark/toolchains/gcc-arm-none-eabi-10.3-2021.10/bin/../lib/gcc/arm-none-eabi/10.3.1/../../../../arm-none-eabi/lib/thumb/v7-m/nofp/libc_nano.a(lib_a-assert.o)
                              /home/mark/toolchains/gcc-arm-none-eabi-10.3-2021.10/bin/../lib/gcc/arm-none-eabi/10.3.1/../../../../arm-none-eabi/lib/thumb/v7-m/nofp/libc_nano.a(lib_a-strtok.o) (__assert_func)
/home/mark/toolchains/gcc-arm-none-eabi-10.3-2021.10/bin/../lib/gcc/arm-none-eabi/10.3.1/../../../../arm-none-eabi/lib/thumb/v7-m/nofp/libc_nano.a(lib_a-ctype_.o)
                              /home/mark/toolchains/gcc-arm-none-eabi-10.3-2021.10/bin/../lib/gcc/arm-none-eabi/10.3.1/../../../../arm-none-eabi/lib/thumb/v7-m/nofp/libc_nano.a(lib_a-strtol.o) (_ctype_)
/home/mark/toolchains/gcc-arm-none-eabi-10.3-2021.10/bin/../lib/gcc/arm-none-eabi/10.3.1/../../../../arm-none-eabi/lib/thumb/v7-m/nofp/libc_nano.a(lib_a-errno.o)
                              /home/mark/toolchains/gcc-arm-none-eabi-10.3-2021.10/bin/../lib/gcc/arm-none-eabi/10.3.1/../../../../arm-none-eabi/lib/thumb/v7-m/nofp/libc_nano.a(lib_a-strtol.o) (__errno)
/home/mark/toolchains/gcc-arm-none-eabi-10.3-2021.10/bin/../lib/gcc/arm-none-eabi/10.3.1/../../../../arm-none-eabi/lib/thumb/v7-m/nofp/libc_nano.a(lib_a-fprintf.o)
                              /home/mark/toolchains/gcc-arm-none-eabi-10.3-2021.10/bin/../lib/gcc/arm-none-eabi/10.3.1/../../../../arm-none-eabi/lib/thumb/v7-m/nofp/libc_nano.a(lib_a-assert.o) (fiprintf)
[...]
Memory Configuration

Name             Origin             Length             Attributes
RAM              0x0000000020000000 0x0000000000005000 xrw
FLASH            0x0000000008000000 0x0000000000010000 xr
*default*        0x0000000000000000 0xffffffffffffffff

Linker script and memory map

LOAD /home/mark/toolchains/gcc-arm-none-eabi-10.3-2021.10/bin/../lib/gcc/arm-none-eabi/10.3.1/thumb/v7-m/nofp/crti.o
LOAD /home/mark/toolchains/gcc-arm-none-eabi-10.3-2021.10/bin/../lib/gcc/arm-none-eabi/10.3.1/thumb/v7-m/nofp/crtbegin.o
LOAD /home/mark/toolchains/gcc-arm-none-eabi-10.3-2021.10/bin/../lib/gcc/arm-none-eabi/10.3.1/../../../../arm-none-eabi/lib/thumb/v7-m/nofp/crt0.o
LOAD build/drive.o
LOAD build/uart_app.o
LOAD build/app.o
LOAD build/main.o
LOAD build/stm32f1xx_it.o
LOAD build/stm32f1xx_hal_msp.o
LOAD build/usb_device.o
LOAD build/usbd_desc.o
LOAD build/usbd_cdc_if.o
LOAD build/usbd_conf.o
LOAD build/stm32f1xx_hal_gpio_ex.o
LOAD build/stm32f1xx_hal_pcd.o
LOAD build/stm32f1xx_hal_pcd_ex.o
LOAD build/stm32f1xx_ll_usb.o
LOAD build/stm32f1xx_hal.o
LOAD build/stm32f1xx_hal_rcc.o
LOAD build/stm32f1xx_hal_rcc_ex.o
LOAD build/stm32f1xx_hal_gpio.o
LOAD build/stm32f1xx_hal_dma.o
LOAD build/stm32f1xx_hal_cortex.o
LOAD build/stm32f1xx_hal_pwr.o
LOAD build/stm32f1xx_hal_flash.o
LOAD build/stm32f1xx_hal_flash_ex.o
LOAD build/stm32f1xx_hal_exti.o
LOAD build/stm32f1xx_hal_tim.o
LOAD build/stm32f1xx_hal_tim_ex.o
LOAD build/system_stm32f1xx.o
LOAD build/usbd_core.o
LOAD build/usbd_ctlreq.o
LOAD build/usbd_ioreq.o
LOAD build/usbd_cdc.o
LOAD build/stm32f1xx_hal_uart.o
LOAD build/gpio.o
LOAD build/tim.o
LOAD build/usart.o
LOAD build/startup_stm32f103xb.o
LOAD /home/mark/toolchains/gcc-arm-none-eabi-10.3-2021.10/bin/../lib/gcc/arm-none-eabi/10.3.1/../../../../arm-none-eabi/lib/thumb/v7-m/nofp/libc_nano.a
LOAD /home/mark/toolchains/gcc-arm-none-eabi-10.3-2021.10/bin/../lib/gcc/arm-none-eabi/10.3.1/../../../../arm-none-eabi/lib/thumb/v7-m/nofp/libm.a
LOAD /home/mark/toolchains/gcc-arm-none-eabi-10.3-2021.10/bin/../lib/gcc/arm-none-eabi/10.3.1/../../../../arm-none-eabi/lib/thumb/v7-m/nofp/libnosys.a
START GROUP
LOAD /home/mark/toolchains/gcc-arm-none-eabi-10.3-2021.10/bin/../lib/gcc/arm-none-eabi/10.3.1/thumb/v7-m/nofp/libgcc.a
LOAD /home/mark/toolchains/gcc-arm-none-eabi-10.3-2021.10/bin/../lib/gcc/arm-none-eabi/10.3.1/../../../../arm-none-eabi/lib/thumb/v7-m/nofp/libc_nano.a
END GROUP
START GROUP
LOAD /home/mark/toolchains/gcc-arm-none-eabi-10.3-2021.10/bin/../lib/gcc/arm-none-eabi/10.3.1/thumb/v7-m/nofp/libgcc.a
LOAD /home/mark/toolchains/gcc-arm-none-eabi-10.3-2021.10/bin/../lib/gcc/arm-none-eabi/10.3.1/../../../../arm-none-eabi/lib/thumb/v7-m/nofp/libc_nano.a
END GROUP
LOAD /home/mark/toolchains/gcc-arm-none-eabi-10.3-2021.10/bin/../lib/gcc/arm-none-eabi/10.3.1/thumb/v7-m/nofp/crtend.o
LOAD /home/mark/toolchains/gcc-arm-none-eabi-10.3-2021.10/bin/../lib/gcc/arm-none-eabi/10.3.1/thumb/v7-m/nofp/crtn.o
                0x0000000020005000                _estack = (ORIGIN (RAM) + LENGTH (RAM))
                0x0000000000000200                _Min_Heap_Size = 0x200
                0x0000000000000400                _Min_Stack_Size = 0x400

.isr_vector     0x0000000008000000      0x10c
                0x0000000008000000                . = ALIGN (0x4)
 *(.isr_vector)
 .isr_vector    0x0000000008000000      0x10c build/startup_stm32f103xb.o
                0x0000000008000000                g_pfnVectors
                0x000000000800010c                . = ALIGN (0x4)

.text           0x000000000800010c     0x684c
                0x000000000800010c                . = ALIGN (0x4)
 *(.text)
 .text          0x000000000800010c       0x40 /home/mark/toolchains/gcc-arm-none-eabi-10.3-2021.10/bin/../lib/gcc/arm-none-eabi/10.3.1/thumb/v7-m/nofp/crtbegin.o
 .text          0x000000000800014c       0x14 /home/mark/toolchains/gcc-arm-none-eabi-10.3-2021.10/bin/../lib/gcc/arm-none-eabi/10.3.1/../../../../arm-none-eabi/lib/thumb/v7-m/nofp/libc_nano.a(lib_a-strcmp.o)
                0x000000000800014c                strcmp
 .text          0x0000000008000160       0x10 /home/mark/toolchains/gcc-arm-none-eabi-10.3-2021.10/bin/../lib/gcc/arm-none-eabi/10.3.1/../../../../arm-none-eabi/lib/thumb/v7-m/nofp/libc_nano.a(lib_a-strlen.o)
                0x0000000008000160                strlen
 *(.text*)
 .text.drive_init
                0x0000000008000170       0x28 build/drive.o
                0x0000000008000170                drive_init
 .text.drive_on
                0x0000000008000198       0x10 build/drive.o
                0x0000000008000198                drive_on
 .text.drive_off
                0x00000000080001a8       0x1a build/drive.o
                0x00000000080001a8                drive_off
 *fill*         0x00000000080001c2        0x2 
 .text.drive_set_vel
                0x00000000080001c4       0xc0 build/drive.o
                0x00000000080001c4                drive_set_vel
 .text.uart_error
                0x0000000008000284       0x10 build/uart_app.o
                0x0000000008000284                uart_error
 .text.uart_send_mes
                0x0000000008000294       0x70 build/uart_app.o
                0x0000000008000294                uart_send_mes
 .text.uart_ask_str_IT
                0x0000000008000304       0x64 build/uart_app.o
                0x0000000008000304                uart_ask_str_IT
 .text.HAL_UART_RxCpltCallback
                0x0000000008000368       0x74 build/uart_app.o
                0x0000000008000368                HAL_UART_RxCpltCallback
 .text.HAL_UART_TxCpltCallback
                0x00000000080003dc       0x24 build/uart_app.o
                0x00000000080003dc                HAL_UART_TxCpltCallback
 .text.app      0x0000000008000400       0x84 build/app.o
                0x0000000008000400                app
 .text.uart_str_RxCPLTCallback
                0x0000000008000484      0x100 build/app.o
                0x0000000008000484                uart_str_RxCPLTCallback
 .text.Error_Handler
                0x0000000008000584        0x4 build/main.o
                0x0000000008000584                Error_Handler
 .text.SystemClock_Config
                0x0000000008000588       0x86 build/main.o
                0x0000000008000588                SystemClock_Config
 .text.main     0x000000000800060e       0x24 build/main.o
                0x000000000800060e                main
 .text.NMI_Handler
                0x0000000008000632        0x2 build/stm32f1xx_it.o
                0x0000000008000632                NMI_Handler
 .text.HardFault_Handler
                0x0000000008000634        0x2 build/stm32f1xx_it.o
                0x0000000008000634                HardFault_Handler
 .text.MemManage_Handler
                0x0000000008000636        0x2 build/stm32f1xx_it.o
                0x0000000008000636                MemManage_Handler
 .text.BusFault_Handler
                0x0000000008000638        0x2 build/stm32f1xx_it.o
                0x0000000008000638                BusFault_Handler
 .text.UsageFault_Handler
                0x000000000800063a        0x2 build/stm32f1xx_it.o
                0x000000000800063a                UsageFault_Handler
 .text.SVC_Handler
                0x000000000800063c        0x2 build/stm32f1xx_it.o
                0x000000000800063c                SVC_Handler
 .text.DebugMon_Handler
                0x000000000800063e        0x2 build/stm32f1xx_it.o
                0x000000000800063e                DebugMon_Handler
 .text.PendSV_Handler
                0x0000000008000640        0x2 build/stm32f1xx_it.o
                0x0000000008000640                PendSV_Handler
 .text.SysTick_Handler
                0x0000000008000642        0x8 build/stm32f1xx_it.o
                0x0000000008000642                SysTick_Handler
 *fill*         0x000000000800064a        0x2 
 .text.USB_LP_CAN1_RX0_IRQHandler
                0x000000000800064c       0x10 build/stm32f1xx_it.o
                0x000000000800064c                USB_LP_CAN1_RX0_IRQHandler
 .text.TIM3_IRQHandler
                0x000000000800065c       0x10 build/stm32f1xx_it.o
                0x000000000800065c                TIM3_IRQHandler
 .text.TIM4_IRQHandler
                0x000000000800066c       0x10 build/stm32f1xx_it.o
                0x000000000800066c                TIM4_IRQHandler
 .text.USART1_IRQHandler
                0x000000000800067c       0x10 build/stm32f1xx_it.o
                0x000000000800067c                USART1_IRQHandler
 .text.HAL_MspInit
                0x000000000800068c       0x30 build/stm32f1xx_hal_msp.o
                0x000000000800068c                HAL_MspInit
 .text.MX_USB_DEVICE_Init
                0x00000000080006bc       0x54 build/usb_device.o
                0x00000000080006bc                MX_USB_DEVICE_Init
 .text.USBD_FS_DeviceDescriptor
                0x0000000008000710        0xc build/usbd_desc.o
                0x0000000008000710                USBD_FS_DeviceDescriptor
 .text.USBD_FS_LangIDStrDescriptor
                0x000000000800071c        0xc build/usbd_desc.o
                0x000000000800071c                USBD_FS_LangIDStrDescriptor
 .text.IntToUnicode
                0x0000000008000728       0x46 build/usbd_desc.o
 *fill*         0x000000000800076e        0x2 
 .text.Get_SerialNum
                0x0000000008000770       0x38 build/usbd_desc.o
 .text.USBD_FS_SerialStrDescriptor
                0x00000000080007a8       0x14 build/usbd_desc.o
                0x00000000080007a8                USBD_FS_SerialStrDescriptor
 .text.USBD_FS_ProductStrDescriptor
                0x00000000080007bc       0x24 build/usbd_desc.o
                0x00000000080007bc                USBD_FS_ProductStrDescriptor
 .text.USBD_FS_ManufacturerStrDescriptor
                0x00000000080007e0       0x1c build/usbd_desc.o
                0x00000000080007e0                USBD_FS_ManufacturerStrDescriptor
 .text.USBD_FS_ConfigStrDescriptor
                0x00000000080007fc       0x24 build/usbd_desc.o
                0x00000000080007fc                USBD_FS_ConfigStrDescriptor
 .text.USBD_FS_InterfaceStrDescriptor
                0x0000000008000820       0x24 build/usbd_desc.o
                0x0000000008000820                USBD_FS_InterfaceStrDescriptor
 .text.CDC_DeInit_FS
                0x0000000008000844        0x4 build/usbd_cdc_if.o
 .text.CDC_Control_FS
                0x0000000008000848        0x4 build/usbd_cdc_if.o
 .text.CDC_Receive_FS
                0x000000000800084c       0x2c build/usbd_cdc_if.o
 .text.CDC_Init_FS
                0x0000000008000878       0x28 build/usbd_cdc_if.o
 .text.USBD_Get_USB_Status
                0x00000000080008a0       0x14 build/usbd_conf.o
 .text.HAL_PCD_MspInit
                0x00000000080008b4       0x40 build/usbd_conf.o
                0x00000000080008b4                HAL_PCD_MspInit
 .text.HAL_PCD_SetupStageCallback
                0x00000000080008f4       0x10 build/usbd_conf.o
                0x00000000080008f4                HAL_PCD_SetupStageCallback
 .text.HAL_PCD_DataOutStageCallback
                0x0000000008000904       0x18 build/usbd_conf.o
                0x0000000008000904                HAL_PCD_DataOutStageCallback
 .text.HAL_PCD_DataInStageCallback
                0x000000000800091c       0x16 build/usbd_conf.o
                0x000000000800091c                HAL_PCD_DataInStageCallback
 .text.HAL_PCD_SOFCallback
                0x0000000008000932        0xc build/usbd_conf.o
                0x0000000008000932                HAL_PCD_SOFCallback
 .text.HAL_PCD_ResetCallback
                0x000000000800093e       0x24 build/usbd_conf.o
                0x000000000800093e                HAL_PCD_ResetCallback
 *fill*         0x0000000008000962        0x2 
 .text.HAL_PCD_SuspendCallback
                0x0000000008000964       0x20 build/usbd_conf.o
                0x0000000008000964                HAL_PCD_SuspendCallback
 .text.HAL_PCD_ResumeCallback
                0x0000000008000984        0xc build/usbd_conf.o
                0x0000000008000984                HAL_PCD_ResumeCallback
 .text.USBD_LL_Init
                0x0000000008000990       0x84 build/usbd_conf.o
                0x0000000008000990                USBD_LL_Init
 .text.USBD_LL_Start
                0x0000000008000a14       0x10 build/usbd_conf.o
                0x0000000008000a14                USBD_LL_Start
 .text.USBD_LL_OpenEP
                0x0000000008000a24       0x16 build/usbd_conf.o
                0x0000000008000a24                USBD_LL_OpenEP
 .text.USBD_LL_CloseEP
                0x0000000008000a3a       0x10 build/usbd_conf.o
                0x0000000008000a3a                USBD_LL_CloseEP
 .text.USBD_LL_StallEP
                0x0000000008000a4a       0x10 build/usbd_conf.o
                0x0000000008000a4a                USBD_LL_StallEP
 .text.USBD_LL_ClearStallEP
                0x0000000008000a5a       0x10 build/usbd_conf.o
                0x0000000008000a5a                USBD_LL_ClearStallEP
 .text.USBD_LL_IsStallEP
                0x0000000008000a6a       0x2e build/usbd_conf.o
                0x0000000008000a6a                USBD_LL_IsStallEP
 .text.USBD_LL_SetUSBAddress
                0x0000000008000a98       0x10 build/usbd_conf.o
                0x0000000008000a98                USBD_LL_SetUSBAddress
 .text.USBD_LL_Transmit
                0x0000000008000aa8       0x10 build/usbd_conf.o
                0x0000000008000aa8                USBD_LL_Transmit
 .text.USBD_LL_PrepareReceive
                0x0000000008000ab8       0x10 build/usbd_conf.o
                0x0000000008000ab8                USBD_LL_PrepareReceive
 .text.USBD_LL_GetRxDataSize
                0x0000000008000ac8        0xc build/usbd_conf.o
                0x0000000008000ac8                USBD_LL_GetRxDataSize
 .text.USBD_static_malloc
                0x0000000008000ad4        0x8 build/usbd_conf.o
                0x0000000008000ad4                USBD_static_malloc
 .text.USBD_static_free
                0x0000000008000adc        0x2 build/usbd_conf.o
                0x0000000008000adc                USBD_static_free
 .text.HAL_PCDEx_SetConnectionState
                0x0000000008000ade        0x2 build/usbd_conf.o
                0x0000000008000ade                HAL_PCDEx_SetConnectionState
 .text.HAL_PCD_EP_DB_Receive
                0x0000000008000ae0      0x11c build/stm32f1xx_hal_pcd.o
 .text.HAL_PCD_Init
                0x0000000008000bfc      0x118 build/stm32f1xx_hal_pcd.o
                0x0000000008000bfc                HAL_PCD_Init
 .text.HAL_PCD_Start
                0x0000000008000d14       0x32 build/stm32f1xx_hal_pcd.o
                0x0000000008000d14                HAL_PCD_Start
 .text.HAL_PCD_EP_DB_Transmit
                0x0000000008000d46      0x420 build/stm32f1xx_hal_pcd.o
 .text.PCD_EP_ISR_Handler
                0x0000000008001166      0x438 build/stm32f1xx_hal_pcd.o
 .text.HAL_PCD_SetAddress
                0x000000000800159e       0x28 build/stm32f1xx_hal_pcd.o
                0x000000000800159e                HAL_PCD_SetAddress
 .text.HAL_PCD_IRQHandler
                0x00000000080015c6      0x1d4 build/stm32f1xx_hal_pcd.o
                0x00000000080015c6                HAL_PCD_IRQHandler
 .text.HAL_PCD_EP_Open
                0x000000000800179a       0x84 build/stm32f1xx_hal_pcd.o
                0x000000000800179a                HAL_PCD_EP_Open
 .text.HAL_PCD_EP_Close
                0x000000000800181e       0x64 build/stm32f1xx_hal_pcd.o
                0x000000000800181e                HAL_PCD_EP_Close
 .text.HAL_PCD_EP_Receive
                0x0000000008001882       0x44 build/stm32f1xx_hal_pcd.o
                0x0000000008001882                HAL_PCD_EP_Receive
 .text.HAL_PCD_EP_GetRxCount
                0x00000000080018c6       0x12 build/stm32f1xx_hal_pcd.o
                0x00000000080018c6                HAL_PCD_EP_GetRxCount
 .text.HAL_PCD_EP_Transmit
                0x00000000080018d8       0x50 build/stm32f1xx_hal_pcd.o
                0x00000000080018d8                HAL_PCD_EP_Transmit
 .text.HAL_PCD_EP_SetStall
                0x0000000008001928       0x78 build/stm32f1xx_hal_pcd.o
                0x0000000008001928                HAL_PCD_EP_SetStall
 .text.HAL_PCD_EP_ClrStall
                0x00000000080019a0       0x76 build/stm32f1xx_hal_pcd.o
                0x00000000080019a0                HAL_PCD_EP_ClrStall
 .text.HAL_PCDEx_PMAConfig
                0x0000000008001a16       0x38 build/stm32f1xx_hal_pcd_ex.o
                0x0000000008001a16                HAL_PCDEx_PMAConfig
 .text.USB_CoreInit
                0x0000000008001a4e        0xe build/stm32f1xx_ll_usb.o
                0x0000000008001a4e                USB_CoreInit
 .text.USB_EnableGlobalInt
                0x0000000008001a5c       0x12 build/stm32f1xx_ll_usb.o
                0x0000000008001a5c                USB_EnableGlobalInt
 .text.USB_DisableGlobalInt
                0x0000000008001a6e       0x14 build/stm32f1xx_ll_usb.o
                0x0000000008001a6e                USB_DisableGlobalInt
 .text.USB_SetCurrentMode
                0x0000000008001a82        0x4 build/stm32f1xx_ll_usb.o
                0x0000000008001a82                USB_SetCurrentMode
 .text.USB_DevInit
                0x0000000008001a86       0x22 build/stm32f1xx_ll_usb.o
                0x0000000008001a86                USB_DevInit
 .text.USB_ActivateEndpoint
                0x0000000008001aa8      0x378 build/stm32f1xx_ll_usb.o
                0x0000000008001aa8                USB_ActivateEndpoint
 .text.USB_DeactivateEndpoint
                0x0000000008001e20      0x1d6 build/stm32f1xx_ll_usb.o
                0x0000000008001e20                USB_DeactivateEndpoint
 .text.USB_EPSetStall
                0x0000000008001ff6       0x4a build/stm32f1xx_ll_usb.o
                0x0000000008001ff6                USB_EPSetStall
 .text.USB_EPClearStall
                0x0000000008002040       0xa2 build/stm32f1xx_ll_usb.o
                0x0000000008002040                USB_EPClearStall
 .text.USB_SetDevAddress
                0x00000000080020e2        0xc build/stm32f1xx_ll_usb.o
                0x00000000080020e2                USB_SetDevAddress
 .text.USB_DevConnect
                0x00000000080020ee        0x4 build/stm32f1xx_ll_usb.o
                0x00000000080020ee                USB_DevConnect
 .text.USB_DevDisconnect
                0x00000000080020f2        0x4 build/stm32f1xx_ll_usb.o
                0x00000000080020f2                USB_DevDisconnect
 .text.USB_ReadInterrupts
                0x00000000080020f6        0x8 build/stm32f1xx_ll_usb.o
                0x00000000080020f6                USB_ReadInterrupts
 .text.USB_EP0_OutStart
                0x00000000080020fe        0x4 build/stm32f1xx_ll_usb.o
                0x00000000080020fe                USB_EP0_OutStart
 .text.USB_WritePMA
                0x0000000008002102       0x28 build/stm32f1xx_ll_usb.o
                0x0000000008002102                USB_WritePMA
 .text.USB_EPStartXfer
                0x000000000800212a      0x8b2 build/stm32f1xx_ll_usb.o
                0x000000000800212a                USB_EPStartXfer
 .text.USB_ReadPMA
                0x00000000080029dc       0x30 build/stm32f1xx_ll_usb.o
                0x00000000080029dc                USB_ReadPMA
 .text.HAL_InitTick
                0x0000000008002a0c       0x4c build/stm32f1xx_hal.o
                0x0000000008002a0c                HAL_InitTick
 .text.HAL_Init
                0x0000000008002a58       0x24 build/stm32f1xx_hal.o
                0x0000000008002a58                HAL_Init
 .text.HAL_IncTick
                0x0000000008002a7c       0x18 build/stm32f1xx_hal.o
                0x0000000008002a7c                HAL_IncTick
 .text.HAL_GetTick
                0x0000000008002a94        0xc build/stm32f1xx_hal.o
                0x0000000008002a94                HAL_GetTick
 .text.RCC_Delay
                0x0000000008002aa0       0x2c build/stm32f1xx_hal_rcc.o
 .text.HAL_RCC_OscConfig
                0x0000000008002acc      0x410 build/stm32f1xx_hal_rcc.o
                0x0000000008002acc                HAL_RCC_OscConfig
 .text.HAL_RCC_GetSysClockFreq
                0x0000000008002edc       0x70 build/stm32f1xx_hal_rcc.o
                0x0000000008002edc                HAL_RCC_GetSysClockFreq
 .text.HAL_RCC_ClockConfig
                0x0000000008002f4c      0x16c build/stm32f1xx_hal_rcc.o
                0x0000000008002f4c                HAL_RCC_ClockConfig
 .text.HAL_RCC_GetHCLKFreq
                0x00000000080030b8        0xc build/stm32f1xx_hal_rcc.o
                0x00000000080030b8                HAL_RCC_GetHCLKFreq
 .text.HAL_RCC_GetPCLK1Freq
                0x00000000080030c4       0x20 build/stm32f1xx_hal_rcc.o
                0x00000000080030c4                HAL_RCC_GetPCLK1Freq
 .text.HAL_RCC_GetPCLK2Freq
                0x00000000080030e4       0x20 build/stm32f1xx_hal_rcc.o
                0x00000000080030e4                HAL_RCC_GetPCLK2Freq
 .text.HAL_RCCEx_PeriphCLKConfig
                0x0000000008003104      0x118 build/stm32f1xx_hal_rcc_ex.o
                0x0000000008003104                HAL_RCCEx_PeriphCLKConfig
 .text.HAL_GPIO_Init
                0x000000000800321c      0x224 build/stm32f1xx_hal_gpio.o
                0x000000000800321c                HAL_GPIO_Init
 .text.HAL_GPIO_WritePin
                0x0000000008003440        0xc build/stm32f1xx_hal_gpio.o
                0x0000000008003440                HAL_GPIO_WritePin
 .text.HAL_DMA_Abort
                0x000000000800344c       0x44 build/stm32f1xx_hal_dma.o
                0x000000000800344c                HAL_DMA_Abort
 .text.HAL_DMA_Abort_IT
                0x0000000008003490       0x98 build/stm32f1xx_hal_dma.o
                0x0000000008003490                HAL_DMA_Abort_IT
 .text.HAL_NVIC_SetPriorityGrouping
                0x0000000008003528       0x24 build/stm32f1xx_hal_cortex.o
                0x0000000008003528                HAL_NVIC_SetPriorityGrouping
 .text.HAL_NVIC_SetPriority
                0x000000000800354c       0x70 build/stm32f1xx_hal_cortex.o
                0x000000000800354c                HAL_NVIC_SetPriority
 .text.HAL_NVIC_EnableIRQ
                0x00000000080035bc       0x1c build/stm32f1xx_hal_cortex.o
                0x00000000080035bc                HAL_NVIC_EnableIRQ
 .text.HAL_SYSTICK_Config
                0x00000000080035d8       0x28 build/stm32f1xx_hal_cortex.o
                0x00000000080035d8                HAL_SYSTICK_Config
 .text.TIM_OC1_SetConfig
                0x0000000008003600       0x5c build/stm32f1xx_hal_tim.o
 .text.TIM_OC3_SetConfig
                0x000000000800365c       0x64 build/stm32f1xx_hal_tim.o
 .text.TIM_OC4_SetConfig
                0x00000000080036c0       0x48 build/stm32f1xx_hal_tim.o
 .text.TIM_TI1_ConfigInputStage
                0x0000000008003708       0x24 build/stm32f1xx_hal_tim.o
 .text.TIM_TI2_ConfigInputStage
                0x000000000800372c       0x26 build/stm32f1xx_hal_tim.o
 .text.TIM_ITRx_SetConfig
                0x0000000008003752       0x10 build/stm32f1xx_hal_tim.o
 .text.HAL_TIM_PWM_MspInit
                0x0000000008003762        0x2 build/stm32f1xx_hal_tim.o
                0x0000000008003762                HAL_TIM_PWM_MspInit
 .text.HAL_TIM_PeriodElapsedCallback
                0x0000000008003764        0x2 build/stm32f1xx_hal_tim.o
                0x0000000008003764                HAL_TIM_PeriodElapsedCallback
 .text.HAL_TIM_OC_DelayElapsedCallback
                0x0000000008003766        0x2 build/stm32f1xx_hal_tim.o
                0x0000000008003766                HAL_TIM_OC_DelayElapsedCallback
 .text.HAL_TIM_IC_CaptureCallback
                0x0000000008003768        0x2 build/stm32f1xx_hal_tim.o
                0x0000000008003768                HAL_TIM_IC_CaptureCallback
 .text.HAL_TIM_PWM_PulseFinishedCallback
                0x000000000800376a        0x2 build/stm32f1xx_hal_tim.o
                0x000000000800376a                HAL_TIM_PWM_PulseFinishedCallback
 .text.HAL_TIM_TriggerCallback
                0x000000000800376c        0x2 build/stm32f1xx_hal_tim.o
                0x000000000800376c                HAL_TIM_TriggerCallback
 .text.HAL_TIM_IRQHandler
                0x000000000800376e      0x17a build/stm32f1xx_hal_tim.o
                0x000000000800376e                HAL_TIM_IRQHandler
 .text.TIM_Base_SetConfig
                0x00000000080038e8       0x74 build/stm32f1xx_hal_tim.o
                0x00000000080038e8                TIM_Base_SetConfig
 .text.HAL_TIM_Base_Init
                0x000000000800395c       0x58 build/stm32f1xx_hal_tim.o
                0x000000000800395c                HAL_TIM_Base_Init
 .text.HAL_TIM_PWM_Init
                0x00000000080039b4       0x58 build/stm32f1xx_hal_tim.o
                0x00000000080039b4                HAL_TIM_PWM_Init
 .text.TIM_OC2_SetConfig
                0x0000000008003a0c       0x64 build/stm32f1xx_hal_tim.o
                0x0000000008003a0c                TIM_OC2_SetConfig
 .text.HAL_TIM_PWM_ConfigChannel
                0x0000000008003a70       0xd0 build/stm32f1xx_hal_tim.o
                0x0000000008003a70                HAL_TIM_PWM_ConfigChannel
 .text.TIM_ETR_SetConfig
                0x0000000008003b40       0x18 build/stm32f1xx_hal_tim.o
                0x0000000008003b40                TIM_ETR_SetConfig
 .text.HAL_TIM_ConfigClockSource
                0x0000000008003b58       0xda build/stm32f1xx_hal_tim.o
                0x0000000008003b58                HAL_TIM_ConfigClockSource
 .text.TIM_CCxChannelCmd
                0x0000000008003c32       0x1e build/stm32f1xx_hal_tim.o
                0x0000000008003c32                TIM_CCxChannelCmd
 .text.HAL_TIM_PWM_Start
                0x0000000008003c50       0xdc build/stm32f1xx_hal_tim.o
                0x0000000008003c50                HAL_TIM_PWM_Start
 .text.HAL_TIM_PWM_Stop
                0x0000000008003d2c       0x84 build/stm32f1xx_hal_tim.o
                0x0000000008003d2c                HAL_TIM_PWM_Stop
 .text.HAL_TIM_PWM_Stop_IT
                0x0000000008003db0       0xc8 build/stm32f1xx_hal_tim.o
                0x0000000008003db0                HAL_TIM_PWM_Stop_IT
 .text.HAL_TIMEx_MasterConfigSynchronization
                0x0000000008003e78       0x6c build/stm32f1xx_hal_tim_ex.o
                0x0000000008003e78                HAL_TIMEx_MasterConfigSynchronization
 .text.HAL_TIMEx_CommutCallback
                0x0000000008003ee4        0x2 build/stm32f1xx_hal_tim_ex.o
                0x0000000008003ee4                HAL_TIMEx_CommutCallback
 .text.HAL_TIMEx_BreakCallback
                0x0000000008003ee6        0x2 build/stm32f1xx_hal_tim_ex.o
                0x0000000008003ee6                HAL_TIMEx_BreakCallback
 .text.SystemInit
                0x0000000008003ee8        0x2 build/system_stm32f1xx.o
                0x0000000008003ee8                SystemInit
 .text.USBD_Init
                0x0000000008003eea       0x2e build/usbd_core.o
                0x0000000008003eea                USBD_Init
 .text.USBD_RegisterClass
                0x0000000008003f18        0xe build/usbd_core.o
                0x0000000008003f18                USBD_RegisterClass
 .text.USBD_Start
                0x0000000008003f26        0xa build/usbd_core.o
                0x0000000008003f26                USBD_Start
 .text.USBD_SetClassConfig
                0x0000000008003f30       0x18 build/usbd_core.o
                0x0000000008003f30                USBD_SetClassConfig
 .text.USBD_ClrClassConfig
                0x0000000008003f48        0xe build/usbd_core.o
                0x0000000008003f48                USBD_ClrClassConfig
 .text.USBD_LL_SetupStage
                0x0000000008003f56       0x5a build/usbd_core.o
                0x0000000008003f56                USBD_LL_SetupStage
 .text.USBD_LL_DataOutStage
                0x0000000008003fb0       0x8c build/usbd_core.o
                0x0000000008003fb0                USBD_LL_DataOutStage
 .text.USBD_LL_DataInStage
                0x000000000800403c       0xd0 build/usbd_core.o
                0x000000000800403c                USBD_LL_DataInStage
 .text.USBD_LL_Reset
                0x000000000800410c       0x50 build/usbd_core.o
                0x000000000800410c                USBD_LL_Reset
 .text.USBD_LL_SetSpeed
                0x000000000800415c        0x6 build/usbd_core.o
                0x000000000800415c                USBD_LL_SetSpeed
 .text.USBD_LL_Suspend
                0x0000000008004162       0x12 build/usbd_core.o
                0x0000000008004162                USBD_LL_Suspend
 .text.USBD_LL_Resume
                0x0000000008004174       0x16 build/usbd_core.o
                0x0000000008004174                USBD_LL_Resume
 .text.USBD_LL_SOF
                0x000000000800418a       0x1c build/usbd_core.o
                0x000000000800418a                USBD_LL_SOF
 .text.USBD_GetLen
                0x00000000080041a6       0x14 build/usbd_ctlreq.o
 .text.USBD_SetFeature
                0x00000000080041ba       0x14 build/usbd_ctlreq.o
 .text.USBD_ParseSetupRequest
                0x00000000080041ce       0x28 build/usbd_ctlreq.o
                0x00000000080041ce                USBD_ParseSetupRequest
 .text.USBD_CtlError
                0x00000000080041f6       0x14 build/usbd_ctlreq.o
                0x00000000080041f6                USBD_CtlError
 .text.USBD_GetDescriptor
                0x000000000800420a      0x186 build/usbd_ctlreq.o
 .text.USBD_SetAddress
                0x0000000008004390       0x4e build/usbd_ctlreq.o
 *fill*         0x00000000080043de        0x2 
 .text.USBD_SetConfig
                0x00000000080043e0       0xb0 build/usbd_ctlreq.o
 .text.USBD_GetConfig
                0x0000000008004490       0x3e build/usbd_ctlreq.o
 .text.USBD_GetStatus
                0x00000000080044ce       0x38 build/usbd_ctlreq.o
 .text.USBD_ClrFeature
                0x0000000008004506       0x26 build/usbd_ctlreq.o
 .text.USBD_StdDevReq
                0x000000000800452c       0x68 build/usbd_ctlreq.o
                0x000000000800452c                USBD_StdDevReq
 .text.USBD_StdItfReq
                0x0000000008004594       0x60 build/usbd_ctlreq.o
                0x0000000008004594                USBD_StdItfReq
 .text.USBD_StdEPReq
                0x00000000080045f4      0x1e2 build/usbd_ctlreq.o
                0x00000000080045f4                USBD_StdEPReq
 .text.USBD_GetString
                0x00000000080047d6       0x3a build/usbd_ctlreq.o
                0x00000000080047d6                USBD_GetString
 .text.USBD_CtlSendData
                0x0000000008004810       0x1a build/usbd_ioreq.o
                0x0000000008004810                USBD_CtlSendData
 .text.USBD_CtlContinueSendData
                0x000000000800482a       0x10 build/usbd_ioreq.o
                0x000000000800482a                USBD_CtlContinueSendData
 .text.USBD_CtlPrepareRx
                0x000000000800483a       0x1e build/usbd_ioreq.o
                0x000000000800483a                USBD_CtlPrepareRx
 .text.USBD_CtlContinueRx
                0x0000000008004858       0x10 build/usbd_ioreq.o
                0x0000000008004858                USBD_CtlContinueRx
 .text.USBD_CtlSendStatus
                0x0000000008004868       0x16 build/usbd_ioreq.o
                0x0000000008004868                USBD_CtlSendStatus
 .text.USBD_CtlReceiveStatus
                0x000000000800487e       0x16 build/usbd_ioreq.o
                0x000000000800487e                USBD_CtlReceiveStatus
 .text.USBD_CDC_EP0_RxReady
                0x0000000008004894       0x28 build/usbd_cdc.o
 .text.USBD_CDC_GetFSCfgDesc
                0x00000000080048bc        0xc build/usbd_cdc.o
 .text.USBD_CDC_GetHSCfgDesc
                0x00000000080048c8        0xc build/usbd_cdc.o
 .text.USBD_CDC_GetOtherSpeedCfgDesc
                0x00000000080048d4        0xc build/usbd_cdc.o
 .text.USBD_CDC_GetDeviceQualifierDescriptor
                0x00000000080048e0        0xc build/usbd_cdc.o
                0x00000000080048e0                USBD_CDC_GetDeviceQualifierDescriptor
 .text.USBD_CDC_DataOut
                0x00000000080048ec       0x2e build/usbd_cdc.o
 .text.USBD_CDC_DataIn
                0x000000000800491a       0x4e build/usbd_cdc.o
 .text.USBD_CDC_Setup
                0x0000000008004968       0xd6 build/usbd_cdc.o
 .text.USBD_CDC_DeInit
                0x0000000008004a3e       0x42 build/usbd_cdc.o
 .text.USBD_CDC_Init
                0x0000000008004a80       0xaa build/usbd_cdc.o
 .text.USBD_CDC_RegisterInterface
                0x0000000008004b2a        0xe build/usbd_cdc.o
                0x0000000008004b2a                USBD_CDC_RegisterInterface
 .text.USBD_CDC_SetTxBuffer
                0x0000000008004b38       0x10 build/usbd_cdc.o
                0x0000000008004b38                USBD_CDC_SetTxBuffer
 .text.USBD_CDC_SetRxBuffer
                0x0000000008004b48        0xc build/usbd_cdc.o
                0x0000000008004b48                USBD_CDC_SetRxBuffer
 .text.USBD_CDC_ReceivePacket
                0x0000000008004b54       0x30 build/usbd_cdc.o
                0x0000000008004b54                USBD_CDC_ReceivePacket
 .text.UART_EndRxTransfer
                0x0000000008004b84       0x32 build/stm32f1xx_hal_uart.o
 .text.UART_Transmit_IT
                0x0000000008004bb6       0x60 build/stm32f1xx_hal_uart.o
 *fill*         0x0000000008004c16        0x2 
 .text.UART_SetConfig
                0x0000000008004c18       0x94 build/stm32f1xx_hal_uart.o
 .text.UART_WaitOnFlagUntilTimeout
                0x0000000008004cac       0x6c build/stm32f1xx_hal_uart.o
 .text.HAL_UART_Init
                0x0000000008004d18       0x5e build/stm32f1xx_hal_uart.o
                0x0000000008004d18                HAL_UART_Init
 .text.HAL_UART_Transmit
                0x0000000008004d76       0xd8 build/stm32f1xx_hal_uart.o
                0x0000000008004d76                HAL_UART_Transmit
 .text.UART_EndTransmit_IT
                0x0000000008004e4e       0x1a build/stm32f1xx_hal_uart.o
 .text.HAL_UART_ErrorCallback
                0x0000000008004e68        0x2 build/stm32f1xx_hal_uart.o
                0x0000000008004e68                HAL_UART_ErrorCallback
 .text.UART_DMAAbortOnError
                0x0000000008004e6a       0x10 build/stm32f1xx_hal_uart.o
 .text.HAL_UARTEx_RxEventCallback
                0x0000000008004e7a        0x2 build/stm32f1xx_hal_uart.o
                0x0000000008004e7a                HAL_UARTEx_RxEventCallback
 .text.UART_Receive_IT
                0x0000000008004e7c       0xd4 build/stm32f1xx_hal_uart.o
 .text.HAL_UART_IRQHandler
                0x0000000008004f50      0x204 build/stm32f1xx_hal_uart.o
                0x0000000008004f50                HAL_UART_IRQHandler
 .text.UART_Start_Receive_IT
                0x0000000008005154       0x36 build/stm32f1xx_hal_uart.o
                0x0000000008005154                UART_Start_Receive_IT
 .text.HAL_UART_Receive_IT
                0x000000000800518a       0x38 build/stm32f1xx_hal_uart.o
                0x000000000800518a                HAL_UART_Receive_IT
 *fill*         0x00000000080051c2        0x2 
 .text.MX_GPIO_Init
                0x00000000080051c4       0xf8 build/gpio.o
                0x00000000080051c4                MX_GPIO_Init
 .text.HAL_TIM_Base_MspInit
                0x00000000080052bc       0x70 build/tim.o
                0x00000000080052bc                HAL_TIM_Base_MspInit
 .text.HAL_TIM_MspPostInit
                0x000000000800532c       0x8c build/tim.o
                0x000000000800532c                HAL_TIM_MspPostInit
 .text.MX_TIM3_Init
                0x00000000080053b8       0xbc build/tim.o
                0x00000000080053b8                MX_TIM3_Init
 .text.MX_TIM4_Init
                0x0000000008005474       0xb8 build/tim.o
                0x0000000008005474                MX_TIM4_Init
 .text.MX_USART1_UART_Init
                0x000000000800552c       0x34 build/usart.o
                0x000000000800552c                MX_USART1_UART_Init
 .text.HAL_UART_MspInit
                0x0000000008005560       0x98 build/usart.o
                0x0000000008005560                HAL_UART_MspInit
 .text.Reset_Handler
                0x00000000080055f8       0x48 build/startup_stm32f103xb.o
                0x00000000080055f8                Reset_Handler
 .text.Default_Handler
                0x0000000008005640        0x2 build/startup_stm32f103xb.o
                0x0000000008005640                RTC_Alarm_IRQHandler
                0x0000000008005640                EXTI2_IRQHandler
                0x0000000008005640                TIM1_CC_IRQHandler
                0x0000000008005640                PVD_IRQHandler
                0x0000000008005640                EXTI3_IRQHandler
                0x0000000008005640                EXTI0_IRQHandler
                0x0000000008005640                I2C2_EV_IRQHandler
                0x0000000008005640                ADC1_2_IRQHandler
                0x0000000008005640                SPI1_IRQHandler
                0x0000000008005640                TAMPER_IRQHandler
                0x0000000008005640                DMA1_Channel4_IRQHandler
                0x0000000008005640                USART3_IRQHandler
                0x0000000008005640                RTC_IRQHandler
                0x0000000008005640                DMA1_Channel7_IRQHandler
                0x0000000008005640                CAN1_RX1_IRQHandler
                0x0000000008005640                I2C1_EV_IRQHandler
                0x0000000008005640                DMA1_Channel6_IRQHandler
                0x0000000008005640                RCC_IRQHandler
                0x0000000008005640                TIM1_TRG_COM_IRQHandler
                0x0000000008005640                DMA1_Channel1_IRQHandler
                0x0000000008005640                Default_Handler
                0x0000000008005640                EXTI15_10_IRQHandler
                0x0000000008005640                EXTI9_5_IRQHandler
                0x0000000008005640                SPI2_IRQHandler
                0x0000000008005640                DMA1_Channel5_IRQHandler
                0x0000000008005640                EXTI4_IRQHandler
                0x0000000008005640                USB_HP_CAN1_TX_IRQHandler
                0x0000000008005640                DMA1_Channel3_IRQHandler
                0x0000000008005640                TIM1_UP_IRQHandler
                0x0000000008005640                WWDG_IRQHandler
                0x0000000008005640                TIM2_IRQHandler
                0x0000000008005640                TIM1_BRK_IRQHandler
                0x0000000008005640                EXTI1_IRQHandler
                0x0000000008005640                USART2_IRQHandler
                0x0000000008005640                I2C2_ER_IRQHandler
                0x0000000008005640                DMA1_Channel2_IRQHandler
                0x0000000008005640                CAN1_SCE_IRQHandler
                0x0000000008005640                FLASH_IRQHandler
                0x0000000008005640                I2C1_ER_IRQHandler
                0x0000000008005640                USBWakeUp_IRQHandler
 .text.atoi     0x0000000008005642        0x8 /home/mark/toolchains/gcc-arm-none-eabi-10.3-2021.10/bin/../lib/gcc/arm-none-eabi/10.3.1/../../../../arm-none-eabi/lib/thumb/v7-m/nofp/libc_nano.a(lib_a-atoi.o)
                0x0000000008005642                atoi
 *fill*         0x000000000800564a        0x2 
 .text.__libc_init_array
                0x000000000800564c       0x48 /home/mark/toolchains/gcc-arm-none-eabi-10.3-2021.10/bin/../lib/gcc/arm-none-eabi/10.3.1/../../../../arm-none-eabi/lib/thumb/v7-m/nofp/libc_nano.a(lib_a-init.o)
                0x000000000800564c                __libc_init_array
 .text.memcpy   0x0000000008005694       0x1c /home/mark/toolchains/gcc-arm-none-eabi-10.3-2021.10/bin/../lib/gcc/arm-none-eabi/10.3.1/../../../../arm-none-eabi/lib/thumb/v7-m/nofp/libc_nano.a(lib_a-memcpy-stub.o)
                0x0000000008005694                memcpy
 .text.memset   0x00000000080056b0       0x10 /home/mark/toolchains/gcc-arm-none-eabi-10.3-2021.10/bin/../lib/gcc/arm-none-eabi/10.3.1/../../../../arm-none-eabi/lib/thumb/v7-m/nofp/libc_nano.a(lib_a-memset.o)
                0x00000000080056b0                memset
 .text.strcpy   0x00000000080056c0       0x10 /home/mark/toolchains/gcc-arm-none-eabi-10.3-2021.10/bin/../lib/gcc/arm-none-eabi/10.3.1/../../../../arm-none-eabi/lib/thumb/v7-m/nofp/libc_nano.a(lib_a-strcpy.o)
                0x00000000080056c0                strcpy
 .text.strtok   0x00000000080056d0       0x68 /home/mark/toolchains/gcc-arm-none-eabi-10.3-2021.10/bin/../lib/gcc/arm-none-eabi/10.3.1/../../../../arm-none-eabi/lib/thumb/v7-m/nofp/libc_nano.a(lib_a-strtok.o)
                0x00000000080056d0                strtok
 .text.__strtok_r
                0x0000000008005738       0x50 /home/mark/toolchains/gcc-arm-none-eabi-10.3-2021.10/bin/../lib/gcc/arm-none-eabi/10.3.1/../../../../arm-none-eabi/lib/thumb/v7-m/nofp/libc_nano.a(lib_a-strtok_r.o)
                0x0000000008005738                __strtok_r
 .text._strtol_l.constprop.0
                0x0000000008005788       0xf8 /home/mark/toolchains/gcc-arm-none-eabi-10.3-2021.10/bin/../lib/gcc/arm-none-eabi/10.3.1/../../../../arm-none-eabi/lib/thumb/v7-m/nofp/libc_nano.a(lib_a-strtol.o)
 .text.strtol   0x0000000008005880       0x14 /home/mark/toolchains/gcc-arm-none-eabi-10.3-2021.10/bin/../lib/gcc/arm-none-eabi/10.3.1/../../../../arm-none-eabi/lib/thumb/v7-m/nofp/libc_nano.a(lib_a-strtol.o)
                0x0000000008005880                strtol
 .text.__assert_func
                0x0000000008005894       0x3c /home/mark/toolchains/gcc-arm-none-eabi-10.3-2021.10/bin/../lib/gcc/arm-none-eabi/10.3.1/../../../../arm-none-eabi/lib/thumb/v7-m/nofp/libc_nano.a(lib_a-assert.o)
                0x0000000008005894                __assert_func
 .text.__errno  0x00000000080058d0        0xc /home/mark/toolchains/gcc-arm-none-eabi-10.3-2021.10/bin/../lib/gcc/arm-none-eabi/10.3.1/../../../../arm-none-eabi/lib/thumb/v7-m/nofp/libc_nano.a(lib_a-errno.o)
                0x00000000080058d0                __errno
 .text.fprintf  0x00000000080058dc       0x24 /home/mark/toolchains/gcc-arm-none-eabi-10.3-2021.10/bin/../lib/gcc/arm-none-eabi/10.3.1/../../../../arm-none-eabi/lib/thumb/v7-m/nofp/libc_nano.a(lib_a-fprintf.o)
                0x00000000080058dc                fprintf
                0x00000000080058dc                fiprintf
 .text.malloc   0x0000000008005900       0x10 /home/mark/toolchains/gcc-arm-none-eabi-10.3-2021.10/bin/../lib/gcc/arm-none-eabi/10.3.1/../../../../arm-none-eabi/lib/thumb/v7-m/nofp/libc_nano.a(lib_a-malloc.o)
                0x0000000008005900                malloc
 .text._free_r  0x0000000008005910       0x90 /home/mark/toolchains/gcc-arm-none-eabi-10.3-2021.10/bin/../lib/gcc/arm-none-eabi/10.3.1/../../../../arm-none-eabi/lib/thumb/v7-m/nofp/libc_nano.a(lib_a-nano-freer.o)
                0x0000000008005910                _free_r
 .text.sbrk_aligned
                0x00000000080059a0       0x40 /home/mark/toolchains/gcc-arm-none-eabi-10.3-2021.10/bin/../lib/gcc/arm-none-eabi/10.3.1/../../../../arm-none-eabi/lib/thumb/v7-m/nofp/libc_nano.a(lib_a-nano-mallocr.o)
 .text._malloc_r
                0x00000000080059e0       0xe8 /home/mark/toolchains/gcc-arm-none-eabi-10.3-2021.10/bin/../lib/gcc/arm-none-eabi/10.3.1/../../../../arm-none-eabi/lib/thumb/v7-m/nofp/libc_nano.a(lib_a-nano-mallocr.o)
                0x00000000080059e0                _malloc_r
 .text.__sfputc_r
                0x0000000008005ac8       0x2a /home/mark/toolchains/gcc-arm-none-eabi-10.3-2021.10/bin/../lib/gcc/arm-none-eabi/10.3.1/../../../../arm-none-eabi/lib/thumb/v7-m/nofp/libc_nano.a(lib_a-nano-vfprintf.o)
 .text.__sfputs_r
                0x0000000008005af2       0x24 /home/mark/toolchains/gcc-arm-none-eabi-10.3-2021.10/bin/../lib/gcc/arm-none-eabi/10.3.1/../../../../arm-none-eabi/lib/thumb/v7-m/nofp/libc_nano.a(lib_a-nano-vfprintf.o)
                0x0000000008005af2                __sfputs_r
 *fill*         0x0000000008005b16        0x2 
 .text._vfprintf_r
                0x0000000008005b18      0x260 /home/mark/toolchains/gcc-arm-none-eabi-10.3-2021.10/bin/../lib/gcc/arm-none-eabi/10.3.1/../../../../arm-none-eabi/lib/thumb/v7-m/nofp/libc_nano.a(lib_a-nano-vfprintf.o)
                0x0000000008005b18                _vfiprintf_r
                0x0000000008005b18                _vfprintf_r
 .text._printf_common
                0x0000000008005d78       0xde /home/mark/toolchains/gcc-arm-none-eabi-10.3-2021.10/bin/../lib/gcc/arm-none-eabi/10.3.1/../../../../arm-none-eabi/lib/thumb/v7-m/nofp/libc_nano.a(lib_a-nano-vfprintf_i.o)
                0x0000000008005d78                _printf_common
 *fill*         0x0000000008005e56        0x2 
 .text._printf_i
                0x0000000008005e58      0x24c /home/mark/toolchains/gcc-arm-none-eabi-10.3-2021.10/bin/../lib/gcc/arm-none-eabi/10.3.1/../../../../arm-none-eabi/lib/thumb/v7-m/nofp/libc_nano.a(lib_a-nano-vfprintf_i.o)
                0x0000000008005e58                _printf_i
 .text._sbrk_r  0x00000000080060a4       0x20 /home/mark/toolchains/gcc-arm-none-eabi-10.3-2021.10/bin/../lib/gcc/arm-none-eabi/10.3.1/../../../../arm-none-eabi/lib/thumb/v7-m/nofp/libc_nano.a(lib_a-sbrkr.o)
                0x00000000080060a4                _sbrk_r
 .text.__swbuf_r
                0x00000000080060c4       0xa4 /home/mark/toolchains/gcc-arm-none-eabi-10.3-2021.10/bin/../lib/gcc/arm-none-eabi/10.3.1/../../../../arm-none-eabi/lib/thumb/v7-m/nofp/libc_nano.a(lib_a-wbuf.o)
                0x00000000080060c4                __swbuf_r
 .text.__swsetup_r
                0x0000000008006168       0xdc /home/mark/toolchains/gcc-arm-none-eabi-10.3-2021.10/bin/../lib/gcc/arm-none-eabi/10.3.1/../../../../arm-none-eabi/lib/thumb/v7-m/nofp/libc_nano.a(lib_a-wsetup.o)
                0x0000000008006168                __swsetup_r
 .text.abort    0x0000000008006244        0xe /home/mark/toolchains/gcc-arm-none-eabi-10.3-2021.10/bin/../lib/gcc/arm-none-eabi/10.3.1/../../../../arm-none-eabi/lib/thumb/v7-m/nofp/libc_nano.a(lib_a-abort.o)
                0x0000000008006244                abort
 *fill*         0x0000000008006252        0x2 
 .text.__sflush_r
                0x0000000008006254      0x104 /home/mark/toolchains/gcc-arm-none-eabi-10.3-2021.10/bin/../lib/gcc/arm-none-eabi/10.3.1/../../../../arm-none-eabi/lib/thumb/v7-m/nofp/libc_nano.a(lib_a-fflush.o)
                0x0000000008006254                __sflush_r
 .text._fflush_r
                0x0000000008006358       0x78 /home/mark/toolchains/gcc-arm-none-eabi-10.3-2021.10/bin/../lib/gcc/arm-none-eabi/10.3.1/../../../../arm-none-eabi/lib/thumb/v7-m/nofp/libc_nano.a(lib_a-fflush.o)
                0x0000000008006358                _fflush_r
 .text.std      0x00000000080063d0       0x48 /home/mark/toolchains/gcc-arm-none-eabi-10.3-2021.10/bin/../lib/gcc/arm-none-eabi/10.3.1/../../../../arm-none-eabi/lib/thumb/v7-m/nofp/libc_nano.a(lib_a-findfp.o)
 .text._cleanup_r
                0x0000000008006418        0xc /home/mark/toolchains/gcc-arm-none-eabi-10.3-2021.10/bin/../lib/gcc/arm-none-eabi/10.3.1/../../../../arm-none-eabi/lib/thumb/v7-m/nofp/libc_nano.a(lib_a-findfp.o)
                0x0000000008006418                _cleanup_r
 .text.__sfmoreglue
                0x0000000008006424       0x2c /home/mark/toolchains/gcc-arm-none-eabi-10.3-2021.10/bin/../lib/gcc/arm-none-eabi/10.3.1/../../../../arm-none-eabi/lib/thumb/v7-m/nofp/libc_nano.a(lib_a-findfp.o)
                0x0000000008006424                __sfmoreglue
 .text.__sfp_lock_acquire
                0x0000000008006450        0xc /home/mark/toolchains/gcc-arm-none-eabi-10.3-2021.10/bin/../lib/gcc/arm-none-eabi/10.3.1/../../../../arm-none-eabi/lib/thumb/v7-m/nofp/libc_nano.a(lib_a-findfp.o)
                0x0000000008006450                __sfp_lock_acquire
 .text.__sfp_lock_release
                0x000000000800645c        0xc /home/mark/toolchains/gcc-arm-none-eabi-10.3-2021.10/bin/../lib/gcc/arm-none-eabi/10.3.1/../../../../arm-none-eabi/lib/thumb/v7-m/nofp/libc_nano.a(lib_a-findfp.o)
                0x000000000800645c                __sfp_lock_release
 .text.__sinit_lock_acquire
                0x0000000008006468        0xc /home/mark/toolchains/gcc-arm-none-eabi-10.3-2021.10/bin/../lib/gcc/arm-none-eabi/10.3.1/../../../../arm-none-eabi/lib/thumb/v7-m/nofp/libc_nano.a(lib_a-findfp.o)
                0x0000000008006468                __sinit_lock_acquire
 .text.__sinit_lock_release
                0x0000000008006474        0xc /home/mark/toolchains/gcc-arm-none-eabi-10.3-2021.10/bin/../lib/gcc/arm-none-eabi/10.3.1/../../../../arm-none-eabi/lib/thumb/v7-m/nofp/libc_nano.a(lib_a-findfp.o)
                0x0000000008006474                __sinit_lock_release
 .text.__sinit  0x0000000008006480       0x70 /home/mark/toolchains/gcc-arm-none-eabi-10.3-2021.10/bin/../lib/gcc/arm-none-eabi/10.3.1/../../../../arm-none-eabi/lib/thumb/v7-m/nofp/libc_nano.a(lib_a-findfp.o)
                0x0000000008006480                __sinit
 .text.__sfp    0x00000000080064f0       0x8c /home/mark/toolchains/gcc-arm-none-eabi-10.3-2021.10/bin/../lib/gcc/arm-none-eabi/10.3.1/../../../../arm-none-eabi/lib/thumb/v7-m/nofp/libc_nano.a(lib_a-findfp.o)
                0x00000000080064f0                __sfp
 .text._fwalk_reent
                0x000000000800657c       0x3e /home/mark/toolchains/gcc-arm-none-eabi-10.3-2021.10/bin/../lib/gcc/arm-none-eabi/10.3.1/../../../../arm-none-eabi/lib/thumb/v7-m/nofp/libc_nano.a(lib_a-fwalk.o)
                0x000000000800657c                _fwalk_reent
 .text.__retarget_lock_init_recursive
                0x00000000080065ba        0x2 /home/mark/toolchains/gcc-arm-none-eabi-10.3-2021.10/bin/../lib/gcc/arm-none-eabi/10.3.1/../../../../arm-none-eabi/lib/thumb/v7-m/nofp/libc_nano.a(lib_a-lock.o)
                0x00000000080065ba                __retarget_lock_init_recursive
 .text.__retarget_lock_acquire_recursive
                0x00000000080065bc        0x2 /home/mark/toolchains/gcc-arm-none-eabi-10.3-2021.10/bin/../lib/gcc/arm-none-eabi/10.3.1/../../../../arm-none-eabi/lib/thumb/v7-m/nofp/libc_nano.a(lib_a-lock.o)
                0x00000000080065bc                __retarget_lock_acquire_recursive
 .text.__retarget_lock_release_recursive
                0x00000000080065be        0x2 /home/mark/toolchains/gcc-arm-none-eabi-10.3-2021.10/bin/../lib/gcc/arm-none-eabi/10.3.1/../../../../arm-none-eabi/lib/thumb/v7-m/nofp/libc_nano.a(lib_a-lock.o)
                0x00000000080065be                __retarget_lock_release_recursive
 .text.__swhatbuf_r
                0x00000000080065c0       0x4a /home/mark/toolchains/gcc-arm-none-eabi-10.3-2021.10/bin/../lib/gcc/arm-none-eabi/10.3.1/../../../../arm-none-eabi/lib/thumb/v7-m/nofp/libc_nano.a(lib_a-makebuf.o)
                0x00000000080065c0                __swhatbuf_r
 *fill*         0x000000000800660a        0x2 
 .text.__smakebuf_r
                0x000000000800660c       0x80 /home/mark/toolchains/gcc-arm-none-eabi-10.3-2021.10/bin/../lib/gcc/arm-none-eabi/10.3.1/../../../../arm-none-eabi/lib/thumb/v7-m/nofp/libc_nano.a(lib_a-makebuf.o)
                0x000000000800660c                __smakebuf_r
 .text.memchr   0x000000000800668c       0x1c /home/mark/toolchains/gcc-arm-none-eabi-10.3-2021.10/bin/../lib/gcc/arm-none-eabi/10.3.1/../../../../arm-none-eabi/lib/thumb/v7-m/nofp/libc_nano.a(lib_a-memchr-stub.o)
                0x000000000800668c                memchr
 .text.__malloc_lock
                0x00000000080066a8        0xc /home/mark/toolchains/gcc-arm-none-eabi-10.3-2021.10/bin/../lib/gcc/arm-none-eabi/10.3.1/../../../../arm-none-eabi/lib/thumb/v7-m/nofp/libc_nano.a(lib_a-mlock.o)
                0x00000000080066a8                __malloc_lock
 .text.__malloc_unlock
                0x00000000080066b4        0xc /home/mark/toolchains/gcc-arm-none-eabi-10.3-2021.10/bin/../lib/gcc/arm-none-eabi/10.3.1/../../../../arm-none-eabi/lib/thumb/v7-m/nofp/libc_nano.a(lib_a-mlock.o)
                0x00000000080066b4                __malloc_unlock
 .text._raise_r
                0x00000000080066c0       0x50 /home/mark/toolchains/gcc-arm-none-eabi-10.3-2021.10/bin/../lib/gcc/arm-none-eabi/10.3.1/../../../../arm-none-eabi/lib/thumb/v7-m/nofp/libc_nano.a(lib_a-signal.o)
                0x00000000080066c0                _raise_r
 .text.raise    0x0000000008006710       0x10 /home/mark/toolchains/gcc-arm-none-eabi-10.3-2021.10/bin/../lib/gcc/arm-none-eabi/10.3.1/../../../../arm-none-eabi/lib/thumb/v7-m/nofp/libc_nano.a(lib_a-signal.o)
                0x0000000008006710                raise
 .text._kill_r  0x0000000008006720       0x24 /home/mark/toolchains/gcc-arm-none-eabi-10.3-2021.10/bin/../lib/gcc/arm-none-eabi/10.3.1/../../../../arm-none-eabi/lib/thumb/v7-m/nofp/libc_nano.a(lib_a-signalr.o)
                0x0000000008006720                _kill_r
 .text._getpid_r
                0x0000000008006744        0x4 /home/mark/toolchains/gcc-arm-none-eabi-10.3-2021.10/bin/../lib/gcc/arm-none-eabi/10.3.1/../../../../arm-none-eabi/lib/thumb/v7-m/nofp/libc_nano.a(lib_a-signalr.o)
                0x0000000008006744                _getpid_r
 .text.__sread  0x0000000008006748       0x22 /home/mark/toolchains/gcc-arm-none-eabi-10.3-2021.10/bin/../lib/gcc/arm-none-eabi/10.3.1/../../../../arm-none-eabi/lib/thumb/v7-m/nofp/libc_nano.a(lib_a-stdio.o)
                0x0000000008006748                __sread
 .text.__swrite
                0x000000000800676a       0x38 /home/mark/toolchains/gcc-arm-none-eabi-10.3-2021.10/bin/../lib/gcc/arm-none-eabi/10.3.1/../../../../arm-none-eabi/lib/thumb/v7-m/nofp/libc_nano.a(lib_a-stdio.o)
                0x000000000800676a                __swrite
 .text.__sseek  0x00000000080067a2       0x24 /home/mark/toolchains/gcc-arm-none-eabi-10.3-2021.10/bin/../lib/gcc/arm-none-eabi/10.3.1/../../../../arm-none-eabi/lib/thumb/v7-m/nofp/libc_nano.a(lib_a-stdio.o)
                0x00000000080067a2                __sseek
 .text.__sclose
                0x00000000080067c6        0x8 /home/mark/toolchains/gcc-arm-none-eabi-10.3-2021.10/bin/../lib/gcc/arm-none-eabi/10.3.1/../../../../arm-none-eabi/lib/thumb/v7-m/nofp/libc_nano.a(lib_a-stdio.o)
                0x00000000080067c6                __sclose
 *fill*         0x00000000080067ce        0x2 
 .text._write_r
                0x00000000080067d0       0x24 /home/mark/toolchains/gcc-arm-none-eabi-10.3-2021.10/bin/../lib/gcc/arm-none-eabi/10.3.1/../../../../arm-none-eabi/lib/thumb/v7-m/nofp/libc_nano.a(lib_a-writer.o)
                0x00000000080067d0                _write_r
 .text._close_r
                0x00000000080067f4       0x20 /home/mark/toolchains/gcc-arm-none-eabi-10.3-2021.10/bin/../lib/gcc/arm-none-eabi/10.3.1/../../../../arm-none-eabi/lib/thumb/v7-m/nofp/libc_nano.a(lib_a-closer.o)
                0x00000000080067f4                _close_r
 .text._fstat_r
                0x0000000008006814       0x24 /home/mark/toolchains/gcc-arm-none-eabi-10.3-2021.10/bin/../lib/gcc/arm-none-eabi/10.3.1/../../../../arm-none-eabi/lib/thumb/v7-m/nofp/libc_nano.a(lib_a-fstatr.o)
                0x0000000008006814                _fstat_r
 .text._isatty_r
                0x0000000008006838       0x20 /home/mark/toolchains/gcc-arm-none-eabi-10.3-2021.10/bin/../lib/gcc/arm-none-eabi/10.3.1/../../../../arm-none-eabi/lib/thumb/v7-m/nofp/libc_nano.a(lib_a-isattyr.o)
                0x0000000008006838                _isatty_r
 .text._lseek_r
                0x0000000008006858       0x24 /home/mark/toolchains/gcc-arm-none-eabi-10.3-2021.10/bin/../lib/gcc/arm-none-eabi/10.3.1/../../../../arm-none-eabi/lib/thumb/v7-m/nofp/libc_nano.a(lib_a-lseekr.o)
                0x0000000008006858                _lseek_r
 .text._read_r  0x000000000800687c       0x24 /home/mark/toolchains/gcc-arm-none-eabi-10.3-2021.10/bin/../lib/gcc/arm-none-eabi/10.3.1/../../../../arm-none-eabi/lib/thumb/v7-m/nofp/libc_nano.a(lib_a-readr.o)
                0x000000000800687c                _read_r
 .text._close   0x00000000080068a0       0x10 /home/mark/toolchains/gcc-arm-none-eabi-10.3-2021.10/bin/../lib/gcc/arm-none-eabi/10.3.1/../../../../arm-none-eabi/lib/thumb/v7-m/nofp/libnosys.a(close.o)
                0x00000000080068a0                _close
 .text._fstat   0x00000000080068b0       0x10 /home/mark/toolchains/gcc-arm-none-eabi-10.3-2021.10/bin/../lib/gcc/arm-none-eabi/10.3.1/../../../../arm-none-eabi/lib/thumb/v7-m/nofp/libnosys.a(fstat.o)
                0x00000000080068b0                _fstat
 .text._getpid  0x00000000080068c0       0x10 /home/mark/toolchains/gcc-arm-none-eabi-10.3-2021.10/bin/../lib/gcc/arm-none-eabi/10.3.1/../../../../arm-none-eabi/lib/thumb/v7-m/nofp/libnosys.a(getpid.o)
                0x00000000080068c0                _getpid
 .text._isatty  0x00000000080068d0       0x10 /home/mark/toolchains/gcc-arm-none-eabi-10.3-2021.10/bin/../lib/gcc/arm-none-eabi/10.3.1/../../../../arm-none-eabi/lib/thumb/v7-m/nofp/libnosys.a(isatty.o)
                0x00000000080068d0                _isatty
 .text._kill    0x00000000080068e0       0x10 /home/mark/toolchains/gcc-arm-none-eabi-10.3-2021.10/bin/../lib/gcc/arm-none-eabi/10.3.1/../../../../arm-none-eabi/lib/thumb/v7-m/nofp/libnosys.a(kill.o)
                0x00000000080068e0                _kill
 .text._lseek   0x00000000080068f0       0x10 /home/mark/toolchains/gcc-arm-none-eabi-10.3-2021.10/bin/../lib/gcc/arm-none-eabi/10.3.1/../../../../arm-none-eabi/lib/thumb/v7-m/nofp/libnosys.a(lseek.o)
                0x00000000080068f0                _lseek
 .text._read    0x0000000008006900       0x10 /home/mark/toolchains/gcc-arm-none-eabi-10.3-2021.10/bin/../lib/gcc/arm-none-eabi/10.3.1/../../../../arm-none-eabi/lib/thumb/v7-m/nofp/libnosys.a(read.o)
                0x0000000008006900                _read
 .text._sbrk    0x0000000008006910       0x1c /home/mark/toolchains/gcc-arm-none-eabi-10.3-2021.10/bin/../lib/gcc/arm-none-eabi/10.3.1/../../../../arm-none-eabi/lib/thumb/v7-m/nofp/libnosys.a(sbrk.o)
                0x0000000008006910                _sbrk
 .text._write   0x000000000800692c       0x10 /home/mark/toolchains/gcc-arm-none-eabi-10.3-2021.10/bin/../lib/gcc/arm-none-eabi/10.3.1/../../../../arm-none-eabi/lib/thumb/v7-m/nofp/libnosys.a(write.o)
                0x000000000800692c                _write
 .text._exit    0x000000000800693c        0x4 /home/mark/toolchains/gcc-arm-none-eabi-10.3-2021.10/bin/../lib/gcc/arm-none-eabi/10.3.1/../../../../arm-none-eabi/lib/thumb/v7-m/nofp/libnosys.a(_exit.o)
                0x000000000800693c                _exit
 *(.glue_7)
 .glue_7        0x0000000008006940        0x0 linker stubs
 *(.glue_7t)
 .glue_7t       0x0000000008006940        0x0 linker stubs
 *(.eh_frame)
 .eh_frame      0x0000000008006940        0x0 /home/mark/toolchains/gcc-arm-none-eabi-10.3-2021.10/bin/../lib/gcc/arm-none-eabi/10.3.1/thumb/v7-m/nofp/crtbegin.o
 *(.init)
 .init          0x0000000008006940        0x4 /home/mark/toolchains/gcc-arm-none-eabi-10.3-2021.10/bin/../lib/gcc/arm-none-eabi/10.3.1/thumb/v7-m/nofp/crti.o
                0x0000000008006940                _init
 .init          0x0000000008006944        0x8 /home/mark/toolchains/gcc-arm-none-eabi-10.3-2021.10/bin/../lib/gcc/arm-none-eabi/10.3.1/thumb/v7-m/nofp/crtn.o
 *(.fini)
 .fini          0x000000000800694c        0x4 /home/mark/toolchains/gcc-arm-none-eabi-10.3-2021.10/bin/../lib/gcc/arm-none-eabi/10.3.1/thumb/v7-m/nofp/crti.o
                0x000000000800694c                _fini
 .fini          0x0000000008006950        0x8 /home/mark/toolchains/gcc-arm-none-eabi-10.3-2021.10/bin/../lib/gcc/arm-none-eabi/10.3.1/thumb/v7-m/nofp/crtn.o
                0x0000000008006958                . = ALIGN (0x4)
                0x0000000008006958                _etext = .

.vfp11_veneer   0x0000000008006958        0x0
 .vfp11_veneer  0x0000000008006958        0x0 linker stubs

.v4_bx          0x0000000008006958        0x0
 .v4_bx         0x0000000008006958        0x0 linker stubs

.iplt           0x0000000008006958        0x0
 .iplt          0x0000000008006958        0x0 /home/mark/toolchains/gcc-arm-none-eabi-10.3-2021.10/bin/../lib/gcc/arm-none-eabi/10.3.1/thumb/v7-m/nofp/crtbegin.o

.rodata         0x0000000008006958      0x32c
                0x0000000008006958                . = ALIGN (0x4)
 *(.rodata)
 *(.rodata*)
 .rodata.app.str1.4
                0x0000000008006958       0x18 build/app.o
 .rodata.uart_str_RxCPLTCallback.str1.4
                0x0000000008006970       0x32 build/app.o
 *fill*         0x00000000080069a2        0x2 
 .rodata.USBD_FS_ProductStrDescriptor.str1.4
                0x00000000080069a4       0x16 build/usbd_desc.o
 *fill*         0x00000000080069ba        0x2 
 .rodata.USBD_FS_ManufacturerStrDescriptor.str1.4
                0x00000000080069bc       0x13 build/usbd_desc.o
 *fill*         0x00000000080069cf        0x1 
 .rodata.USBD_FS_ConfigStrDescriptor.str1.4
                0x00000000080069d0        0xb build/usbd_desc.o
 *fill*         0x00000000080069db        0x1 
 .rodata.USBD_FS_InterfaceStrDescriptor.str1.4
                0x00000000080069dc        0xe build/usbd_desc.o
 *fill*         0x00000000080069ea        0x2 
 .rodata.HAL_RCC_GetSysClockFreq.str1.4
                0x00000000080069ec       0x11 build/stm32f1xx_hal_rcc.o
 *fill*         0x00000000080069fd        0x3 
 .rodata.AHBPrescTable
                0x0000000008006a00       0x10 build/system_stm32f1xx.o
                0x0000000008006a00                AHBPrescTable
 .rodata.APBPrescTable
                0x0000000008006a10        0x8 build/system_stm32f1xx.o
                0x0000000008006a10                APBPrescTable
 .rodata._global_impure_ptr
                0x0000000008006a18        0x4 /home/mark/toolchains/gcc-arm-none-eabi-10.3-2021.10/bin/../lib/gcc/arm-none-eabi/10.3.1/../../../../arm-none-eabi/lib/thumb/v7-m/nofp/libc_nano.a(lib_a-impure.o)
                0x0000000008006a18                _global_impure_ptr
 .rodata.strtok.str1.1
                0x0000000008006a1c       0x97 /home/mark/toolchains/gcc-arm-none-eabi-10.3-2021.10/bin/../lib/gcc/arm-none-eabi/10.3.1/../../../../arm-none-eabi/lib/thumb/v7-m/nofp/libc_nano.a(lib_a-strtok.o)
 .rodata.__assert_func.str1.1
                0x0000000008006ab3       0x3c /home/mark/toolchains/gcc-arm-none-eabi-10.3-2021.10/bin/../lib/gcc/arm-none-eabi/10.3.1/../../../../arm-none-eabi/lib/thumb/v7-m/nofp/libc_nano.a(lib_a-assert.o)
                                         0x3d (size before relaxing)
 .rodata._ctype_
                0x0000000008006aef      0x101 /home/mark/toolchains/gcc-arm-none-eabi-10.3-2021.10/bin/../lib/gcc/arm-none-eabi/10.3.1/../../../../arm-none-eabi/lib/thumb/v7-m/nofp/libc_nano.a(lib_a-ctype_.o)
                0x0000000008006aef                _ctype_
 .rodata._vfprintf_r.str1.1
                0x0000000008006bf0       0x11 /home/mark/toolchains/gcc-arm-none-eabi-10.3-2021.10/bin/../lib/gcc/arm-none-eabi/10.3.1/../../../../arm-none-eabi/lib/thumb/v7-m/nofp/libc_nano.a(lib_a-nano-vfprintf.o)
 .rodata._printf_i.str1.1
                0x0000000008006c01       0x22 /home/mark/toolchains/gcc-arm-none-eabi-10.3-2021.10/bin/../lib/gcc/arm-none-eabi/10.3.1/../../../../arm-none-eabi/lib/thumb/v7-m/nofp/libc_nano.a(lib_a-nano-vfprintf_i.o)
 *fill*         0x0000000008006c23        0x1 
 .rodata.__sf_fake_stderr
                0x0000000008006c24       0x20 /home/mark/toolchains/gcc-arm-none-eabi-10.3-2021.10/bin/../lib/gcc/arm-none-eabi/10.3.1/../../../../arm-none-eabi/lib/thumb/v7-m/nofp/libc_nano.a(lib_a-findfp.o)
                0x0000000008006c24                __sf_fake_stderr
 .rodata.__sf_fake_stdin
                0x0000000008006c44       0x20 /home/mark/toolchains/gcc-arm-none-eabi-10.3-2021.10/bin/../lib/gcc/arm-none-eabi/10.3.1/../../../../arm-none-eabi/lib/thumb/v7-m/nofp/libc_nano.a(lib_a-findfp.o)
                0x0000000008006c44                __sf_fake_stdin
 .rodata.__sf_fake_stdout
                0x0000000008006c64       0x20 /home/mark/toolchains/gcc-arm-none-eabi-10.3-2021.10/bin/../lib/gcc/arm-none-eabi/10.3.1/../../../../arm-none-eabi/lib/thumb/v7-m/nofp/libc_nano.a(lib_a-findfp.o)
                0x0000000008006c64                __sf_fake_stdout
                0x0000000008006c84                . = ALIGN (0x4)

.rel.dyn        0x0000000008006c84        0x0
 .rel.iplt      0x0000000008006c84        0x0 /home/mark/toolchains/gcc-arm-none-eabi-10.3-2021.10/bin/../lib/gcc/arm-none-eabi/10.3.1/thumb/v7-m/nofp/crtbegin.o

.ARM.extab
 *(.ARM.extab* .gnu.linkonce.armextab.*)

.ARM            0x0000000008006c84        0x0
                0x0000000008006c84                __exidx_start = .
 *(.ARM.exidx*)
                0x0000000008006c84                __exidx_end = .

.preinit_array  0x0000000008006c84        0x0
                0x0000000008006c84                PROVIDE (__preinit_array_start = .)
 *(.preinit_array*)
                0x0000000008006c84                PROVIDE (__preinit_array_end = .)

.init_array     0x0000000008006c84        0x4
                0x0000000008006c84                PROVIDE (__init_array_start = .)
 *(SORT_BY_NAME(.init_array.*))
 *(.init_array*)
 .init_array    0x0000000008006c84        0x4 /home/mark/toolchains/gcc-arm-none-eabi-10.3-2021.10/bin/../lib/gcc/arm-none-eabi/10.3.1/thumb/v7-m/nofp/crtbegin.o
                0x0000000008006c88                PROVIDE (__init_array_end = .)

.fini_array     0x0000000008006c88        0x4
                [!provide]                        PROVIDE (__fini_array_start = .)
 *(SORT_BY_NAME(.fini_array.*))
 *(.fini_array*)
 .fini_array    0x0000000008006c88        0x4 /home/mark/toolchains/gcc-arm-none-eabi-10.3-2021.10/bin/../lib/gcc/arm-none-eabi/10.3.1/thumb/v7-m/nofp/crtbegin.o
                [!provide]                        PROVIDE (__fini_array_end = .)
                0x0000000008006c8c                _sidata = LOADADDR (.data)

.data           0x0000000020000000      0x1e0 load address 0x0000000008006c8c
                0x0000000020000000                . = ALIGN (0x4)
                0x0000000020000000                _sdata = .
 *(.data)
 *(.data*)
 .data.FS_Desc  0x0000000020000000       0x1c build/usbd_desc.o
                0x0000000020000000                FS_Desc
 .data.USBD_FS_DeviceDesc
                0x000000002000001c       0x12 build/usbd_desc.o
                0x000000002000001c                USBD_FS_DeviceDesc
 *fill*         0x000000002000002e        0x2 
 .data.USBD_LangIDDesc
                0x0000000020000030        0x4 build/usbd_desc.o
                0x0000000020000030                USBD_LangIDDesc
 .data.USBD_StringSerial
                0x0000000020000034       0x1a build/usbd_desc.o
                0x0000000020000034                USBD_StringSerial
 *fill*         0x000000002000004e        0x2 
 .data.USBD_Interface_fops_FS
                0x0000000020000050       0x10 build/usbd_cdc_if.o
                0x0000000020000050                USBD_Interface_fops_FS
 .data.uwTickFreq
                0x0000000020000060        0x1 build/stm32f1xx_hal.o
                0x0000000020000060                uwTickFreq
 *fill*         0x0000000020000061        0x3 
 .data.uwTickPrio
                0x0000000020000064        0x4 build/stm32f1xx_hal.o
                0x0000000020000064                uwTickPrio
 .data.SystemCoreClock
                0x0000000020000068        0x4 build/system_stm32f1xx.o
                0x0000000020000068                SystemCoreClock
 .data.USBD_CDC
                0x000000002000006c       0x38 build/usbd_cdc.o
                0x000000002000006c                USBD_CDC
 .data.USBD_CDC_CfgFSDesc
                0x00000000200000a4       0x43 build/usbd_cdc.o
                0x00000000200000a4                USBD_CDC_CfgFSDesc
 *fill*         0x00000000200000e7        0x1 
 .data.USBD_CDC_CfgHSDesc
                0x00000000200000e8       0x43 build/usbd_cdc.o
                0x00000000200000e8                USBD_CDC_CfgHSDesc
 *fill*         0x000000002000012b        0x1 
 .data.USBD_CDC_DeviceQualifierDesc
                0x000000002000012c        0xa build/usbd_cdc.o
 *fill*         0x0000000020000136        0x2 
 .data.USBD_CDC_OtherSpeedCfgDesc
                0x0000000020000138       0x43 build/usbd_cdc.o
                0x0000000020000138                USBD_CDC_OtherSpeedCfgDesc
 *fill*         0x000000002000017b        0x1 
 .data._impure_ptr
                0x000000002000017c        0x4 /home/mark/toolchains/gcc-arm-none-eabi-10.3-2021.10/bin/../lib/gcc/arm-none-eabi/10.3.1/../../../../arm-none-eabi/lib/thumb/v7-m/nofp/libc_nano.a(lib_a-impure.o)
                0x000000002000017c                _impure_ptr
 .data.impure_data
                0x0000000020000180       0x60 /home/mark/toolchains/gcc-arm-none-eabi-10.3-2021.10/bin/../lib/gcc/arm-none-eabi/10.3.1/../../../../arm-none-eabi/lib/thumb/v7-m/nofp/libc_nano.a(lib_a-impure.o)
                0x00000000200001e0                . = ALIGN (0x4)
                0x00000000200001e0                _edata = .

.igot.plt       0x00000000200001e0        0x0 load address 0x0000000008006e6c
 .igot.plt      0x00000000200001e0        0x0 /home/mark/toolchains/gcc-arm-none-eabi-10.3-2021.10/bin/../lib/gcc/arm-none-eabi/10.3.1/thumb/v7-m/nofp/crtbegin.o
                0x00000000200001e0                . = ALIGN (0x4)

.bss            0x00000000200001e0     0x135c load address 0x0000000008006e6c
                0x00000000200001e0                _sbss = .
                0x00000000200001e0                __bss_start__ = _sbss
 *(.bss)
 .bss           0x00000000200001e0       0x1c /home/mark/toolchains/gcc-arm-none-eabi-10.3-2021.10/bin/../lib/gcc/arm-none-eabi/10.3.1/thumb/v7-m/nofp/crtbegin.o
 *(.bss*)
 .bss.Rx_buff   0x00000000200001fc       0x20 build/uart_app.o
 .bss.Rx_ptr    0x000000002000021c        0x4 build/uart_app.o
 .bss.Rx_state  0x0000000020000220        0x1 build/uart_app.o
 *fill*         0x0000000020000221        0x3 
 .bss.Rx_str_return_ptr
                0x0000000020000224        0x4 build/uart_app.o
 .bss.Tx_buff   0x0000000020000228       0x20 build/uart_app.o
 .bss.Tx_state  0x0000000020000248        0x1 build/uart_app.o
 *fill*         0x0000000020000249        0x3 
 .bss.command   0x000000002000024c       0x20 build/app.o
                0x000000002000024c                command
 .bss.drv_l     0x000000002000026c       0x20 build/app.o
 .bss.drv_r     0x000000002000028c       0x20 build/app.o
 .bss.hUsbDeviceFS
                0x00000000200002ac      0x2c4 build/usb_device.o
                0x00000000200002ac                hUsbDeviceFS
 .bss.USBD_StrDesc
                0x0000000020000570      0x200 build/usbd_desc.o
                0x0000000020000570                USBD_StrDesc
 .bss.UserRxBufferFS
                0x0000000020000770      0x3e8 build/usbd_cdc_if.o
                0x0000000020000770                UserRxBufferFS
 .bss.UserTxBufferFS
                0x0000000020000b58      0x3e8 build/usbd_cdc_if.o
                0x0000000020000b58                UserTxBufferFS
 .bss.hpcd_USB_FS
                0x0000000020000f40      0x2ec build/usbd_conf.o
                0x0000000020000f40                hpcd_USB_FS
 .bss.mem.0     0x000000002000122c      0x220 build/usbd_conf.o
 .bss.uwTick    0x000000002000144c        0x4 build/stm32f1xx_hal.o
                0x000000002000144c                uwTick
 .bss.cfgidx.0  0x0000000020001450        0x1 build/usbd_ctlreq.o
 *fill*         0x0000000020001451        0x3 
 .bss.htim3     0x0000000020001454       0x48 build/tim.o
                0x0000000020001454                htim3
 .bss.htim4     0x000000002000149c       0x48 build/tim.o
                0x000000002000149c                htim4
 .bss.huart1    0x00000000200014e4       0x44 build/usart.o
                0x00000000200014e4                huart1
 .bss.__malloc_free_list
                0x0000000020001528        0x4 /home/mark/toolchains/gcc-arm-none-eabi-10.3-2021.10/bin/../lib/gcc/arm-none-eabi/10.3.1/../../../../arm-none-eabi/lib/thumb/v7-m/nofp/libc_nano.a(lib_a-nano-mallocr.o)
                0x0000000020001528                __malloc_free_list
 .bss.__malloc_sbrk_start
                0x000000002000152c        0x4 /home/mark/toolchains/gcc-arm-none-eabi-10.3-2021.10/bin/../lib/gcc/arm-none-eabi/10.3.1/../../../../arm-none-eabi/lib/thumb/v7-m/nofp/libc_nano.a(lib_a-nano-mallocr.o)
                0x000000002000152c                __malloc_sbrk_start
 .bss.__lock___malloc_recursive_mutex
                0x0000000020001530        0x1 /home/mark/toolchains/gcc-arm-none-eabi-10.3-2021.10/bin/../lib/gcc/arm-none-eabi/10.3.1/../../../../arm-none-eabi/lib/thumb/v7-m/nofp/libc_nano.a(lib_a-lock.o)
                0x0000000020001530                __lock___malloc_recursive_mutex
 .bss.__lock___sfp_recursive_mutex
                0x0000000020001531        0x1 /home/mark/toolchains/gcc-arm-none-eabi-10.3-2021.10/bin/../lib/gcc/arm-none-eabi/10.3.1/../../../../arm-none-eabi/lib/thumb/v7-m/nofp/libc_nano.a(lib_a-lock.o)
                0x0000000020001531                __lock___sfp_recursive_mutex
 .bss.__lock___sinit_recursive_mutex
                0x0000000020001532        0x1 /home/mark/toolchains/gcc-arm-none-eabi-10.3-2021.10/bin/../lib/gcc/arm-none-eabi/10.3.1/../../../../arm-none-eabi/lib/thumb/v7-m/nofp/libc_nano.a(lib_a-lock.o)
                0x0000000020001532                __lock___sinit_recursive_mutex
 *fill*         0x0000000020001533        0x1 
 .bss.errno     0x0000000020001534        0x4 /home/mark/toolchains/gcc-arm-none-eabi-10.3-2021.10/bin/../lib/gcc/arm-none-eabi/10.3.1/../../../../arm-none-eabi/lib/thumb/v7-m/nofp/libc_nano.a(lib_a-reent.o)
                0x0000000020001534                errno
 .bss.heap_end.0
                0x0000000020001538        0x4 /home/mark/toolchains/gcc-arm-none-eabi-10.3-2021.10/bin/../lib/gcc/arm-none-eabi/10.3.1/../../../../arm-none-eabi/lib/thumb/v7-m/nofp/libnosys.a(sbrk.o)
 *(COMMON)
                0x000000002000153c                . = ALIGN (0x4)
                0x000000002000153c                _ebss = .
                0x000000002000153c                __bss_end__ = _ebss

._user_heap_stack
                0x000000002000153c      0x604 load address 0x0000000008006e6c
                0x0000000020001540                . = ALIGN (0x8)
 *fill*         0x000000002000153c        0x4 
                0x0000000020001540                PROVIDE (end = .)
                [!provide]                        PROVIDE (_end = .)
                0x0000000020001740                . = (. + _Min_Heap_Size)
 *fill*         0x0000000020001540      0x200 
                0x0000000020001b40                . = (. + _Min_Stack_Size)
 *fill*         0x0000000020001740      0x400 
                0x0000000020001b40                . = ALIGN (0x8)

/DISCARD/
 libc.a(*)
 libm.a(*)
 libgcc.a(*)

.ARM.attributes
                0x0000000000000000       0x29
 *(.ARM.attributes)
 .ARM.attributes
                0x0000000000000000       0x1d /home/mark/toolchains/gcc-arm-none-eabi-10.3-2021.10/bin/../lib/gcc/arm-none-eabi/10.3.1/thumb/v7-m/nofp/crti.o
 .ARM.attributes
                0x000000000000001d       0x2d /home/mark/toolchains/gcc-arm-none-eabi-10.3-2021.10/bin/../lib/gcc/arm-none-eabi/10.3.1/thumb/v7-m/nofp/crtbegin.o
 .ARM.attributes
                0x000000000000004a       0x2d build/drive.o
 .ARM.attributes
                0x0000000000000077       0x2d build/uart_app.o
 .ARM.attributes
                0x00000000000000a4       0x2d build/app.o
 .ARM.attributes
                0x00000000000000d1       0x2d build/main.o
 .ARM.attributes
                0x00000000000000fe       0x2d build/stm32f1xx_it.o
 .ARM.attributes
                0x000000000000012b       0x2d build/stm32f1xx_hal_msp.o
 .ARM.attributes
                0x0000000000000158       0x2d build/usb_device.o
 .ARM.attributes
                0x0000000000000185       0x2d build/usbd_desc.o
 .ARM.attributes
                0x00000000000001b2       0x2d build/usbd_cdc_if.o
 .ARM.attributes
                0x00000000000001df       0x2d build/usbd_conf.o
 .ARM.attributes
                0x000000000000020c       0x2d build/stm32f1xx_hal_pcd.o
 .ARM.attributes
                0x0000000000000239       0x2d build/stm32f1xx_hal_pcd_ex.o
 .ARM.attributes
                0x0000000000000266       0x2d build/stm32f1xx_ll_usb.o
 .ARM.attributes
                0x0000000000000293       0x2d build/stm32f1xx_hal.o
 .ARM.attributes
                0x00000000000002c0       0x2d build/stm32f1xx_hal_rcc.o
 .ARM.attributes
                0x00000000000002ed       0x2d build/stm32f1xx_hal_rcc_ex.o
 .ARM.attributes
                0x000000000000031a       0x2d build/stm32f1xx_hal_gpio.o
 .ARM.attributes
                0x0000000000000347       0x2d build/stm32f1xx_hal_dma.o
 .ARM.attributes
                0x0000000000000374       0x2d build/stm32f1xx_hal_cortex.o
 .ARM.attributes
                0x00000000000003a1       0x2d build/stm32f1xx_hal_tim.o
 .ARM.attributes
                0x00000000000003ce       0x2d build/stm32f1xx_hal_tim_ex.o
 .ARM.attributes
                0x00000000000003fb       0x2d build/system_stm32f1xx.o
 .ARM.attributes
                0x0000000000000428       0x2d build/usbd_core.o
 .ARM.attributes
                0x0000000000000455       0x2d build/usbd_ctlreq.o
 .ARM.attributes
                0x0000000000000482       0x2d build/usbd_ioreq.o
 .ARM.attributes
                0x00000000000004af       0x2d build/usbd_cdc.o
 .ARM.attributes
                0x00000000000004dc       0x2d build/stm32f1xx_hal_uart.o
 .ARM.attributes
                0x0000000000000509       0x2d build/gpio.o
 .ARM.attributes
                0x0000000000000536       0x2d build/tim.o
 .ARM.attributes
                0x0000000000000563       0x2d build/usart.o
 .ARM.attributes
                0x0000000000000590       0x21 build/startup_stm32f103xb.o
 .ARM.attributes
                0x00000000000005b1       0x2d /home/mark/toolchains/gcc-arm-none-eabi-10.3-2021.10/bin/../lib/gcc/arm-none-eabi/10.3.1/../../../../arm-none-eabi/lib/thumb/v7-m/nofp/libc_nano.a(lib_a-atoi.o)
 .ARM.attributes
                0x00000000000005de       0x2d /home/mark/toolchains/gcc-arm-none-eabi-10.3-2021.10/bin/../lib/gcc/arm-none-eabi/10.3.1/../../../../arm-none-eabi/lib/thumb/v7-m/nofp/libc_nano.a(lib_a-impure.o)
 .ARM.attributes
                0x000000000000060b       0x2d /home/mark/toolchains/gcc-arm-none-eabi-10.3-2021.10/bin/../lib/gcc/arm-none-eabi/10.3.1/../../../../arm-none-eabi/lib/thumb/v7-m/nofp/libc_nano.a(lib_a-init.o)
 .ARM.attributes
                0x0000000000000638       0x2d /home/mark/toolchains/gcc-arm-none-eabi-10.3-2021.10/bin/../lib/gcc/arm-none-eabi/10.3.1/../../../../arm-none-eabi/lib/thumb/v7-m/nofp/libc_nano.a(lib_a-memcpy-stub.o)
 .ARM.attributes
                0x0000000000000665       0x2d /home/mark/toolchains/gcc-arm-none-eabi-10.3-2021.10/bin/../lib/gcc/arm-none-eabi/10.3.1/../../../../arm-none-eabi/lib/thumb/v7-m/nofp/libc_nano.a(lib_a-memset.o)
 .ARM.attributes
                0x0000000000000692       0x1b /home/mark/toolchains/gcc-arm-none-eabi-10.3-2021.10/bin/../lib/gcc/arm-none-eabi/10.3.1/../../../../arm-none-eabi/lib/thumb/v7-m/nofp/libc_nano.a(lib_a-strcmp.o)
 .ARM.attributes
                0x00000000000006ad       0x2d /home/mark/toolchains/gcc-arm-none-eabi-10.3-2021.10/bin/../lib/gcc/arm-none-eabi/10.3.1/../../../../arm-none-eabi/lib/thumb/v7-m/nofp/libc_nano.a(lib_a-strcpy.o)
 .ARM.attributes
                0x00000000000006da       0x17 /home/mark/toolchains/gcc-arm-none-eabi-10.3-2021.10/bin/../lib/gcc/arm-none-eabi/10.3.1/../../../../arm-none-eabi/lib/thumb/v7-m/nofp/libc_nano.a(lib_a-strlen.o)
 .ARM.attributes
                0x00000000000006f1       0x2d /home/mark/toolchains/gcc-arm-none-eabi-10.3-2021.10/bin/../lib/gcc/arm-none-eabi/10.3.1/../../../../arm-none-eabi/lib/thumb/v7-m/nofp/libc_nano.a(lib_a-strtok.o)
 .ARM.attributes
                0x000000000000071e       0x2d /home/mark/toolchains/gcc-arm-none-eabi-10.3-2021.10/bin/../lib/gcc/arm-none-eabi/10.3.1/../../../../arm-none-eabi/lib/thumb/v7-m/nofp/libc_nano.a(lib_a-strtok_r.o)
 .ARM.attributes
                0x000000000000074b       0x2d /home/mark/toolchains/gcc-arm-none-eabi-10.3-2021.10/bin/../lib/gcc/arm-none-eabi/10.3.1/../../../../arm-none-eabi/lib/thumb/v7-m/nofp/libc_nano.a(lib_a-strtol.o)
 .ARM.attributes
                0x0000000000000778       0x2d /home/mark/toolchains/gcc-arm-none-eabi-10.3-2021.10/bin/../lib/gcc/arm-none-eabi/10.3.1/../../../../arm-none-eabi/lib/thumb/v7-m/nofp/libc_nano.a(lib_a-assert.o)
 .ARM.attributes
                0x00000000000007a5       0x2d /home/mark/toolchains/gcc-arm-none-eabi-10.3-2021.10/bin/../lib/gcc/arm-none-eabi/10.3.1/../../../../arm-none-eabi/lib/thumb/v7-m/nofp/libc_nano.a(lib_a-ctype_.o)
 .ARM.attributes
                0x00000000000007d2       0x2d /home/mark/toolchains/gcc-arm-none-eabi-10.3-2021.10/bin/../lib/gcc/arm-none-eabi/10.3.1/../../../../arm-none-eabi/lib/thumb/v7-m/nofp/libc_nano.a(lib_a-errno.o)
 .ARM.attributes
                0x00000000000007ff       0x2d /home/mark/toolchains/gcc-arm-none-eabi-10.3-2021.10/bin/../lib/gcc/arm-none-eabi/10.3.1/../../../../arm-none-eabi/lib/thumb/v7-m/nofp/libc_nano.a(lib_a-fprintf.o)
 .ARM.attributes
                0x000000000000082c       0x2d /home/mark/toolchains/gcc-arm-none-eabi-10.3-2021.10/bin/../lib/gcc/arm-none-eabi/10.3.1/../../../../arm-none-eabi/lib/thumb/v7-m/nofp/libc_nano.a(lib_a-malloc.o)
 .ARM.attributes
                0x0000000000000859       0x2d /home/mark/toolchains/gcc-arm-none-eabi-10.3-2021.10/bin/../lib/gcc/arm-none-eabi/10.3.1/../../../../arm-none-eabi/lib/thumb/v7-m/nofp/libc_nano.a(lib_a-nano-freer.o)
 .ARM.attributes
                0x0000000000000886       0x2d /home/mark/toolchains/gcc-arm-none-eabi-10.3-2021.10/bin/../lib/gcc/arm-none-eabi/10.3.1/../../../../arm-none-eabi/lib/thumb/v7-m/nofp/libc_nano.a(lib_a-nano-mallocr.o)
 .ARM.attributes
                0x00000000000008b3       0x2d /home/mark/toolchains/gcc-arm-none-eabi-10.3-2021.10/bin/../lib/gcc/arm-none-eabi/10.3.1/../../../../arm-none-eabi/lib/thumb/v7-m/nofp/libc_nano.a(lib_a-nano-vfprintf.o)
 .ARM.attributes
                0x00000000000008e0       0x2d /home/mark/toolchains/gcc-arm-none-eabi-10.3-2021.10/bin/../lib/gcc/arm-none-eabi/10.3.1/../../../../arm-none-eabi/lib/thumb/v7-m/nofp/libc_nano.a(lib_a-nano-vfprintf_i.o)
 .ARM.attributes
                0x000000000000090d       0x2d /home/mark/toolchains/gcc-arm-none-eabi-10.3-2021.10/bin/../lib/gcc/arm-none-eabi/10.3.1/../../../../arm-none-eabi/lib/thumb/v7-m/nofp/libc_nano.a(lib_a-sbrkr.o)
 .ARM.attributes
                0x000000000000093a       0x2d /home/mark/toolchains/gcc-arm-none-eabi-10.3-2021.10/bin/../lib/gcc/arm-none-eabi/10.3.1/../../../../arm-none-eabi/lib/thumb/v7-m/nofp/libc_nano.a(lib_a-wbuf.o)
 .ARM.attributes
                0x0000000000000967       0x2d /home/mark/toolchains/gcc-arm-none-eabi-10.3-2021.10/bin/../lib/gcc/arm-none-eabi/10.3.1/../../../../arm-none-eabi/lib/thumb/v7-m/nofp/libc_nano.a(lib_a-wsetup.o)
 .ARM.attributes
                0x0000000000000994       0x2d /home/mark/toolchains/gcc-arm-none-eabi-10.3-2021.10/bin/../lib/gcc/arm-none-eabi/10.3.1/../../../../arm-none-eabi/lib/thumb/v7-m/nofp/libc_nano.a(lib_a-abort.o)
 .ARM.attributes
                0x00000000000009c1       0x2d /home/mark/toolchains/gcc-arm-none-eabi-10.3-2021.10/bin/../lib/gcc/arm-none-eabi/10.3.1/../../../../arm-none-eabi/lib/thumb/v7-m/nofp/libc_nano.a(lib_a-fflush.o)
 .ARM.attributes
                0x00000000000009ee       0x2d /home/mark/toolchains/gcc-arm-none-eabi-10.3-2021.10/bin/../lib/gcc/arm-none-eabi/10.3.1/../../../../arm-none-eabi/lib/thumb/v7-m/nofp/libc_nano.a(lib_a-findfp.o)
 .ARM.attributes
                0x0000000000000a1b       0x2d /home/mark/toolchains/gcc-arm-none-eabi-10.3-2021.10/bin/../lib/gcc/arm-none-eabi/10.3.1/../../../../arm-none-eabi/lib/thumb/v7-m/nofp/libc_nano.a(lib_a-fwalk.o)
 .ARM.attributes
                0x0000000000000a48       0x2d /home/mark/toolchains/gcc-arm-none-eabi-10.3-2021.10/bin/../lib/gcc/arm-none-eabi/10.3.1/../../../../arm-none-eabi/lib/thumb/v7-m/nofp/libc_nano.a(lib_a-lock.o)
 .ARM.attributes
                0x0000000000000a75       0x2d /home/mark/toolchains/gcc-arm-none-eabi-10.3-2021.10/bin/../lib/gcc/arm-none-eabi/10.3.1/../../../../arm-none-eabi/lib/thumb/v7-m/nofp/libc_nano.a(lib_a-makebuf.o)
 .ARM.attributes
                0x0000000000000aa2       0x2d /home/mark/toolchains/gcc-arm-none-eabi-10.3-2021.10/bin/../lib/gcc/arm-none-eabi/10.3.1/../../../../arm-none-eabi/lib/thumb/v7-m/nofp/libc_nano.a(lib_a-memchr-stub.o)
 .ARM.attributes
                0x0000000000000acf       0x2d /home/mark/toolchains/gcc-arm-none-eabi-10.3-2021.10/bin/../lib/gcc/arm-none-eabi/10.3.1/../../../../arm-none-eabi/lib/thumb/v7-m/nofp/libc_nano.a(lib_a-mlock.o)
 .ARM.attributes
                0x0000000000000afc       0x2d /home/mark/toolchains/gcc-arm-none-eabi-10.3-2021.10/bin/../lib/gcc/arm-none-eabi/10.3.1/../../../../arm-none-eabi/lib/thumb/v7-m/nofp/libc_nano.a(lib_a-reent.o)
 .ARM.attributes
                0x0000000000000b29       0x2d /home/mark/toolchains/gcc-arm-none-eabi-10.3-2021.10/bin/../lib/gcc/arm-none-eabi/10.3.1/../../../../arm-none-eabi/lib/thumb/v7-m/nofp/libc_nano.a(lib_a-signal.o)
 .ARM.attributes
                0x0000000000000b56       0x2d /home/mark/toolchains/gcc-arm-none-eabi-10.3-2021.10/bin/../lib/gcc/arm-none-eabi/10.3.1/../../../../arm-none-eabi/lib/thumb/v7-m/nofp/libc_nano.a(lib_a-signalr.o)
 .ARM.attributes
                0x0000000000000b83       0x2d /home/mark/toolchains/gcc-arm-none-eabi-10.3-2021.10/bin/../lib/gcc/arm-none-eabi/10.3.1/../../../../arm-none-eabi/lib/thumb/v7-m/nofp/libc_nano.a(lib_a-stdio.o)
 .ARM.attributes
                0x0000000000000bb0       0x2d /home/mark/toolchains/gcc-arm-none-eabi-10.3-2021.10/bin/../lib/gcc/arm-none-eabi/10.3.1/../../../../arm-none-eabi/lib/thumb/v7-m/nofp/libc_nano.a(lib_a-writer.o)
 .ARM.attributes
                0x0000000000000bdd       0x2d /home/mark/toolchains/gcc-arm-none-eabi-10.3-2021.10/bin/../lib/gcc/arm-none-eabi/10.3.1/../../../../arm-none-eabi/lib/thumb/v7-m/nofp/libc_nano.a(lib_a-closer.o)
 .ARM.attributes
                0x0000000000000c0a       0x2d /home/mark/toolchains/gcc-arm-none-eabi-10.3-2021.10/bin/../lib/gcc/arm-none-eabi/10.3.1/../../../../arm-none-eabi/lib/thumb/v7-m/nofp/libc_nano.a(lib_a-fstatr.o)
 .ARM.attributes
                0x0000000000000c37       0x2d /home/mark/toolchains/gcc-arm-none-eabi-10.3-2021.10/bin/../lib/gcc/arm-none-eabi/10.3.1/../../../../arm-none-eabi/lib/thumb/v7-m/nofp/libc_nano.a(lib_a-isattyr.o)
 .ARM.attributes
                0x0000000000000c64       0x2d /home/mark/toolchains/gcc-arm-none-eabi-10.3-2021.10/bin/../lib/gcc/arm-none-eabi/10.3.1/../../../../arm-none-eabi/lib/thumb/v7-m/nofp/libc_nano.a(lib_a-lseekr.o)
 .ARM.attributes
                0x0000000000000c91       0x2d /home/mark/toolchains/gcc-arm-none-eabi-10.3-2021.10/bin/../lib/gcc/arm-none-eabi/10.3.1/../../../../arm-none-eabi/lib/thumb/v7-m/nofp/libc_nano.a(lib_a-readr.o)
 .ARM.attributes
                0x0000000000000cbe       0x2d /home/mark/toolchains/gcc-arm-none-eabi-10.3-2021.10/bin/../lib/gcc/arm-none-eabi/10.3.1/../../../../arm-none-eabi/lib/thumb/v7-m/nofp/libnosys.a(close.o)
 .ARM.attributes
                0x0000000000000ceb       0x2d /home/mark/toolchains/gcc-arm-none-eabi-10.3-2021.10/bin/../lib/gcc/arm-none-eabi/10.3.1/../../../../arm-none-eabi/lib/thumb/v7-m/nofp/libnosys.a(fstat.o)
 .ARM.attributes
                0x0000000000000d18       0x2d /home/mark/toolchains/gcc-arm-none-eabi-10.3-2021.10/bin/../lib/gcc/arm-none-eabi/10.3.1/../../../../arm-none-eabi/lib/thumb/v7-m/nofp/libnosys.a(getpid.o)
 .ARM.attributes
                0x0000000000000d45       0x2d /home/mark/toolchains/gcc-arm-none-eabi-10.3-2021.10/bin/../lib/gcc/arm-none-eabi/10.3.1/../../../../arm-none-eabi/lib/thumb/v7-m/nofp/libnosys.a(isatty.o)
 .ARM.attributes
                0x0000000000000d72       0x2d /home/mark/toolchains/gcc-arm-none-eabi-10.3-2021.10/bin/../lib/gcc/arm-none-eabi/10.3.1/../../../../arm-none-eabi/lib/thumb/v7-m/nofp/libnosys.a(kill.o)
 .ARM.attributes
                0x0000000000000d9f       0x2d /home/mark/toolchains/gcc-arm-none-eabi-10.3-2021.10/bin/../lib/gcc/arm-none-eabi/10.3.1/../../../../arm-none-eabi/lib/thumb/v7-m/nofp/libnosys.a(lseek.o)
 .ARM.attributes
                0x0000000000000dcc       0x2d /home/mark/toolchains/gcc-arm-none-eabi-10.3-2021.10/bin/../lib/gcc/arm-none-eabi/10.3.1/../../../../arm-none-eabi/lib/thumb/v7-m/nofp/libnosys.a(read.o)
 .ARM.attributes
                0x0000000000000df9       0x2d /home/mark/toolchains/gcc-arm-none-eabi-10.3-2021.10/bin/../lib/gcc/arm-none-eabi/10.3.1/../../../../arm-none-eabi/lib/thumb/v7-m/nofp/libnosys.a(sbrk.o)
 .ARM.attributes
                0x0000000000000e26       0x2d /home/mark/toolchains/gcc-arm-none-eabi-10.3-2021.10/bin/../lib/gcc/arm-none-eabi/10.3.1/../../../../arm-none-eabi/lib/thumb/v7-m/nofp/libnosys.a(write.o)
 .ARM.attributes
                0x0000000000000e53       0x2d /home/mark/toolchains/gcc-arm-none-eabi-10.3-2021.10/bin/../lib/gcc/arm-none-eabi/10.3.1/../../../../arm-none-eabi/lib/thumb/v7-m/nofp/libnosys.a(_exit.o)
 .ARM.attributes
                0x0000000000000e80       0x1d /home/mark/toolchains/gcc-arm-none-eabi-10.3-2021.10/bin/../lib/gcc/arm-none-eabi/10.3.1/thumb/v7-m/nofp/crtn.o
OUTPUT(build/trolley.elf elf32-littlearm)
LOAD linker stubs
LOAD /home/mark/toolchains/gcc-arm-none-eabi-10.3-2021.10/bin/../lib/gcc/arm-none-eabi/10.3.1/../../../../arm-none-eabi/lib/thumb/v7-m/nofp/libc.a
LOAD /home/mark/toolchains/gcc-arm-none-eabi-10.3-2021.10/bin/../lib/gcc/arm-none-eabi/10.3.1/../../../../arm-none-eabi/lib/thumb/v7-m/nofp/libm.a
LOAD /home/mark/toolchains/gcc-arm-none-eabi-10.3-2021.10/bin/../lib/gcc/arm-none-eabi/10.3.1/thumb/v7-m/nofp/libgcc.a

.debug_info     0x0000000000000000    0x1ba31
 .debug_info    0x0000000000000000      0x97f build/drive.o
 .debug_info    0x000000000000097f      0xb79 build/uart_app.o
 .debug_info    0x00000000000014f8      0xd57 build/app.o
 .debug_info    0x000000000000224f      0x464 build/main.o
 .debug_info    0x00000000000026b3     0x1005 build/stm32f1xx_it.o
 .debug_info    0x00000000000036b8      0x199 build/stm32f1xx_hal_msp.o
 .debug_info    0x0000000000003851      0x741 build/usb_device.o
 .debug_info    0x0000000000003f92      0x62f build/usbd_desc.o
 .debug_info    0x00000000000045c1      0xa21 build/usbd_cdc_if.o
 .debug_info    0x0000000000004fe2     0x1d72 build/usbd_conf.o
 .debug_info    0x0000000000006d54     0x1c82 build/stm32f1xx_hal_pcd.o
 .debug_info    0x00000000000089d6      0x7c7 build/stm32f1xx_hal_pcd_ex.o
 .debug_info    0x000000000000919d     0x1d8c build/stm32f1xx_ll_usb.o
 .debug_info    0x000000000000af29      0x855 build/stm32f1xx_hal.o
 .debug_info    0x000000000000b77e      0xaec build/stm32f1xx_hal_rcc.o
 .debug_info    0x000000000000c26a      0x479 build/stm32f1xx_hal_rcc_ex.o
 .debug_info    0x000000000000c6e3      0x6d7 build/stm32f1xx_hal_gpio.o
 .debug_info    0x000000000000cdba      0x8bb build/stm32f1xx_hal_dma.o
 .debug_info    0x000000000000d675      0xe2d build/stm32f1xx_hal_cortex.o
 .debug_info    0x000000000000e4a2     0x3df8 build/stm32f1xx_hal_tim.o
 .debug_info    0x000000000001229a     0x1b67 build/stm32f1xx_hal_tim_ex.o
 .debug_info    0x0000000000013e01      0x26e build/system_stm32f1xx.o
 .debug_info    0x000000000001406f      0xe5f build/usbd_core.o
 .debug_info    0x0000000000014ece     0x1135 build/usbd_ctlreq.o
 .debug_info    0x0000000000016003      0x883 build/usbd_ioreq.o
 .debug_info    0x0000000000016886     0x1503 build/usbd_cdc.o
 .debug_info    0x0000000000017d89     0x1e12 build/stm32f1xx_hal_uart.o
 .debug_info    0x0000000000019b9b      0x3da build/gpio.o
 .debug_info    0x0000000000019f75      0xf65 build/tim.o
 .debug_info    0x000000000001aeda      0xb35 build/usart.o
 .debug_info    0x000000000001ba0f       0x22 build/startup_stm32f103xb.o

.debug_abbrev   0x0000000000000000     0x41a2
 .debug_abbrev  0x0000000000000000      0x23a build/drive.o
 .debug_abbrev  0x000000000000023a      0x27e build/uart_app.o
 .debug_abbrev  0x00000000000004b8      0x293 build/app.o
 .debug_abbrev  0x000000000000074b      0x1d1 build/main.o
 .debug_abbrev  0x000000000000091c      0x19c build/stm32f1xx_it.o
 .debug_abbrev  0x0000000000000ab8       0xc1 build/stm32f1xx_hal_msp.o
 .debug_abbrev  0x0000000000000b79      0x181 build/usb_device.o
 .debug_abbrev  0x0000000000000cfa      0x21f build/usbd_desc.o
 .debug_abbrev  0x0000000000000f19      0x295 build/usbd_cdc_if.o
 .debug_abbrev  0x00000000000011ae      0x2f6 build/usbd_conf.o
 .debug_abbrev  0x00000000000014a4      0x2ea build/stm32f1xx_hal_pcd.o
 .debug_abbrev  0x000000000000178e      0x184 build/stm32f1xx_hal_pcd_ex.o
 .debug_abbrev  0x0000000000001912      0x25b build/stm32f1xx_ll_usb.o
 .debug_abbrev  0x0000000000001b6d      0x1f7 build/stm32f1xx_hal.o
 .debug_abbrev  0x0000000000001d64      0x29a build/stm32f1xx_hal_rcc.o
 .debug_abbrev  0x0000000000001ffe      0x1d5 build/stm32f1xx_hal_rcc_ex.o
 .debug_abbrev  0x00000000000021d3      0x222 build/stm32f1xx_hal_gpio.o
 .debug_abbrev  0x00000000000023f5      0x244 build/stm32f1xx_hal_dma.o
 .debug_abbrev  0x0000000000002639      0x359 build/stm32f1xx_hal_cortex.o
 .debug_abbrev  0x0000000000002992      0x296 build/stm32f1xx_hal_tim.o
 .debug_abbrev  0x0000000000002c28      0x298 build/stm32f1xx_hal_tim_ex.o
 .debug_abbrev  0x0000000000002ec0      0x140 build/system_stm32f1xx.o
 .debug_abbrev  0x0000000000003000      0x27a build/usbd_core.o
 .debug_abbrev  0x000000000000327a      0x2cd build/usbd_ctlreq.o
 .debug_abbrev  0x0000000000003547      0x16f build/usbd_ioreq.o
 .debug_abbrev  0x00000000000036b6      0x309 build/usbd_cdc.o
 .debug_abbrev  0x00000000000039bf      0x2ab build/stm32f1xx_hal_uart.o
 .debug_abbrev  0x0000000000003c6a      0x13f build/gpio.o
 .debug_abbrev  0x0000000000003da9      0x1f3 build/tim.o
 .debug_abbrev  0x0000000000003f9c      0x1f4 build/usart.o
 .debug_abbrev  0x0000000000004190       0x12 build/startup_stm32f103xb.o

.debug_loc      0x0000000000000000    0x14078
 .debug_loc     0x0000000000000000      0x186 build/drive.o
 .debug_loc     0x0000000000000186      0x232 build/uart_app.o