Archive member included to satisfy reference by file (symbol)

/home/mark/toolchains/gcc-arm-none-eabi-10.3-2021.10/bin/../lib/gcc/arm-none-eabi/10.3.1/../../../../arm-none-eabi/lib/thumb/v7-m/nofp/libc.a(lib_a-atoi.o)
                              CMakeFiles/test_.elf.dir/Core/Src/main.c.obj (atoi)
/home/mark/toolchains/gcc-arm-none-eabi-10.3-2021.10/bin/../lib/gcc/arm-none-eabi/10.3.1/../../../../arm-none-eabi/lib/thumb/v7-m/nofp/libc.a(lib_a-exit.o)
                              /home/mark/toolchains/gcc-arm-none-eabi-10.3-2021.10/bin/../lib/gcc/arm-none-eabi/10.3.1/../../../../arm-none-eabi/lib/thumb/v7-m/nofp/crt0.o (exit)
/home/mark/toolchains/gcc-arm-none-eabi-10.3-2021.10/bin/../lib/gcc/arm-none-eabi/10.3.1/../../../../arm-none-eabi/lib/thumb/v7-m/nofp/libc.a(lib_a-impure.o)
                              /home/mark/toolchains/gcc-arm-none-eabi-10.3-2021.10/bin/../lib/gcc/arm-none-eabi/10.3.1/../../../../arm-none-eabi/lib/thumb/v7-m/nofp/libc.a(lib_a-exit.o) (_global_impure_ptr)
/home/mark/toolchains/gcc-arm-none-eabi-10.3-2021.10/bin/../lib/gcc/arm-none-eabi/10.3.1/../../../../arm-none-eabi/lib/thumb/v7-m/nofp/libc.a(lib_a-init.o)
                              /home/mark/toolchains/gcc-arm-none-eabi-10.3-2021.10/bin/../lib/gcc/arm-none-eabi/10.3.1/../../../../arm-none-eabi/lib/thumb/v7-m/nofp/crt0.o (__libc_init_array)
/home/mark/toolchains/gcc-arm-none-eabi-10.3-2021.10/bin/../lib/gcc/arm-none-eabi/10.3.1/../../../../arm-none-eabi/lib/thumb/v7-m/nofp/libc.a(lib_a-memset.o)
                              /home/mark/toolchains/gcc-arm-none-eabi-10.3-2021.10/bin/../lib/gcc/arm-none-eabi/10.3.1/../../../../arm-none-eabi/lib/thumb/v7-m/nofp/crt0.o (memset)
/home/mark/toolchains/gcc-arm-none-eabi-10.3-2021.10/bin/../lib/gcc/arm-none-eabi/10.3.1/../../../../arm-none-eabi/lib/thumb/v7-m/nofp/libc.a(lib_a-strlen-stub.o)
                              CMakeFiles/test_.elf.dir/Core/Src/main.c.obj (strlen)
/home/mark/toolchains/gcc-arm-none-eabi-10.3-2021.10/bin/../lib/gcc/arm-none-eabi/10.3.1/../../../../arm-none-eabi/lib/thumb/v7-m/nofp/libc.a(lib_a-strtol.o)
                              /home/mark/toolchains/gcc-arm-none-eabi-10.3-2021.10/bin/../lib/gcc/arm-none-eabi/10.3.1/../../../../arm-none-eabi/lib/thumb/v7-m/nofp/libc.a(lib_a-atoi.o) (_strtol_r)
/home/mark/toolchains/gcc-arm-none-eabi-10.3-2021.10/bin/../lib/gcc/arm-none-eabi/10.3.1/../../../../arm-none-eabi/lib/thumb/v7-m/nofp/libc.a(lib_a-__call_atexit.o)
                              /home/mark/toolchains/gcc-arm-none-eabi-10.3-2021.10/bin/../lib/gcc/arm-none-eabi/10.3.1/../../../../arm-none-eabi/lib/thumb/v7-m/nofp/libc.a(lib_a-exit.o) (__call_exitprocs)
/home/mark/toolchains/gcc-arm-none-eabi-10.3-2021.10/bin/../lib/gcc/arm-none-eabi/10.3.1/../../../../arm-none-eabi/lib/thumb/v7-m/nofp/libc.a(lib_a-atexit.o)
                              /home/mark/toolchains/gcc-arm-none-eabi-10.3-2021.10/bin/../lib/gcc/arm-none-eabi/10.3.1/../../../../arm-none-eabi/lib/thumb/v7-m/nofp/libc.a(lib_a-__call_atexit.o) (atexit)
/home/mark/toolchains/gcc-arm-none-eabi-10.3-2021.10/bin/../lib/gcc/arm-none-eabi/10.3.1/../../../../arm-none-eabi/lib/thumb/v7-m/nofp/libc.a(lib_a-ctype_.o)
                              /home/mark/toolchains/gcc-arm-none-eabi-10.3-2021.10/bin/../lib/gcc/arm-none-eabi/10.3.1/../../../../arm-none-eabi/lib/thumb/v7-m/nofp/libc.a(lib_a-strtol.o) (_ctype_)
/home/mark/toolchains/gcc-arm-none-eabi-10.3-2021.10/bin/../lib/gcc/arm-none-eabi/10.3.1/../../../../arm-none-eabi/lib/thumb/v7-m/nofp/libc.a(lib_a-errno.o)
                              /home/mark/toolchains/gcc-arm-none-eabi-10.3-2021.10/bin/../lib/gcc/arm-none-eabi/10.3.1/../../../../arm-none-eabi/lib/thumb/v7-m/nofp/libc.a(lib_a-strtol.o) (__errno)
/home/mark/toolchains/gcc-arm-none-eabi-10.3-2021.10/bin/../lib/gcc/arm-none-eabi/10.3.1/../../../../arm-none-eabi/lib/thumb/v7-m/nofp/libc.a(lib_a-fini.o)
                              /home/mark/toolchains/gcc-arm-none-eabi-10.3-2021.10/bin/../lib/gcc/arm-none-eabi/10.3.1/../../../../arm-none-eabi/lib/thumb/v7-m/nofp/libc.a(lib_a-__call_atexit.o) (__libc_fini_array)
/home/mark/toolchains/gcc-arm-none-eabi-10.3-2021.10/bin/../lib/gcc/arm-none-eabi/10.3.1/../../../../arm-none-eabi/lib/thumb/v7-m/nofp/libc.a(lib_a-lock.o)
                              /home/mark/toolchains/gcc-arm-none-eabi-10.3-2021.10/bin/../lib/gcc/arm-none-eabi/10.3.1/../../../../arm-none-eabi/lib/thumb/v7-m/nofp/libc.a(lib_a-__call_atexit.o) (__retarget_lock_acquire_recursive)
/home/mark/toolchains/gcc-arm-none-eabi-10.3-2021.10/bin/../lib/gcc/arm-none-eabi/10.3.1/../../../../arm-none-eabi/lib/thumb/v7-m/nofp/libc.a(lib_a-__atexit.o)
                              /home/mark/toolchains/gcc-arm-none-eabi-10.3-2021.10/bin/../lib/gcc/arm-none-eabi/10.3.1/../../../../arm-none-eabi/lib/thumb/v7-m/nofp/libc.a(lib_a-atexit.o) (__register_exitproc)
[...]
Memory Configuration

Name             Origin             Length             Attributes
RAM              0x0000000020000000 0x0000000000005000 xrw
FLASH            0x0000000008000000 0x0000000000010000 xr
*default*        0x0000000000000000 0xffffffffffffffff

Linker script and memory map

LOAD /home/mark/toolchains/gcc-arm-none-eabi-10.3-2021.10/bin/../lib/gcc/arm-none-eabi/10.3.1/thumb/v7-m/nofp/crti.o
LOAD /home/mark/toolchains/gcc-arm-none-eabi-10.3-2021.10/bin/../lib/gcc/arm-none-eabi/10.3.1/thumb/v7-m/nofp/crtbegin.o
LOAD /home/mark/toolchains/gcc-arm-none-eabi-10.3-2021.10/bin/../lib/gcc/arm-none-eabi/10.3.1/../../../../arm-none-eabi/lib/thumb/v7-m/nofp/crt0.o
LOAD /home/mark/toolchains/gcc-arm-none-eabi-10.3-2021.10/bin/../lib/gcc/arm-none-eabi/10.3.1/../../../../arm-none-eabi/lib/thumb/v7-m/nofp/libstdc++.a
LOAD CMakeFiles/test_.elf.dir/Core/Src/dma.c.obj
LOAD CMakeFiles/test_.elf.dir/Core/Src/gpio.c.obj
LOAD CMakeFiles/test_.elf.dir/Core/Src/main.c.obj
LOAD CMakeFiles/test_.elf.dir/Core/Src/rgb_led.c.obj
LOAD CMakeFiles/test_.elf.dir/Core/Src/stm32f1xx_hal_msp.c.obj
LOAD CMakeFiles/test_.elf.dir/Core/Src/stm32f1xx_it.c.obj
LOAD CMakeFiles/test_.elf.dir/Core/Src/system_stm32f1xx.c.obj
LOAD CMakeFiles/test_.elf.dir/Core/Src/tim.c.obj
LOAD CMakeFiles/test_.elf.dir/Core/Src/usart.c.obj
LOAD CMakeFiles/test_.elf.dir/Drivers/STM32F1xx_HAL_Driver/Src/stm32f1xx_hal.c.obj
LOAD CMakeFiles/test_.elf.dir/Drivers/STM32F1xx_HAL_Driver/Src/stm32f1xx_hal_cortex.c.obj
LOAD CMakeFiles/test_.elf.dir/Drivers/STM32F1xx_HAL_Driver/Src/stm32f1xx_hal_dma.c.obj
LOAD CMakeFiles/test_.elf.dir/Drivers/STM32F1xx_HAL_Driver/Src/stm32f1xx_hal_exti.c.obj
LOAD CMakeFiles/test_.elf.dir/Drivers/STM32F1xx_HAL_Driver/Src/stm32f1xx_hal_flash.c.obj
LOAD CMakeFiles/test_.elf.dir/Drivers/STM32F1xx_HAL_Driver/Src/stm32f1xx_hal_flash_ex.c.obj
LOAD CMakeFiles/test_.elf.dir/Drivers/STM32F1xx_HAL_Driver/Src/stm32f1xx_hal_gpio.c.obj
LOAD CMakeFiles/test_.elf.dir/Drivers/STM32F1xx_HAL_Driver/Src/stm32f1xx_hal_gpio_ex.c.obj
LOAD CMakeFiles/test_.elf.dir/Drivers/STM32F1xx_HAL_Driver/Src/stm32f1xx_hal_pwr.c.obj
LOAD CMakeFiles/test_.elf.dir/Drivers/STM32F1xx_HAL_Driver/Src/stm32f1xx_hal_rcc.c.obj
LOAD CMakeFiles/test_.elf.dir/Drivers/STM32F1xx_HAL_Driver/Src/stm32f1xx_hal_rcc_ex.c.obj
LOAD CMakeFiles/test_.elf.dir/Drivers/STM32F1xx_HAL_Driver/Src/stm32f1xx_hal_tim.c.obj
LOAD CMakeFiles/test_.elf.dir/Drivers/STM32F1xx_HAL_Driver/Src/stm32f1xx_hal_tim_ex.c.obj
LOAD CMakeFiles/test_.elf.dir/Drivers/STM32F1xx_HAL_Driver/Src/stm32f1xx_hal_uart.c.obj
LOAD CMakeFiles/test_.elf.dir/startup_stm32f103xb.s.obj
START GROUP
LOAD /home/mark/toolchains/gcc-arm-none-eabi-10.3-2021.10/bin/../lib/gcc/arm-none-eabi/10.3.1/thumb/v7-m/nofp/libgcc.a
LOAD /home/mark/toolchains/gcc-arm-none-eabi-10.3-2021.10/bin/../lib/gcc/arm-none-eabi/10.3.1/../../../../arm-none-eabi/lib/thumb/v7-m/nofp/libc.a
END GROUP
START GROUP
LOAD /home/mark/toolchains/gcc-arm-none-eabi-10.3-2021.10/bin/../lib/gcc/arm-none-eabi/10.3.1/thumb/v7-m/nofp/libgcc.a
LOAD /home/mark/toolchains/gcc-arm-none-eabi-10.3-2021.10/bin/../lib/gcc/arm-none-eabi/10.3.1/../../../../arm-none-eabi/lib/thumb/v7-m/nofp/libc.a
LOAD /home/mark/toolchains/gcc-arm-none-eabi-10.3-2021.10/bin/../lib/gcc/arm-none-eabi/10.3.1/../../../../arm-none-eabi/lib/thumb/v7-m/nofp/libnosys.a
END GROUP
LOAD /home/mark/toolchains/gcc-arm-none-eabi-10.3-2021.10/bin/../lib/gcc/arm-none-eabi/10.3.1/thumb/v7-m/nofp/crtend.o
LOAD /home/mark/toolchains/gcc-arm-none-eabi-10.3-2021.10/bin/../lib/gcc/arm-none-eabi/10.3.1/thumb/v7-m/nofp/crtn.o
                0x0000000020005000                _estack = (ORIGIN (RAM) + LENGTH (RAM))
                0x0000000000000200                _Min_Heap_Size = 0x200
                0x0000000000000400                _Min_Stack_Size = 0x400

.isr_vector     0x0000000008000000      0x10c
                0x0000000008000000                . = ALIGN (0x4)
 *(.isr_vector)
 .isr_vector    0x0000000008000000      0x10c CMakeFiles/test_.elf.dir/startup_stm32f103xb.s.obj
                0x0000000008000000                g_pfnVectors
                0x000000000800010c                . = ALIGN (0x4)

.text           0x000000000800010c     0x2940
                0x000000000800010c                . = ALIGN (0x4)
 *(.text)
 .text          0x000000000800010c       0x40 /home/mark/toolchains/gcc-arm-none-eabi-10.3-2021.10/bin/../lib/gcc/arm-none-eabi/10.3.1/thumb/v7-m/nofp/crtbegin.o
 *(.text*)
 .text.MX_DMA_Init
                0x000000000800014c       0x34 CMakeFiles/test_.elf.dir/Core/Src/dma.c.obj
                0x000000000800014c                MX_DMA_Init
 .text.MX_GPIO_Init
                0x0000000008000180       0xac CMakeFiles/test_.elf.dir/Core/Src/gpio.c.obj
                0x0000000008000180                MX_GPIO_Init
 .text.HAL_UART_RxCpltCallback
                0x000000000800022c       0x58 CMakeFiles/test_.elf.dir/Core/Src/main.c.obj
                0x000000000800022c                HAL_UART_RxCpltCallback
 .text.HAL_TIM_PeriodElapsedCallback
                0x0000000008000284       0xc4 CMakeFiles/test_.elf.dir/Core/Src/main.c.obj
                0x0000000008000284                HAL_TIM_PeriodElapsedCallback
 .text.Error_Handler
                0x0000000008000348        0x4 CMakeFiles/test_.elf.dir/Core/Src/main.c.obj
                0x0000000008000348                Error_Handler
 .text.SystemClock_Config
                0x000000000800034c       0x64 CMakeFiles/test_.elf.dir/Core/Src/main.c.obj
                0x000000000800034c                SystemClock_Config
 .text.main     0x00000000080003b0      0x10c CMakeFiles/test_.elf.dir/Core/Src/main.c.obj
                0x00000000080003b0                main
 .text.ws2812_pixel_set
                0x00000000080004bc       0xcc CMakeFiles/test_.elf.dir/Core/Src/rgb_led.c.obj
                0x00000000080004bc                ws2812_pixel_set
 .text.ws2812_pixel_show
                0x0000000008000588       0x1c CMakeFiles/test_.elf.dir/Core/Src/rgb_led.c.obj
                0x0000000008000588                ws2812_pixel_show
 .text.ws2812_clean
                0x00000000080005a4       0x1e CMakeFiles/test_.elf.dir/Core/Src/rgb_led.c.obj
                0x00000000080005a4                ws2812_clean
 *fill*         0x00000000080005c2        0x2 
 .text.HAL_MspInit
                0x00000000080005c4       0x44 CMakeFiles/test_.elf.dir/Core/Src/stm32f1xx_hal_msp.c.obj
                0x00000000080005c4                HAL_MspInit
 .text.NMI_Handler
                0x0000000008000608        0x2 CMakeFiles/test_.elf.dir/Core/Src/stm32f1xx_it.c.obj
                0x0000000008000608                NMI_Handler
 .text.HardFault_Handler
                0x000000000800060a        0x2 CMakeFiles/test_.elf.dir/Core/Src/stm32f1xx_it.c.obj
                0x000000000800060a                HardFault_Handler
 .text.MemManage_Handler
                0x000000000800060c        0x2 CMakeFiles/test_.elf.dir/Core/Src/stm32f1xx_it.c.obj
                0x000000000800060c                MemManage_Handler
 .text.BusFault_Handler
                0x000000000800060e        0x2 CMakeFiles/test_.elf.dir/Core/Src/stm32f1xx_it.c.obj
                0x000000000800060e                BusFault_Handler
 .text.UsageFault_Handler
                0x0000000008000610        0x2 CMakeFiles/test_.elf.dir/Core/Src/stm32f1xx_it.c.obj
                0x0000000008000610                UsageFault_Handler
 .text.SVC_Handler
                0x0000000008000612        0x2 CMakeFiles/test_.elf.dir/Core/Src/stm32f1xx_it.c.obj
                0x0000000008000612                SVC_Handler
 .text.DebugMon_Handler
                0x0000000008000614        0x2 CMakeFiles/test_.elf.dir/Core/Src/stm32f1xx_it.c.obj
                0x0000000008000614                DebugMon_Handler
 .text.PendSV_Handler
                0x0000000008000616        0x2 CMakeFiles/test_.elf.dir/Core/Src/stm32f1xx_it.c.obj
                0x0000000008000616                PendSV_Handler
 .text.SysTick_Handler
                0x0000000008000618        0x8 CMakeFiles/test_.elf.dir/Core/Src/stm32f1xx_it.c.obj
                0x0000000008000618                SysTick_Handler
 .text.DMA1_Channel2_IRQHandler
                0x0000000008000620       0x10 CMakeFiles/test_.elf.dir/Core/Src/stm32f1xx_it.c.obj
                0x0000000008000620                DMA1_Channel2_IRQHandler
 .text.TIM4_IRQHandler
                0x0000000008000630       0x10 CMakeFiles/test_.elf.dir/Core/Src/stm32f1xx_it.c.obj
                0x0000000008000630                TIM4_IRQHandler
 .text.USART1_IRQHandler
                0x0000000008000640       0x10 CMakeFiles/test_.elf.dir/Core/Src/stm32f1xx_it.c.obj
                0x0000000008000640                USART1_IRQHandler
 .text.SystemInit
                0x0000000008000650        0x2 CMakeFiles/test_.elf.dir/Core/Src/system_stm32f1xx.c.obj
                0x0000000008000650                SystemInit
 *fill*         0x0000000008000652        0x2 
 .text.MX_TIM4_Init
                0x0000000008000654       0x6c CMakeFiles/test_.elf.dir/Core/Src/tim.c.obj
                0x0000000008000654                MX_TIM4_Init
 .text.HAL_TIM_PWM_MspInit
                0x00000000080006c0       0x6c CMakeFiles/test_.elf.dir/Core/Src/tim.c.obj
                0x00000000080006c0                HAL_TIM_PWM_MspInit
 .text.HAL_TIM_Base_MspInit
                0x000000000800072c       0x40 CMakeFiles/test_.elf.dir/Core/Src/tim.c.obj
                0x000000000800072c                HAL_TIM_Base_MspInit
 .text.HAL_TIM_MspPostInit
                0x000000000800076c       0x50 CMakeFiles/test_.elf.dir/Core/Src/tim.c.obj
                0x000000000800076c                HAL_TIM_MspPostInit
 .text.MX_TIM1_Init
                0x00000000080007bc       0xb4 CMakeFiles/test_.elf.dir/Core/Src/tim.c.obj
                0x00000000080007bc                MX_TIM1_Init
 .text.MX_USART1_UART_Init
                0x0000000008000870       0x34 CMakeFiles/test_.elf.dir/Core/Src/usart.c.obj
                0x0000000008000870                MX_USART1_UART_Init
 .text.HAL_UART_MspInit
                0x00000000080008a4       0x88 CMakeFiles/test_.elf.dir/Core/Src/usart.c.obj
                0x00000000080008a4                HAL_UART_MspInit
 .text.HAL_InitTick
                0x000000000800092c       0x4c CMakeFiles/test_.elf.dir/Drivers/STM32F1xx_HAL_Driver/Src/stm32f1xx_hal.c.obj
                0x000000000800092c                HAL_InitTick
 .text.HAL_Init
                0x0000000008000978       0x24 CMakeFiles/test_.elf.dir/Drivers/STM32F1xx_HAL_Driver/Src/stm32f1xx_hal.c.obj
                0x0000000008000978                HAL_Init
 .text.HAL_IncTick
                0x000000000800099c       0x18 CMakeFiles/test_.elf.dir/Drivers/STM32F1xx_HAL_Driver/Src/stm32f1xx_hal.c.obj
                0x000000000800099c                HAL_IncTick
 .text.HAL_GetTick
                0x00000000080009b4        0xc CMakeFiles/test_.elf.dir/Drivers/STM32F1xx_HAL_Driver/Src/stm32f1xx_hal.c.obj
                0x00000000080009b4                HAL_GetTick
 .text.HAL_Delay
                0x00000000080009c0       0x28 CMakeFiles/test_.elf.dir/Drivers/STM32F1xx_HAL_Driver/Src/stm32f1xx_hal.c.obj
                0x00000000080009c0                HAL_Delay
 .text.HAL_NVIC_SetPriorityGrouping
                0x00000000080009e8       0x24 CMakeFiles/test_.elf.dir/Drivers/STM32F1xx_HAL_Driver/Src/stm32f1xx_hal_cortex.c.obj
                0x00000000080009e8                HAL_NVIC_SetPriorityGrouping
 .text.HAL_NVIC_SetPriority
                0x0000000008000a0c       0x70 CMakeFiles/test_.elf.dir/Drivers/STM32F1xx_HAL_Driver/Src/stm32f1xx_hal_cortex.c.obj
                0x0000000008000a0c                HAL_NVIC_SetPriority
 .text.HAL_NVIC_EnableIRQ
                0x0000000008000a7c       0x1c CMakeFiles/test_.elf.dir/Drivers/STM32F1xx_HAL_Driver/Src/stm32f1xx_hal_cortex.c.obj
                0x0000000008000a7c                HAL_NVIC_EnableIRQ
 .text.HAL_SYSTICK_Config
                0x0000000008000a98       0x28 CMakeFiles/test_.elf.dir/Drivers/STM32F1xx_HAL_Driver/Src/stm32f1xx_hal_cortex.c.obj
                0x0000000008000a98                HAL_SYSTICK_Config
 .text.DMA_SetConfig
                0x0000000008000ac0       0x2c CMakeFiles/test_.elf.dir/Drivers/STM32F1xx_HAL_Driver/Src/stm32f1xx_hal_dma.c.obj
 .text.HAL_DMA_Init
                0x0000000008000aec       0x6c CMakeFiles/test_.elf.dir/Drivers/STM32F1xx_HAL_Driver/Src/stm32f1xx_hal_dma.c.obj
                0x0000000008000aec                HAL_DMA_Init
 .text.HAL_DMA_Start_IT
                0x0000000008000b58       0x74 CMakeFiles/test_.elf.dir/Drivers/STM32F1xx_HAL_Driver/Src/stm32f1xx_hal_dma.c.obj
                0x0000000008000b58                HAL_DMA_Start_IT
 .text.HAL_DMA_Abort
                0x0000000008000bcc       0x44 CMakeFiles/test_.elf.dir/Drivers/STM32F1xx_HAL_Driver/Src/stm32f1xx_hal_dma.c.obj
                0x0000000008000bcc                HAL_DMA_Abort
 .text.HAL_DMA_Abort_IT
                0x0000000008000c10       0x98 CMakeFiles/test_.elf.dir/Drivers/STM32F1xx_HAL_Driver/Src/stm32f1xx_hal_dma.c.obj
                0x0000000008000c10                HAL_DMA_Abort_IT
 .text.HAL_DMA_IRQHandler
                0x0000000008000ca8      0x144 CMakeFiles/test_.elf.dir/Drivers/STM32F1xx_HAL_Driver/Src/stm32f1xx_hal_dma.c.obj
                0x0000000008000ca8                HAL_DMA_IRQHandler
 .text.HAL_GPIO_Init
                0x0000000008000dec      0x224 CMakeFiles/test_.elf.dir/Drivers/STM32F1xx_HAL_Driver/Src/stm32f1xx_hal_gpio.c.obj
                0x0000000008000dec                HAL_GPIO_Init
 .text.HAL_GPIO_ReadPin
                0x0000000008001010        0xe CMakeFiles/test_.elf.dir/Drivers/STM32F1xx_HAL_Driver/Src/stm32f1xx_hal_gpio.c.obj
                0x0000000008001010                HAL_GPIO_ReadPin
 .text.HAL_GPIO_WritePin
                0x000000000800101e        0xc CMakeFiles/test_.elf.dir/Drivers/STM32F1xx_HAL_Driver/Src/stm32f1xx_hal_gpio.c.obj
                0x000000000800101e                HAL_GPIO_WritePin
 .text.HAL_GPIO_TogglePin
                0x000000000800102a       0x12 CMakeFiles/test_.elf.dir/Drivers/STM32F1xx_HAL_Driver/Src/stm32f1xx_hal_gpio.c.obj
                0x000000000800102a                HAL_GPIO_TogglePin
 .text.RCC_Delay
                0x000000000800103c       0x2c CMakeFiles/test_.elf.dir/Drivers/STM32F1xx_HAL_Driver/Src/stm32f1xx_hal_rcc.c.obj
 .text.HAL_RCC_OscConfig
                0x0000000008001068      0x410 CMakeFiles/test_.elf.dir/Drivers/STM32F1xx_HAL_Driver/Src/stm32f1xx_hal_rcc.c.obj
                0x0000000008001068                HAL_RCC_OscConfig
 .text.HAL_RCC_GetSysClockFreq
                0x0000000008001478       0x70 CMakeFiles/test_.elf.dir/Drivers/STM32F1xx_HAL_Driver/Src/stm32f1xx_hal_rcc.c.obj
                0x0000000008001478                HAL_RCC_GetSysClockFreq
 .text.HAL_RCC_ClockConfig
                0x00000000080014e8      0x16c CMakeFiles/test_.elf.dir/Drivers/STM32F1xx_HAL_Driver/Src/stm32f1xx_hal_rcc.c.obj
                0x00000000080014e8                HAL_RCC_ClockConfig
 .text.HAL_RCC_GetHCLKFreq
                0x0000000008001654        0xc CMakeFiles/test_.elf.dir/Drivers/STM32F1xx_HAL_Driver/Src/stm32f1xx_hal_rcc.c.obj
                0x0000000008001654                HAL_RCC_GetHCLKFreq
 .text.HAL_RCC_GetPCLK1Freq
                0x0000000008001660       0x20 CMakeFiles/test_.elf.dir/Drivers/STM32F1xx_HAL_Driver/Src/stm32f1xx_hal_rcc.c.obj
                0x0000000008001660                HAL_RCC_GetPCLK1Freq
 .text.HAL_RCC_GetPCLK2Freq
                0x0000000008001680       0x20 CMakeFiles/test_.elf.dir/Drivers/STM32F1xx_HAL_Driver/Src/stm32f1xx_hal_rcc.c.obj
                0x0000000008001680                HAL_RCC_GetPCLK2Freq
 .text.TIM_OC1_SetConfig
                0x00000000080016a0       0x5c CMakeFiles/test_.elf.dir/Drivers/STM32F1xx_HAL_Driver/Src/stm32f1xx_hal_tim.c.obj
 .text.TIM_OC3_SetConfig
                0x00000000080016fc       0x64 CMakeFiles/test_.elf.dir/Drivers/STM32F1xx_HAL_Driver/Src/stm32f1xx_hal_tim.c.obj
 .text.TIM_OC4_SetConfig
                0x0000000008001760       0x48 CMakeFiles/test_.elf.dir/Drivers/STM32F1xx_HAL_Driver/Src/stm32f1xx_hal_tim.c.obj
 .text.TIM_TI1_ConfigInputStage
                0x00000000080017a8       0x24 CMakeFiles/test_.elf.dir/Drivers/STM32F1xx_HAL_Driver/Src/stm32f1xx_hal_tim.c.obj
 .text.TIM_TI2_ConfigInputStage
                0x00000000080017cc       0x26 CMakeFiles/test_.elf.dir/Drivers/STM32F1xx_HAL_Driver/Src/stm32f1xx_hal_tim.c.obj
 .text.TIM_ITRx_SetConfig
                0x00000000080017f2       0x10 CMakeFiles/test_.elf.dir/Drivers/STM32F1xx_HAL_Driver/Src/stm32f1xx_hal_tim.c.obj
 *fill*         0x0000000008001802        0x2 
 .text.HAL_TIM_Base_Start_IT
                0x0000000008001804       0x68 CMakeFiles/test_.elf.dir/Drivers/STM32F1xx_HAL_Driver/Src/stm32f1xx_hal_tim.c.obj
                0x0000000008001804                HAL_TIM_Base_Start_IT
 .text.HAL_TIM_OC_DelayElapsedCallback
                0x000000000800186c        0x2 CMakeFiles/test_.elf.dir/Drivers/STM32F1xx_HAL_Driver/Src/stm32f1xx_hal_tim.c.obj
                0x000000000800186c                HAL_TIM_OC_DelayElapsedCallback
 .text.HAL_TIM_IC_CaptureCallback
                0x000000000800186e        0x2 CMakeFiles/test_.elf.dir/Drivers/STM32F1xx_HAL_Driver/Src/stm32f1xx_hal_tim.c.obj
                0x000000000800186e                HAL_TIM_IC_CaptureCallback
 .text.HAL_TIM_PWM_PulseFinishedCallback
                0x0000000008001870        0x2 CMakeFiles/test_.elf.dir/Drivers/STM32F1xx_HAL_Driver/Src/stm32f1xx_hal_tim.c.obj
                0x0000000008001870                HAL_TIM_PWM_PulseFinishedCallback
 .text.TIM_DMADelayPulseCplt
                0x0000000008001872       0x70 CMakeFiles/test_.elf.dir/Drivers/STM32F1xx_HAL_Driver/Src/stm32f1xx_hal_tim.c.obj
 .text.HAL_TIM_PWM_PulseFinishedHalfCpltCallback
                0x00000000080018e2        0x2 CMakeFiles/test_.elf.dir/Drivers/STM32F1xx_HAL_Driver/Src/stm32f1xx_hal_tim.c.obj
                0x00000000080018e2                HAL_TIM_PWM_PulseFinishedHalfCpltCallback
 .text.TIM_DMADelayPulseHalfCplt
                0x00000000080018e4       0x3e CMakeFiles/test_.elf.dir/Drivers/STM32F1xx_HAL_Driver/Src/stm32f1xx_hal_tim.c.obj
                0x00000000080018e4                TIM_DMADelayPulseHalfCplt
 .text.HAL_TIM_TriggerCallback
                0x0000000008001922        0x2 CMakeFiles/test_.elf.dir/Drivers/STM32F1xx_HAL_Driver/Src/stm32f1xx_hal_tim.c.obj
                0x0000000008001922                HAL_TIM_TriggerCallback
 .text.HAL_TIM_IRQHandler
                0x0000000008001924      0x17a CMakeFiles/test_.elf.dir/Drivers/STM32F1xx_HAL_Driver/Src/stm32f1xx_hal_tim.c.obj
                0x0000000008001924                HAL_TIM_IRQHandler
 .text.HAL_TIM_ErrorCallback
                0x0000000008001a9e        0x2 CMakeFiles/test_.elf.dir/Drivers/STM32F1xx_HAL_Driver/Src/stm32f1xx_hal_tim.c.obj
                0x0000000008001a9e                HAL_TIM_ErrorCallback
 .text.TIM_DMAError
                0x0000000008001aa0       0x5c CMakeFiles/test_.elf.dir/Drivers/STM32F1xx_HAL_Driver/Src/stm32f1xx_hal_tim.c.obj
                0x0000000008001aa0                TIM_DMAError
 .text.TIM_Base_SetConfig
                0x0000000008001afc       0x74 CMakeFiles/test_.elf.dir/Drivers/STM32F1xx_HAL_Driver/Src/stm32f1xx_hal_tim.c.obj
                0x0000000008001afc                TIM_Base_SetConfig
 .text.HAL_TIM_Base_Init
                0x0000000008001b70       0x58 CMakeFiles/test_.elf.dir/Drivers/STM32F1xx_HAL_Driver/Src/stm32f1xx_hal_tim.c.obj
                0x0000000008001b70                HAL_TIM_Base_Init
 .text.HAL_TIM_PWM_Init
                0x0000000008001bc8       0x58 CMakeFiles/test_.elf.dir/Drivers/STM32F1xx_HAL_Driver/Src/stm32f1xx_hal_tim.c.obj
                0x0000000008001bc8                HAL_TIM_PWM_Init
 .text.TIM_OC2_SetConfig
                0x0000000008001c20       0x64 CMakeFiles/test_.elf.dir/Drivers/STM32F1xx_HAL_Driver/Src/stm32f1xx_hal_tim.c.obj
                0x0000000008001c20                TIM_OC2_SetConfig
 .text.HAL_TIM_PWM_ConfigChannel
                0x0000000008001c84       0xd0 CMakeFiles/test_.elf.dir/Drivers/STM32F1xx_HAL_Driver/Src/stm32f1xx_hal_tim.c.obj
                0x0000000008001c84                HAL_TIM_PWM_ConfigChannel
 .text.TIM_ETR_SetConfig
                0x0000000008001d54       0x18 CMakeFiles/test_.elf.dir/Drivers/STM32F1xx_HAL_Driver/Src/stm32f1xx_hal_tim.c.obj
                0x0000000008001d54                TIM_ETR_SetConfig
 .text.HAL_TIM_ConfigClockSource
                0x0000000008001d6c       0xda CMakeFiles/test_.elf.dir/Drivers/STM32F1xx_HAL_Driver/Src/stm32f1xx_hal_tim.c.obj
                0x0000000008001d6c                HAL_TIM_ConfigClockSource
 .text.TIM_CCxChannelCmd
                0x0000000008001e46       0x1e CMakeFiles/test_.elf.dir/Drivers/STM32F1xx_HAL_Driver/Src/stm32f1xx_hal_tim.c.obj
                0x0000000008001e46                TIM_CCxChannelCmd
 .text.HAL_TIM_PWM_Start_DMA
                0x0000000008001e64      0x23c CMakeFiles/test_.elf.dir/Drivers/STM32F1xx_HAL_Driver/Src/stm32f1xx_hal_tim.c.obj
                0x0000000008001e64                HAL_TIM_PWM_Start_DMA
 .text.HAL_TIMEx_MasterConfigSynchronization
                0x00000000080020a0       0x6c CMakeFiles/test_.elf.dir/Drivers/STM32F1xx_HAL_Driver/Src/stm32f1xx_hal_tim_ex.c.obj
                0x00000000080020a0                HAL_TIMEx_MasterConfigSynchronization
 .text.HAL_TIMEx_ConfigBreakDeadTime
                0x000000000800210c       0x52 CMakeFiles/test_.elf.dir/Drivers/STM32F1xx_HAL_Driver/Src/stm32f1xx_hal_tim_ex.c.obj
                0x000000000800210c                HAL_TIMEx_ConfigBreakDeadTime
 .text.HAL_TIMEx_CommutCallback
                0x000000000800215e        0x2 CMakeFiles/test_.elf.dir/Drivers/STM32F1xx_HAL_Driver/Src/stm32f1xx_hal_tim_ex.c.obj
                0x000000000800215e                HAL_TIMEx_CommutCallback
 .text.HAL_TIMEx_BreakCallback
                0x0000000008002160        0x2 CMakeFiles/test_.elf.dir/Drivers/STM32F1xx_HAL_Driver/Src/stm32f1xx_hal_tim_ex.c.obj
                0x0000000008002160                HAL_TIMEx_BreakCallback
 .text.UART_EndRxTransfer
                0x0000000008002162       0x32 CMakeFiles/test_.elf.dir/Drivers/STM32F1xx_HAL_Driver/Src/stm32f1xx_hal_uart.c.obj
 .text.UART_Transmit_IT
                0x0000000008002194       0x60 CMakeFiles/test_.elf.dir/Drivers/STM32F1xx_HAL_Driver/Src/stm32f1xx_hal_uart.c.obj
 .text.UART_SetConfig
                0x00000000080021f4       0x94 CMakeFiles/test_.elf.dir/Drivers/STM32F1xx_HAL_Driver/Src/stm32f1xx_hal_uart.c.obj
 .text.HAL_UART_Init
                0x0000000008002288       0x5e CMakeFiles/test_.elf.dir/Drivers/STM32F1xx_HAL_Driver/Src/stm32f1xx_hal_uart.c.obj
                0x0000000008002288                HAL_UART_Init
 .text.HAL_UART_TxCpltCallback
                0x00000000080022e6        0x2 CMakeFiles/test_.elf.dir/Drivers/STM32F1xx_HAL_Driver/Src/stm32f1xx_hal_uart.c.obj
                0x00000000080022e6                HAL_UART_TxCpltCallback
 .text.UART_EndTransmit_IT
                0x00000000080022e8       0x1a CMakeFiles/test_.elf.dir/Drivers/STM32F1xx_HAL_Driver/Src/stm32f1xx_hal_uart.c.obj
 .text.HAL_UART_ErrorCallback
                0x0000000008002302        0x2 CMakeFiles/test_.elf.dir/Drivers/STM32F1xx_HAL_Driver/Src/stm32f1xx_hal_uart.c.obj
                0x0000000008002302                HAL_UART_ErrorCallback
 .text.UART_DMAAbortOnError
                0x0000000008002304       0x10 CMakeFiles/test_.elf.dir/Drivers/STM32F1xx_HAL_Driver/Src/stm32f1xx_hal_uart.c.obj
 .text.HAL_UARTEx_RxEventCallback
                0x0000000008002314        0x2 CMakeFiles/test_.elf.dir/Drivers/STM32F1xx_HAL_Driver/Src/stm32f1xx_hal_uart.c.obj
                0x0000000008002314                HAL_UARTEx_RxEventCallback
 .text.UART_Receive_IT
                0x0000000008002316       0xd4 CMakeFiles/test_.elf.dir/Drivers/STM32F1xx_HAL_Driver/Src/stm32f1xx_hal_uart.c.obj
 *fill*         0x00000000080023ea        0x2 
 .text.HAL_UART_IRQHandler
                0x00000000080023ec      0x204 CMakeFiles/test_.elf.dir/Drivers/STM32F1xx_HAL_Driver/Src/stm32f1xx_hal_uart.c.obj
                0x00000000080023ec                HAL_UART_IRQHandler
 .text.UART_Start_Receive_IT
                0x00000000080025f0       0x36 CMakeFiles/test_.elf.dir/Drivers/STM32F1xx_HAL_Driver/Src/stm32f1xx_hal_uart.c.obj
                0x00000000080025f0                UART_Start_Receive_IT
 .text.HAL_UART_Receive_IT
                0x0000000008002626       0x38 CMakeFiles/test_.elf.dir/Drivers/STM32F1xx_HAL_Driver/Src/stm32f1xx_hal_uart.c.obj
                0x0000000008002626                HAL_UART_Receive_IT
 *fill*         0x000000000800265e        0x2 
 .text.Reset_Handler
                0x0000000008002660       0x48 CMakeFiles/test_.elf.dir/startup_stm32f103xb.s.obj
                0x0000000008002660                Reset_Handler
 .text.Default_Handler
                0x00000000080026a8        0x2 CMakeFiles/test_.elf.dir/startup_stm32f103xb.s.obj
                0x00000000080026a8                RTC_Alarm_IRQHandler
                0x00000000080026a8                EXTI2_IRQHandler
                0x00000000080026a8                TIM1_CC_IRQHandler
                0x00000000080026a8                PVD_IRQHandler
                0x00000000080026a8                EXTI3_IRQHandler
                0x00000000080026a8                EXTI0_IRQHandler
                0x00000000080026a8                I2C2_EV_IRQHandler
                0x00000000080026a8                ADC1_2_IRQHandler
                0x00000000080026a8                SPI1_IRQHandler
                0x00000000080026a8                TAMPER_IRQHandler
                0x00000000080026a8                DMA1_Channel4_IRQHandler
                0x00000000080026a8                USART3_IRQHandler
                0x00000000080026a8                RTC_IRQHandler
                0x00000000080026a8                DMA1_Channel7_IRQHandler
                0x00000000080026a8                CAN1_RX1_IRQHandler
                0x00000000080026a8                I2C1_EV_IRQHandler
                0x00000000080026a8                DMA1_Channel6_IRQHandler
                0x00000000080026a8                TIM3_IRQHandler
                0x00000000080026a8                RCC_IRQHandler
                0x00000000080026a8                TIM1_TRG_COM_IRQHandler
                0x00000000080026a8                DMA1_Channel1_IRQHandler
                0x00000000080026a8                Default_Handler
                0x00000000080026a8                EXTI15_10_IRQHandler
                0x00000000080026a8                EXTI9_5_IRQHandler
                0x00000000080026a8                SPI2_IRQHandler
                0x00000000080026a8                DMA1_Channel5_IRQHandler
                0x00000000080026a8                EXTI4_IRQHandler
                0x00000000080026a8                USB_LP_CAN1_RX0_IRQHandler
                0x00000000080026a8                USB_HP_CAN1_TX_IRQHandler
                0x00000000080026a8                DMA1_Channel3_IRQHandler
                0x00000000080026a8                TIM1_UP_IRQHandler
                0x00000000080026a8                WWDG_IRQHandler
                0x00000000080026a8                TIM2_IRQHandler
                0x00000000080026a8                TIM1_BRK_IRQHandler
                0x00000000080026a8                EXTI1_IRQHandler
                0x00000000080026a8                USART2_IRQHandler
                0x00000000080026a8                I2C2_ER_IRQHandler
                0x00000000080026a8                CAN1_SCE_IRQHandler
                0x00000000080026a8                FLASH_IRQHandler
                0x00000000080026a8                I2C1_ER_IRQHandler
                0x00000000080026a8                USBWakeUp_IRQHandler
 *fill*         0x00000000080026aa        0x2 
 .text.atoi     0x00000000080026ac        0x8 /home/mark/toolchains/gcc-arm-none-eabi-10.3-2021.10/bin/../lib/gcc/arm-none-eabi/10.3.1/../../../../arm-none-eabi/lib/thumb/v7-m/nofp/libc.a(lib_a-atoi.o)
                0x00000000080026ac                atoi
 .text.__libc_init_array
                0x00000000080026b4       0x48 /home/mark/toolchains/gcc-arm-none-eabi-10.3-2021.10/bin/../lib/gcc/arm-none-eabi/10.3.1/../../../../arm-none-eabi/lib/thumb/v7-m/nofp/libc.a(lib_a-init.o)
                0x00000000080026b4                __libc_init_array
 .text.memset   0x00000000080026fc       0xa4 /home/mark/toolchains/gcc-arm-none-eabi-10.3-2021.10/bin/../lib/gcc/arm-none-eabi/10.3.1/../../../../arm-none-eabi/lib/thumb/v7-m/nofp/libc.a(lib_a-memset.o)
                0x00000000080026fc                memset
 .text.strlen   0x00000000080027a0       0x5c /home/mark/toolchains/gcc-arm-none-eabi-10.3-2021.10/bin/../lib/gcc/arm-none-eabi/10.3.1/../../../../arm-none-eabi/lib/thumb/v7-m/nofp/libc.a(lib_a-strlen-stub.o)
                0x00000000080027a0                strlen
 .text._strtol_l.part.0
                0x00000000080027fc      0x120 /home/mark/toolchains/gcc-arm-none-eabi-10.3-2021.10/bin/../lib/gcc/arm-none-eabi/10.3.1/../../../../arm-none-eabi/lib/thumb/v7-m/nofp/libc.a(lib_a-strtol.o)
 .text.strtol   0x000000000800291c       0x2c /home/mark/toolchains/gcc-arm-none-eabi-10.3-2021.10/bin/../lib/gcc/arm-none-eabi/10.3.1/../../../../arm-none-eabi/lib/thumb/v7-m/nofp/libc.a(lib_a-strtol.o)
                0x000000000800291c                strtol
 .text.startup.register_fini
                0x0000000008002948       0x14 /home/mark/toolchains/gcc-arm-none-eabi-10.3-2021.10/bin/../lib/gcc/arm-none-eabi/10.3.1/../../../../arm-none-eabi/lib/thumb/v7-m/nofp/libc.a(lib_a-__call_atexit.o)
 .text.atexit   0x000000000800295c        0xc /home/mark/toolchains/gcc-arm-none-eabi-10.3-2021.10/bin/../lib/gcc/arm-none-eabi/10.3.1/../../../../arm-none-eabi/lib/thumb/v7-m/nofp/libc.a(lib_a-atexit.o)
                0x000000000800295c                atexit
 .text.__errno  0x0000000008002968        0xc /home/mark/toolchains/gcc-arm-none-eabi-10.3-2021.10/bin/../lib/gcc/arm-none-eabi/10.3.1/../../../../arm-none-eabi/lib/thumb/v7-m/nofp/libc.a(lib_a-errno.o)
                0x0000000008002968                __errno
 .text.__libc_fini_array
                0x0000000008002974       0x2c /home/mark/toolchains/gcc-arm-none-eabi-10.3-2021.10/bin/../lib/gcc/arm-none-eabi/10.3.1/../../../../arm-none-eabi/lib/thumb/v7-m/nofp/libc.a(lib_a-fini.o)
                0x0000000008002974                __libc_fini_array
 .text.__retarget_lock_acquire_recursive
                0x00000000080029a0        0x4 /home/mark/toolchains/gcc-arm-none-eabi-10.3-2021.10/bin/../lib/gcc/arm-none-eabi/10.3.1/../../../../arm-none-eabi/lib/thumb/v7-m/nofp/libc.a(lib_a-lock.o)
                0x00000000080029a0                __retarget_lock_acquire_recursive
 .text.__retarget_lock_release_recursive
                0x00000000080029a4        0x4 /home/mark/toolchains/gcc-arm-none-eabi-10.3-2021.10/bin/../lib/gcc/arm-none-eabi/10.3.1/../../../../arm-none-eabi/lib/thumb/v7-m/nofp/libc.a(lib_a-lock.o)
                0x00000000080029a4                __retarget_lock_release_recursive
 .text.__register_exitproc
                0x00000000080029a8       0x8c /home/mark/toolchains/gcc-arm-none-eabi-10.3-2021.10/bin/../lib/gcc/arm-none-eabi/10.3.1/../../../../arm-none-eabi/lib/thumb/v7-m/nofp/libc.a(lib_a-__atexit.o)
                0x00000000080029a8                __register_exitproc
 *(.glue_7)
 .glue_7        0x0000000008002a34        0x0 linker stubs
 *(.glue_7t)
 .glue_7t       0x0000000008002a34        0x0 linker stubs
 *(.eh_frame)
 .eh_frame      0x0000000008002a34        0x0 /home/mark/toolchains/gcc-arm-none-eabi-10.3-2021.10/bin/../lib/gcc/arm-none-eabi/10.3.1/thumb/v7-m/nofp/crtbegin.o
 *(.init)
 .init          0x0000000008002a34        0x4 /home/mark/toolchains/gcc-arm-none-eabi-10.3-2021.10/bin/../lib/gcc/arm-none-eabi/10.3.1/thumb/v7-m/nofp/crti.o
                0x0000000008002a34                _init
 .init          0x0000000008002a38        0x8 /home/mark/toolchains/gcc-arm-none-eabi-10.3-2021.10/bin/../lib/gcc/arm-none-eabi/10.3.1/thumb/v7-m/nofp/crtn.o
 *(.fini)
 .fini          0x0000000008002a40        0x4 /home/mark/toolchains/gcc-arm-none-eabi-10.3-2021.10/bin/../lib/gcc/arm-none-eabi/10.3.1/thumb/v7-m/nofp/crti.o
                0x0000000008002a40                _fini
 .fini          0x0000000008002a44        0x8 /home/mark/toolchains/gcc-arm-none-eabi-10.3-2021.10/bin/../lib/gcc/arm-none-eabi/10.3.1/thumb/v7-m/nofp/crtn.o
                0x0000000008002a4c                . = ALIGN (0x4)
                0x0000000008002a4c                _etext = .

.vfp11_veneer   0x0000000008002a4c        0x0
 .vfp11_veneer  0x0000000008002a4c        0x0 linker stubs

.v4_bx          0x0000000008002a4c        0x0
 .v4_bx         0x0000000008002a4c        0x0 linker stubs

.iplt           0x0000000008002a4c        0x0
 .iplt          0x0000000008002a4c        0x0 /home/mark/toolchains/gcc-arm-none-eabi-10.3-2021.10/bin/../lib/gcc/arm-none-eabi/10.3.1/thumb/v7-m/nofp/crtbegin.o

.rodata         0x0000000008002a4c      0x138
                0x0000000008002a4c                . = ALIGN (0x4)
 *(.rodata)
 .rodata        0x0000000008002a4c        0x3 CMakeFiles/test_.elf.dir/Core/Src/main.c.obj
 *(.rodata*)
 *fill*         0x0000000008002a4f        0x1 
 .rodata.AHBPrescTable
                0x0000000008002a50       0x10 CMakeFiles/test_.elf.dir/Core/Src/system_stm32f1xx.c.obj
                0x0000000008002a50                AHBPrescTable
 .rodata.APBPrescTable
                0x0000000008002a60        0x8 CMakeFiles/test_.elf.dir/Core/Src/system_stm32f1xx.c.obj
                0x0000000008002a60                APBPrescTable
 .rodata.HAL_RCC_GetSysClockFreq.str1.4
                0x0000000008002a68       0x11 CMakeFiles/test_.elf.dir/Drivers/STM32F1xx_HAL_Driver/Src/stm32f1xx_hal_rcc.c.obj
 *fill*         0x0000000008002a79        0x3 
 .rodata._global_impure_ptr
                0x0000000008002a7c        0x4 /home/mark/toolchains/gcc-arm-none-eabi-10.3-2021.10/bin/../lib/gcc/arm-none-eabi/10.3.1/../../../../arm-none-eabi/lib/thumb/v7-m/nofp/libc.a(lib_a-impure.o)
                0x0000000008002a7c                _global_impure_ptr
 .rodata._ctype_
                0x0000000008002a80      0x101 /home/mark/toolchains/gcc-arm-none-eabi-10.3-2021.10/bin/../lib/gcc/arm-none-eabi/10.3.1/../../../../arm-none-eabi/lib/thumb/v7-m/nofp/libc.a(lib_a-ctype_.o)
                0x0000000008002a80                _ctype_
                0x0000000008002b84                . = ALIGN (0x4)
 *fill*         0x0000000008002b81        0x3 

.rel.dyn        0x0000000008002b84        0x0
 .rel.iplt      0x0000000008002b84        0x0 /home/mark/toolchains/gcc-arm-none-eabi-10.3-2021.10/bin/../lib/gcc/arm-none-eabi/10.3.1/thumb/v7-m/nofp/crtbegin.o

.ARM.extab
 *(.ARM.extab* .gnu.linkonce.armextab.*)

.ARM            0x0000000008002b84        0x0
                0x0000000008002b84                __exidx_start = .
 *(.ARM.exidx*)
                0x0000000008002b84                __exidx_end = .

.preinit_array  0x0000000008002b84        0x0
                0x0000000008002b84                PROVIDE (__preinit_array_start = .)
 *(.preinit_array*)
                0x0000000008002b84                PROVIDE (__preinit_array_end = .)

.init_array     0x0000000008002b84        0x8
                0x0000000008002b84                PROVIDE (__init_array_start = .)
 *(SORT_BY_NAME(.init_array.*))
 .init_array.00000
                0x0000000008002b84        0x4 /home/mark/toolchains/gcc-arm-none-eabi-10.3-2021.10/bin/../lib/gcc/arm-none-eabi/10.3.1/../../../../arm-none-eabi/lib/thumb/v7-m/nofp/libc.a(lib_a-__call_atexit.o)
 *(.init_array*)
 .init_array    0x0000000008002b88        0x4 /home/mark/toolchains/gcc-arm-none-eabi-10.3-2021.10/bin/../lib/gcc/arm-none-eabi/10.3.1/thumb/v7-m/nofp/crtbegin.o
                0x0000000008002b8c                PROVIDE (__init_array_end = .)

.fini_array     0x0000000008002b8c        0x4
                0x0000000008002b8c                PROVIDE (__fini_array_start = .)
 *(SORT_BY_NAME(.fini_array.*))
 *(.fini_array*)
 .fini_array    0x0000000008002b8c        0x4 /home/mark/toolchains/gcc-arm-none-eabi-10.3-2021.10/bin/../lib/gcc/arm-none-eabi/10.3.1/thumb/v7-m/nofp/crtbegin.o
                0x0000000008002b90                PROVIDE (__fini_array_end = .)
                0x0000000008002b90                _sidata = LOADADDR (.data)

.data           0x0000000020000000      0x444 load address 0x0000000008002b90
                0x0000000020000000                . = ALIGN (0x4)
                0x0000000020000000                _sdata = .
 *(.data)
 *(.data*)
 .data.count    0x0000000020000000        0x4 CMakeFiles/test_.elf.dir/Core/Src/main.c.obj
                0x0000000020000000                count
 .data.SystemCoreClock
                0x0000000020000004        0x4 CMakeFiles/test_.elf.dir/Core/Src/system_stm32f1xx.c.obj
                0x0000000020000004                SystemCoreClock
 .data.uwTickFreq
                0x0000000020000008        0x1 CMakeFiles/test_.elf.dir/Drivers/STM32F1xx_HAL_Driver/Src/stm32f1xx_hal.c.obj
                0x0000000020000008                uwTickFreq
 *fill*         0x0000000020000009        0x3 
 .data.uwTickPrio
                0x000000002000000c        0x4 CMakeFiles/test_.elf.dir/Drivers/STM32F1xx_HAL_Driver/Src/stm32f1xx_hal.c.obj
                0x000000002000000c                uwTickPrio
 .data._impure_ptr
                0x0000000020000010        0x4 /home/mark/toolchains/gcc-arm-none-eabi-10.3-2021.10/bin/../lib/gcc/arm-none-eabi/10.3.1/../../../../arm-none-eabi/lib/thumb/v7-m/nofp/libc.a(lib_a-impure.o)
                0x0000000020000010                _impure_ptr
 *fill*         0x0000000020000014        0x4 
 .data.impure_data
                0x0000000020000018      0x428 /home/mark/toolchains/gcc-arm-none-eabi-10.3-2021.10/bin/../lib/gcc/arm-none-eabi/10.3.1/../../../../arm-none-eabi/lib/thumb/v7-m/nofp/libc.a(lib_a-impure.o)
 .data.__atexit_recursive_mutex
                0x0000000020000440        0x4 /home/mark/toolchains/gcc-arm-none-eabi-10.3-2021.10/bin/../lib/gcc/arm-none-eabi/10.3.1/../../../../arm-none-eabi/lib/thumb/v7-m/nofp/libc.a(lib_a-__call_atexit.o)
                0x0000000020000440                __atexit_recursive_mutex
                0x0000000020000444                . = ALIGN (0x4)
                0x0000000020000444                _edata = .

.igot.plt       0x0000000020000444        0x0 load address 0x0000000008002fd4
 .igot.plt      0x0000000020000444        0x0 /home/mark/toolchains/gcc-arm-none-eabi-10.3-2021.10/bin/../lib/gcc/arm-none-eabi/10.3.1/thumb/v7-m/nofp/crtbegin.o
                0x0000000020000444                . = ALIGN (0x4)

.bss            0x0000000020000444      0x6cc load address 0x0000000008002fd4
                0x0000000020000444                _sbss = .
                0x0000000020000444                __bss_start__ = _sbss
 *(.bss)
 .bss           0x0000000020000444       0x1c /home/mark/toolchains/gcc-arm-none-eabi-10.3-2021.10/bin/../lib/gcc/arm-none-eabi/10.3.1/thumb/v7-m/nofp/crtbegin.o
 *(.bss*)
 .bss.answer    0x0000000020000460        0x4 CMakeFiles/test_.elf.dir/Core/Src/main.c.obj
                0x0000000020000460                answer
 .bss.console_buff
                0x0000000020000464       0x64 CMakeFiles/test_.elf.dir/Core/Src/main.c.obj
                0x0000000020000464                console_buff
 .bss.console_flag
                0x00000000200004c8        0x1 CMakeFiles/test_.elf.dir/Core/Src/main.c.obj
                0x00000000200004c8                console_flag
 *fill*         0x00000000200004c9        0x3 
 .bss.duration  0x00000000200004cc        0x4 CMakeFiles/test_.elf.dir/Core/Src/main.c.obj
                0x00000000200004cc                duration
 .bss.i.0       0x00000000200004d0        0x1 CMakeFiles/test_.elf.dir/Core/Src/main.c.obj
 .bss.s_state   0x00000000200004d1        0x1 CMakeFiles/test_.elf.dir/Core/Src/main.c.obj
                0x00000000200004d1                s_state
 .bss.sim       0x00000000200004d2        0x1 CMakeFiles/test_.elf.dir/Core/Src/main.c.obj
                0x00000000200004d2                sim
 *fill*         0x00000000200004d3        0x1 
 .bss.led_buf   0x00000000200004d4      0x51a CMakeFiles/test_.elf.dir/Core/Src/rgb_led.c.obj
 *fill*         0x00000000200009ee        0x2 
 .bss.hdma_tim1_ch1
                0x00000000200009f0       0x44 CMakeFiles/test_.elf.dir/Core/Src/tim.c.obj
                0x00000000200009f0                hdma_tim1_ch1
 .bss.htim1     0x0000000020000a34       0x48 CMakeFiles/test_.elf.dir/Core/Src/tim.c.obj
                0x0000000020000a34                htim1
 .bss.htim4     0x0000000020000a7c       0x48 CMakeFiles/test_.elf.dir/Core/Src/tim.c.obj
                0x0000000020000a7c                htim4
 .bss.huart1    0x0000000020000ac4       0x44 CMakeFiles/test_.elf.dir/Core/Src/usart.c.obj
                0x0000000020000ac4                huart1
 .bss.uwTick    0x0000000020000b08        0x4 CMakeFiles/test_.elf.dir/Drivers/STM32F1xx_HAL_Driver/Src/stm32f1xx_hal.c.obj
                0x0000000020000b08                uwTick
 .bss.__lock___atexit_recursive_mutex
                0x0000000020000b0c        0x1 /home/mark/toolchains/gcc-arm-none-eabi-10.3-2021.10/bin/../lib/gcc/arm-none-eabi/10.3.1/../../../../arm-none-eabi/lib/thumb/v7-m/nofp/libc.a(lib_a-lock.o)
                0x0000000020000b0c                __lock___atexit_recursive_mutex
 *(COMMON)
                0x0000000020000b10                . = ALIGN (0x4)
 *fill*         0x0000000020000b0d        0x3 
                0x0000000020000b10                _ebss = .
                0x0000000020000b10                __bss_end__ = _ebss

._user_heap_stack
                0x0000000020000b10      0x600 load address 0x0000000008002fd4
                0x0000000020000b10                . = ALIGN (0x8)
                [!provide]                        PROVIDE (end = .)
                [!provide]                        PROVIDE (_end = .)
                0x0000000020000d10                . = (. + _Min_Heap_Size)
 *fill*         0x0000000020000b10      0x200 
                0x0000000020001110                . = (. + _Min_Stack_Size)
 *fill*         0x0000000020000d10      0x400 
                0x0000000020001110                . = ALIGN (0x8)

/DISCARD/
 libc.a(*)
 libm.a(*)
 libgcc.a(*)

.ARM.attributes
                0x0000000000000000       0x29
 *(.ARM.attributes)
 .ARM.attributes
                0x0000000000000000       0x1d /home/mark/toolchains/gcc-arm-none-eabi-10.3-2021.10/bin/../lib/gcc/arm-none-eabi/10.3.1/thumb/v7-m/nofp/crti.o
 .ARM.attributes
                0x000000000000001d       0x2d /home/mark/toolchains/gcc-arm-none-eabi-10.3-2021.10/bin/../lib/gcc/arm-none-eabi/10.3.1/thumb/v7-m/nofp/crtbegin.o
 .ARM.attributes
                0x000000000000004a       0x2d CMakeFiles/test_.elf.dir/Core/Src/dma.c.obj
 .ARM.attributes
                0x0000000000000077       0x2d CMakeFiles/test_.elf.dir/Core/Src/gpio.c.obj
 .ARM.attributes
                0x00000000000000a4       0x2d CMakeFiles/test_.elf.dir/Core/Src/main.c.obj
 .ARM.attributes
                0x00000000000000d1       0x2d CMakeFiles/test_.elf.dir/Core/Src/rgb_led.c.obj
 .ARM.attributes
                0x00000000000000fe       0x2d CMakeFiles/test_.elf.dir/Core/Src/stm32f1xx_hal_msp.c.obj
 .ARM.attributes
                0x000000000000012b       0x2d CMakeFiles/test_.elf.dir/Core/Src/stm32f1xx_it.c.obj
 .ARM.attributes
                0x0000000000000158       0x2d CMakeFiles/test_.elf.dir/Core/Src/system_stm32f1xx.c.obj
 .ARM.attributes
                0x0000000000000185       0x2d CMakeFiles/test_.elf.dir/Core/Src/tim.c.obj
 .ARM.attributes
                0x00000000000001b2       0x2d CMakeFiles/test_.elf.dir/Core/Src/usart.c.obj
 .ARM.attributes
                0x00000000000001df       0x2d CMakeFiles/test_.elf.dir/Drivers/STM32F1xx_HAL_Driver/Src/stm32f1xx_hal.c.obj
 .ARM.attributes
                0x000000000000020c       0x2d CMakeFiles/test_.elf.dir/Drivers/STM32F1xx_HAL_Driver/Src/stm32f1xx_hal_cortex.c.obj
 .ARM.attributes
                0x0000000000000239       0x2d CMakeFiles/test_.elf.dir/Drivers/STM32F1xx_HAL_Driver/Src/stm32f1xx_hal_dma.c.obj
 .ARM.attributes
                0x0000000000000266       0x2d CMakeFiles/test_.elf.dir/Drivers/STM32F1xx_HAL_Driver/Src/stm32f1xx_hal_gpio.c.obj
 .ARM.attributes
                0x0000000000000293       0x2d CMakeFiles/test_.elf.dir/Drivers/STM32F1xx_HAL_Driver/Src/stm32f1xx_hal_rcc.c.obj
 .ARM.attributes
                0x00000000000002c0       0x2d CMakeFiles/test_.elf.dir/Drivers/STM32F1xx_HAL_Driver/Src/stm32f1xx_hal_tim.c.obj
 .ARM.attributes
                0x00000000000002ed       0x2d CMakeFiles/test_.elf.dir/Drivers/STM32F1xx_HAL_Driver/Src/stm32f1xx_hal_tim_ex.c.obj
 .ARM.attributes
                0x000000000000031a       0x2d CMakeFiles/test_.elf.dir/Drivers/STM32F1xx_HAL_Driver/Src/stm32f1xx_hal_uart.c.obj
 .ARM.attributes
                0x0000000000000347       0x21 CMakeFiles/test_.elf.dir/startup_stm32f103xb.s.obj
 .ARM.attributes
                0x0000000000000368       0x2d /home/mark/toolchains/gcc-arm-none-eabi-10.3-2021.10/bin/../lib/gcc/arm-none-eabi/10.3.1/../../../../arm-none-eabi/lib/thumb/v7-m/nofp/libc.a(lib_a-atoi.o)
 .ARM.attributes
                0x0000000000000395       0x2d /home/mark/toolchains/gcc-arm-none-eabi-10.3-2021.10/bin/../lib/gcc/arm-none-eabi/10.3.1/../../../../arm-none-eabi/lib/thumb/v7-m/nofp/libc.a(lib_a-impure.o)
 .ARM.attributes
                0x00000000000003c2       0x2d /home/mark/toolchains/gcc-arm-none-eabi-10.3-2021.10/bin/../lib/gcc/arm-none-eabi/10.3.1/../../../../arm-none-eabi/lib/thumb/v7-m/nofp/libc.a(lib_a-init.o)
 .ARM.attributes
                0x00000000000003ef       0x2d /home/mark/toolchains/gcc-arm-none-eabi-10.3-2021.10/bin/../lib/gcc/arm-none-eabi/10.3.1/../../../../arm-none-eabi/lib/thumb/v7-m/nofp/libc.a(lib_a-memset.o)
 .ARM.attributes
                0x000000000000041c       0x2d /home/mark/toolchains/gcc-arm-none-eabi-10.3-2021.10/bin/../lib/gcc/arm-none-eabi/10.3.1/../../../../arm-none-eabi/lib/thumb/v7-m/nofp/libc.a(lib_a-strlen-stub.o)
 .ARM.attributes
                0x0000000000000449       0x2d /home/mark/toolchains/gcc-arm-none-eabi-10.3-2021.10/bin/../lib/gcc/arm-none-eabi/10.3.1/../../../../arm-none-eabi/lib/thumb/v7-m/nofp/libc.a(lib_a-strtol.o)
 .ARM.attributes
                0x0000000000000476       0x2d /home/mark/toolchains/gcc-arm-none-eabi-10.3-2021.10/bin/../lib/gcc/arm-none-eabi/10.3.1/../../../../arm-none-eabi/lib/thumb/v7-m/nofp/libc.a(lib_a-__call_atexit.o)
 .ARM.attributes
                0x00000000000004a3       0x2d /home/mark/toolchains/gcc-arm-none-eabi-10.3-2021.10/bin/../lib/gcc/arm-none-eabi/10.3.1/../../../../arm-none-eabi/lib/thumb/v7-m/nofp/libc.a(lib_a-atexit.o)
 .ARM.attributes
                0x00000000000004d0       0x2d /home/mark/toolchains/gcc-arm-none-eabi-10.3-2021.10/bin/../lib/gcc/arm-none-eabi/10.3.1/../../../../arm-none-eabi/lib/thumb/v7-m/nofp/libc.a(lib_a-ctype_.o)
 .ARM.attributes
                0x00000000000004fd       0x2d /home/mark/toolchains/gcc-arm-none-eabi-10.3-2021.10/bin/../lib/gcc/arm-none-eabi/10.3.1/../../../../arm-none-eabi/lib/thumb/v7-m/nofp/libc.a(lib_a-errno.o)
 .ARM.attributes
                0x000000000000052a       0x2d /home/mark/toolchains/gcc-arm-none-eabi-10.3-2021.10/bin/../lib/gcc/arm-none-eabi/10.3.1/../../../../arm-none-eabi/lib/thumb/v7-m/nofp/libc.a(lib_a-fini.o)
 .ARM.attributes
                0x0000000000000557       0x2d /home/mark/toolchains/gcc-arm-none-eabi-10.3-2021.10/bin/../lib/gcc/arm-none-eabi/10.3.1/../../../../arm-none-eabi/lib/thumb/v7-m/nofp/libc.a(lib_a-lock.o)
 .ARM.attributes
                0x0000000000000584       0x2d /home/mark/toolchains/gcc-arm-none-eabi-10.3-2021.10/bin/../lib/gcc/arm-none-eabi/10.3.1/../../../../arm-none-eabi/lib/thumb/v7-m/nofp/libc.a(lib_a-__atexit.o)
 .ARM.attributes
                0x00000000000005b1       0x1d /home/mark/toolchains/gcc-arm-none-eabi-10.3-2021.10/bin/../lib/gcc/arm-none-eabi/10.3.1/thumb/v7-m/nofp/crtn.o
OUTPUT(test_.elf elf32-littlearm)
LOAD linker stubs
LOAD /home/mark/toolchains/gcc-arm-none-eabi-10.3-2021.10/bin/../lib/gcc/arm-none-eabi/10.3.1/../../../../arm-none-eabi/lib/thumb/v7-m/nofp/libc.a
LOAD /home/mark/toolchains/gcc-arm-none-eabi-10.3-2021.10/bin/../lib/gcc/arm-none-eabi/10.3.1/../../../../arm-none-eabi/lib/thumb/v7-m/nofp/libm.a
LOAD /home/mark/toolchains/gcc-arm-none-eabi-10.3-2021.10/bin/../lib/gcc/arm-none-eabi/10.3.1/thumb/v7-m/nofp/libgcc.a

.debug_info     0x0000000000000000     0xe4b5
 .debug_info    0x0000000000000000      0x2f4 CMakeFiles/test_.elf.dir/Core/Src/dma.c.obj
 .debug_info    0x00000000000002f4      0x349 CMakeFiles/test_.elf.dir/Core/Src/gpio.c.obj
 .debug_info    0x000000000000063d     0x107e CMakeFiles/test_.elf.dir/Core/Src/main.c.obj
 .debug_info    0x00000000000016bb      0x76c CMakeFiles/test_.elf.dir/Core/Src/rgb_led.c.obj
 .debug_info    0x0000000000001e27      0x211 CMakeFiles/test_.elf.dir/Core/Src/stm32f1xx_hal_msp.c.obj
 .debug_info    0x0000000000002038      0x9d4 CMakeFiles/test_.elf.dir/Core/Src/stm32f1xx_it.c.obj
 .debug_info    0x0000000000002a0c      0x248 CMakeFiles/test_.elf.dir/Core/Src/system_stm32f1xx.c.obj
 .debug_info    0x0000000000002c54      0xed1 CMakeFiles/test_.elf.dir/Core/Src/tim.c.obj
 .debug_info    0x0000000000003b25      0x9dd CMakeFiles/test_.elf.dir/Core/Src/usart.c.obj
 .debug_info    0x0000000000004502      0x7a8 CMakeFiles/test_.elf.dir/Drivers/STM32F1xx_HAL_Driver/Src/stm32f1xx_hal.c.obj
 .debug_info    0x0000000000004caa      0xd8a CMakeFiles/test_.elf.dir/Drivers/STM32F1xx_HAL_Driver/Src/stm32f1xx_hal_cortex.c.obj
 .debug_info    0x0000000000005a34      0x846 CMakeFiles/test_.elf.dir/Drivers/STM32F1xx_HAL_Driver/Src/stm32f1xx_hal_dma.c.obj
 .debug_info    0x000000000000627a      0x66f CMakeFiles/test_.elf.dir/Drivers/STM32F1xx_HAL_Driver/Src/stm32f1xx_hal_gpio.c.obj
 .debug_info    0x00000000000068e9      0xa36 CMakeFiles/test_.elf.dir/Drivers/STM32F1xx_HAL_Driver/Src/stm32f1xx_hal_rcc.c.obj
 .debug_info    0x000000000000731f     0x3b00 CMakeFiles/test_.elf.dir/Drivers/STM32F1xx_HAL_Driver/Src/stm32f1xx_hal_tim.c.obj
 .debug_info    0x000000000000ae1f     0x19e9 CMakeFiles/test_.elf.dir/Drivers/STM32F1xx_HAL_Driver/Src/stm32f1xx_hal_tim_ex.c.obj
 .debug_info    0x000000000000c808     0x1c8b CMakeFiles/test_.elf.dir/Drivers/STM32F1xx_HAL_Driver/Src/stm32f1xx_hal_uart.c.obj
 .debug_info    0x000000000000e493       0x22 CMakeFiles/test_.elf.dir/startup_stm32f103xb.s.obj

.debug_abbrev   0x0000000000000000     0x215e
 .debug_abbrev  0x0000000000000000      0x114 CMakeFiles/test_.elf.dir/Core/Src/dma.c.obj
 .debug_abbrev  0x0000000000000114      0x13c CMakeFiles/test_.elf.dir/Core/Src/gpio.c.obj
 .debug_abbrev  0x0000000000000250      0x306 CMakeFiles/test_.elf.dir/Core/Src/main.c.obj
 .debug_abbrev  0x0000000000000556      0x1f2 CMakeFiles/test_.elf.dir/Core/Src/rgb_led.c.obj
 .debug_abbrev  0x0000000000000748       0xe5 CMakeFiles/test_.elf.dir/Core/Src/stm32f1xx_hal_msp.c.obj
 .debug_abbrev  0x000000000000082d      0x179 CMakeFiles/test_.elf.dir/Core/Src/stm32f1xx_it.c.obj
 .debug_abbrev  0x00000000000009a6      0x13e CMakeFiles/test_.elf.dir/Core/Src/system_stm32f1xx.c.obj
 .debug_abbrev  0x0000000000000ae4      0x213 CMakeFiles/test_.elf.dir/Core/Src/tim.c.obj
 .debug_abbrev  0x0000000000000cf7      0x1ca CMakeFiles/test_.elf.dir/Core/Src/usart.c.obj
 .debug_abbrev  0x0000000000000ec1      0x1f4 CMakeFiles/test_.elf.dir/Drivers/STM32F1xx_HAL_Driver/Src/stm32f1xx_hal.c.obj
 .debug_abbrev  0x00000000000010b5      0x341 CMakeFiles/test_.elf.dir/Drivers/STM32F1xx_HAL_Driver/Src/stm32f1xx_hal_cortex.c.obj
 .debug_abbrev  0x00000000000013f6      0x223 CMakeFiles/test_.elf.dir/Drivers/STM32F1xx_HAL_Driver/Src/stm32f1xx_hal_dma.c.obj
 .debug_abbrev  0x0000000000001619      0x1e6 CMakeFiles/test_.elf.dir/Drivers/STM32F1xx_HAL_Driver/Src/stm32f1xx_hal_gpio.c.obj
 .debug_abbrev  0x00000000000017ff      0x27a CMakeFiles/test_.elf.dir/Drivers/STM32F1xx_HAL_Driver/Src/stm32f1xx_hal_rcc.c.obj
 .debug_abbrev  0x0000000000001a79      0x23e CMakeFiles/test_.elf.dir/Drivers/STM32F1xx_HAL_Driver/Src/stm32f1xx_hal_tim.c.obj
 .debug_abbrev  0x0000000000001cb7      0x241 CMakeFiles/test_.elf.dir/Drivers/STM32F1xx_HAL_Driver/Src/stm32f1xx_hal_tim_ex.c.obj
 .debug_abbrev  0x0000000000001ef8      0x254 CMakeFiles/test_.elf.dir/Drivers/STM32F1xx_HAL_Driver/Src/stm32f1xx_hal_uart.c.obj
 .debug_abbrev  0x000000000000214c       0x12 CMakeFiles/test_.elf.dir/startup_stm32f103xb.s.obj

.debug_aranges  0x0000000000000000      0xc30
 .debug_aranges
                0x0000000000000000       0x20 CMakeFiles/test_.elf.dir/Core/Src/dma.c.obj
 .debug_aranges
                0x0000000000000020       0x20 CMakeFiles/test_.elf.dir/Core/Src/gpio.c.obj
 .debug_aranges
                0x0000000000000040       0x48 CMakeFiles/test_.elf.dir/Core/Src/main.c.obj
 .debug_aranges
                0x0000000000000088       0x30 CMakeFiles/test_.elf.dir/Core/Src/rgb_led.c.obj
 .debug_aranges
                0x00000000000000b8       0x20 CMakeFiles/test_.elf.dir/Core/Src/stm32f1xx_hal_msp.c.obj
 .debug_aranges
                0x00000000000000d8       0x78 CMakeFiles/test_.elf.dir/Core/Src/stm32f1xx_it.c.obj
 .debug_aranges
                0x0000000000000150       0x28 CMakeFiles/test_.elf.dir/Core/Src/system_stm32f1xx.c.obj
 .debug_aranges
                0x0000000000000178       0x50 CMakeFiles/test_.elf.dir/Core/Src/tim.c.obj
 .debug_aranges
                0x00000000000001c8       0x30 CMakeFiles/test_.elf.dir/Core/Src/usart.c.obj
 .debug_aranges
                0x00000000000001f8       0xe0 CMakeFiles/test_.elf.dir/Drivers/STM32F1xx_HAL_Driver/Src/stm32f1xx_hal.c.obj
 .debug_aranges
                0x00000000000002d8       0x90 CMakeFiles/test_.elf.dir/Drivers/STM32F1xx_HAL_Driver/Src/stm32f1xx_hal_cortex.c.obj
 .debug_aranges
                0x0000000000000368       0x80 CMakeFiles/test_.elf.dir/Drivers/STM32F1xx_HAL_Driver/Src/stm32f1xx_hal_dma.c.obj
 .debug_aranges
                0x00000000000003e8       0x58 CMakeFiles/test_.elf.dir/Drivers/STM32F1xx_HAL_Driver/Src/stm32f1xx_hal_gpio.c.obj
 .debug_aranges
                0x0000000000000440       0x90 CMakeFiles/test_.elf.dir/Drivers/STM32F1xx_HAL_Driver/Src/stm32f1xx_hal_rcc.c.obj
 .debug_aranges
                0x00000000000004d0      0x3d0 CMakeFiles/test_.elf.dir/Drivers/STM32F1xx_HAL_Driver/Src/stm32f1xx_hal_tim.c.obj
 .debug_aranges
                0x00000000000008a0      0x168 CMakeFiles/test_.elf.dir/Drivers/STM32F1xx_HAL_Driver/Src/stm32f1xx_hal_tim_ex.c.obj
 .debug_aranges
                0x0000000000000a08      0x200 CMakeFiles/test_.elf.dir/Drivers/STM32F1xx_HAL_Driver/Src/stm32f1xx_hal_uart.c.obj
 .debug_aranges
                0x0000000000000c08       0x28 CMakeFiles/test_.elf.dir/startup_stm32f103xb.s.obj

.debug_ranges   0x0000000000000000      0xbe0
 .debug_ranges  0x0000000000000000       0x10 CMakeFiles/test_.elf.dir/Core/Src/dma.c.obj
 .debug_ranges  0x0000000000000010       0x10 CMakeFiles/test_.elf.dir/Core/Src/gpio.c.obj
 .debug_ranges  0x0000000000000020       0x68 CMakeFiles/test_.elf.dir/Core/Src/main.c.obj
 .debug_ranges  0x0000000000000088       0x38 CMakeFiles/test_.elf.dir/Core/Src/rgb_led.c.obj
 .debug_ranges  0x00000000000000c0       0x10 CMakeFiles/test_.elf.dir/Core/Src/stm32f1xx_hal_msp.c.obj
 .debug_ranges  0x00000000000000d0       0x68 CMakeFiles/test_.elf.dir/Core/Src/stm32f1xx_it.c.obj
 .debug_ranges  0x0000000000000138       0x18 CMakeFiles/test_.elf.dir/Core/Src/system_stm32f1xx.c.obj
 .debug_ranges  0x0000000000000150       0x40 CMakeFiles/test_.elf.dir/Core/Src/tim.c.obj
 .debug_ranges  0x0000000000000190       0x20 CMakeFiles/test_.elf.dir/Core/Src/usart.c.obj
 .debug_ranges  0x00000000000001b0       0xd0 CMakeFiles/test_.elf.dir/Drivers/STM32F1xx_HAL_Driver/Src/stm32f1xx_hal.c.obj
 .debug_ranges  0x0000000000000280       0xe0 CMakeFiles/test_.elf.dir/Drivers/STM32F1xx_HAL_Driver/Src/stm32f1xx_hal_cortex.c.obj
 .debug_ranges  0x0000000000000360       0x70 CMakeFiles/test_.elf.dir/Drivers/STM32F1xx_HAL_Driver/Src/stm32f1xx_hal_dma.c.obj
 .debug_ranges  0x00000000000003d0       0x48 CMakeFiles/test_.elf.dir/Drivers/STM32F1xx_HAL_Driver/Src/stm32f1xx_hal_gpio.c.obj
 .debug_ranges  0x0000000000000418       0xa0 CMakeFiles/test_.elf.dir/Drivers/STM32F1xx_HAL_Driver/Src/stm32f1xx_hal_rcc.c.obj
 .debug_ranges  0x00000000000004b8      0x3c0 CMakeFiles/test_.elf.dir/Drivers/STM32F1xx_HAL_Driver/Src/stm32f1xx_hal_tim.c.obj
 .debug_ranges  0x0000000000000878      0x158 CMakeFiles/test_.elf.dir/Drivers/STM32F1xx_HAL_Driver/Src/stm32f1xx_hal_tim_ex.c.obj
 .debug_ranges  0x00000000000009d0      0x1f0 CMakeFiles/test_.elf.dir/Drivers/STM32F1xx_HAL_Driver/Src/stm32f1xx_hal_uart.c.obj
 .debug_ranges  0x0000000000000bc0       0x20 CMakeFiles/test_.elf.dir/startup_stm32f103xb.s.obj

.debug_line     0x0000000000000000     0xcd06
 .debug_line    0x0000000000000000      0x1f0 CMakeFiles/test_.elf.dir/Core/Src/dma.c.obj
 .debug_line    0x00000000000001f0      0x25e CMakeFiles/test_.elf.dir/Core/Src/gpio.c.obj
 .debug_line    0x000000000000044e      0x6d6 CMakeFiles/test_.elf.dir/Core/Src/main.c.obj
 .debug_line    0x0000000000000b24      0x37e CMakeFiles/test_.elf.dir/Core/Src/rgb_led.c.obj
 .debug_line    0x0000000000000ea2      0x1aa CMakeFiles/test_.elf.dir/Core/Src/stm32f1xx_hal_msp.c.obj
 .debug_line    0x000000000000104c      0x386 CMakeFiles/test_.elf.dir/Core/Src/stm32f1xx_it.c.obj
 .debug_line    0x00000000000013d2      0x274 CMakeFiles/test_.elf.dir/Core/Src/system_stm32f1xx.c.obj
 .debug_line    0x0000000000001646      0x5b7 CMakeFiles/test_.elf.dir/Core/Src/tim.c.obj
 .debug_line    0x0000000000001bfd      0x386 CMakeFiles/test_.elf.dir/Core/Src/usart.c.obj
 .debug_line    0x0000000000001f83      0x5a2 CMakeFiles/test_.elf.dir/Drivers/STM32F1xx_HAL_Driver/Src/stm32f1xx_hal.c.obj
 .debug_line    0x0000000000002525      0x68a CMakeFiles/test_.elf.dir/Drivers/STM32F1xx_HAL_Driver/Src/stm32f1xx_hal_cortex.c.obj
 .debug_line    0x0000000000002baf      0xaa4 CMakeFiles/test_.elf.dir/Drivers/STM32F1xx_HAL_Driver/Src/stm32f1xx_hal_dma.c.obj
 .debug_line    0x0000000000003653      0x634 CMakeFiles/test_.elf.dir/Drivers/STM32F1xx_HAL_Driver/Src/stm32f1xx_hal_gpio.c.obj
 .debug_line    0x0000000000003c87      0xc7d CMakeFiles/test_.elf.dir/Drivers/STM32F1xx_HAL_Driver/Src/stm32f1xx_hal_rcc.c.obj
 .debug_line    0x0000000000004904     0x46af CMakeFiles/test_.elf.dir/Drivers/STM32F1xx_HAL_Driver/Src/stm32f1xx_hal_tim.c.obj
 .debug_line    0x0000000000008fb3     0x1baf CMakeFiles/test_.elf.dir/Drivers/STM32F1xx_HAL_Driver/Src/stm32f1xx_hal_tim_ex.c.obj
 .debug_line    0x000000000000ab62     0x210c CMakeFiles/test_.elf.dir/Drivers/STM32F1xx_HAL_Driver/Src/stm32f1xx_hal_uart.c.obj
 .debug_line    0x000000000000cc6e       0x98 CMakeFiles/test_.elf.dir/startup_stm32f103xb.s.obj

.debug_str      0x0000000000000000     0x39d5
 .debug_str     0x0000000000000000      0x4d2 CMakeFiles/test_.elf.dir/Core/Src/dma.c.obj
                                        0x50f (size before relaxing)
 .debug_str     0x00000000000004d2       0xca CMakeFiles/test_.elf.dir/Core/Src/gpio.c.obj
                                        0x2ac (size before relaxing)
 .debug_str     0x000000000000059c      0x992 CMakeFiles/test_.elf.dir/Core/Src/main.c.obj
                                        0xc08 (size before relaxing)
 .debug_str     0x0000000000000f2e       0x70 CMakeFiles/test_.elf.dir/Core/Src/rgb_led.c.obj
                                        0x708 (size before relaxing)
 .debug_str     0x0000000000000f9e       0x7a CMakeFiles/test_.elf.dir/Core/Src/stm32f1xx_hal_msp.c.obj
                                        0x24e (size before relaxing)
 .debug_str     0x0000000000001018      0x15a CMakeFiles/test_.elf.dir/Core/Src/stm32f1xx_it.c.obj
                                        0x9a4 (size before relaxing)
 .debug_str     0x0000000000001172       0x9e CMakeFiles/test_.elf.dir/Core/Src/system_stm32f1xx.c.obj
                                        0x283 (size before relaxing)
 .debug_str     0x0000000000001210      0x324 CMakeFiles/test_.elf.dir/Core/Src/tim.c.obj
                                        0xda3 (size before relaxing)
 .debug_str     0x0000000000001534       0x81 CMakeFiles/test_.elf.dir/Core/Src/usart.c.obj
                                        0x9d8 (size before relaxing)
 .debug_str     0x00000000000015b5      0x31f CMakeFiles/test_.elf.dir/Drivers/STM32F1xx_HAL_Driver/Src/stm32f1xx_hal.c.obj
                                        0x853 (size before relaxing)
 .debug_str     0x00000000000018d4      0x3be CMakeFiles/test_.elf.dir/Drivers/STM32F1xx_HAL_Driver/Src/stm32f1xx_hal_cortex.c.obj
                                        0x902 (size before relaxing)
 .debug_str     0x0000000000001c92      0x230 CMakeFiles/test_.elf.dir/Drivers/STM32F1xx_HAL_Driver/Src/stm32f1xx_hal_dma.c.obj
                                        0x62c (size before relaxing)
 .debug_str     0x0000000000001ec2      0x111 CMakeFiles/test_.elf.dir/Drivers/STM32F1xx_HAL_Driver/Src/stm32f1xx_hal_gpio.c.obj
                                        0x42f (size before relaxing)
 .debug_str     0x0000000000001fd3      0x214 CMakeFiles/test_.elf.dir/Drivers/STM32F1xx_HAL_Driver/Src/stm32f1xx_hal_rcc.c.obj
                                        0x65a (size before relaxing)
 .debug_str     0x00000000000021e7      0xd68 CMakeFiles/test_.elf.dir/Drivers/STM32F1xx_HAL_Driver/Src/stm32f1xx_hal_tim.c.obj
                                       0x1667 (size before relaxing)
 .debug_str     0x0000000000002f4f      0x492 CMakeFiles/test_.elf.dir/Drivers/STM32F1xx_HAL_Driver/Src/stm32f1xx_hal_tim_ex.c.obj
                                        0xe68 (size before relaxing)
 .debug_str     0x00000000000033e1      0x5ad CMakeFiles/test_.elf.dir/Drivers/STM32F1xx_HAL_Driver/Src/stm32f1xx_hal_uart.c.obj
                                        0xcbd (size before relaxing)
 .debug_str     0x000000000000398e       0x47 CMakeFiles/test_.elf.dir/startup_stm32f103xb.s.obj
                                         0x70 (size before relaxing)

.comment        0x0000000000000000       0x49
 .comment       0x0000000000000000       0x49 CMakeFiles/test_.elf.dir/Core/Src/dma.c.obj
                                         0x4a (size before relaxing)
 .comment       0x0000000000000049       0x4a CMakeFiles/test_.elf.dir/Core/Src/gpio.c.obj
 .comment       0x0000000000000049       0x4a CMakeFiles/test_.elf.dir/Core/Src/main.c.obj
 .comment       0x0000000000000049       0x4a CMakeFiles/test_.elf.dir/Core/Src/rgb_led.c.obj
 .comment       0x0000000000000049       0x4a CMakeFiles/test_.elf.dir/Core/Src/stm32f1xx_hal_msp.c.obj
 .comment       0x0000000000000049       0x4a CMakeFiles/test_.elf.dir/Core/Src/stm32f1xx_it.c.obj
 .comment       0x0000000000000049       0x4a CMakeFiles/test_.elf.dir/Core/Src/system_stm32f1xx.c.obj
 .comment       0x0000000000000049       0x4a CMakeFiles/test_.elf.dir/Core/Src/tim.c.obj
 .comment       0x0000000000000049       0x4a CMakeFiles/test_.elf.dir/Core/Src/usart.c.obj
 .comment       0x0000000000000049       0x4a CMakeFiles/test_.elf.dir/Drivers/STM32F1xx_HAL_Driver/Src/stm32f1xx_hal.c.obj
 .comment       0x0000000000000049       0x4a CMakeFiles/test_.elf.dir/Drivers/STM32F1xx_HAL_Driver/Src/stm32f1xx_hal_cortex.c.obj
 .comment       0x0000000000000049       0x4a CMakeFiles/test_.elf.dir/Drivers/STM32F1xx_HAL_Driver/Src/stm32f1xx_hal_dma.c.obj
 .comment       0x0000000000000049       0x4a CMakeFiles/test_.elf.dir/Drivers/STM32F1xx_HAL_Driver/Src/stm32f1xx_hal_gpio.c.obj
 .comment       0x0000000000000049       0x4a CMakeFiles/test_.elf.dir/Drivers/STM32F1xx_HAL_Driver/Src/stm32f1xx_hal_rcc.c.obj
 .comment       0x0000000000000049       0x4a CMakeFiles/test_.elf.dir/Drivers/STM32F1xx_HAL_Driver/Src/stm32f1xx_hal_tim.c.obj
 .comment       0x0000000000000049       0x4a CMakeFiles/test_.elf.dir/Drivers/STM32F1xx_HAL_Driver/Src/stm32f1xx_hal_tim_ex.c.obj
 .comment       0x0000000000000049       0x4a CMakeFiles/test_.elf.dir/Drivers/STM32F1xx_HAL_Driver/Src/stm32f1xx_hal_uart.c.obj

.debug_frame    0x0000000000000000     0x2274
 .debug_frame   0x0000000000000000       0x2c CMakeFiles/test_.elf.dir/Core/Src/dma.c.obj
 .debug_frame   0x000000000000002c       0x38 CMakeFiles/test_.elf.dir/Core/Src/gpio.c.obj
 .debug_frame   0x0000000000000064       0xac CMakeFiles/test_.elf.dir/Core/Src/main.c.obj
 .debug_frame   0x0000000000000110       0x68 CMakeFiles/test_.elf.dir/Core/Src/rgb_led.c.obj
 .debug_frame   0x0000000000000178       0x28 CMakeFiles/test_.elf.dir/Core/Src/stm32f1xx_hal_msp.c.obj
 .debug_frame   0x00000000000001a0       0xf0 CMakeFiles/test_.elf.dir/Core/Src/stm32f1xx_it.c.obj
 .debug_frame   0x0000000000000290       0x30 CMakeFiles/test_.elf.dir/Core/Src/system_stm32f1xx.c.obj
 .debug_frame   0x00000000000002c0       0xe0 CMakeFiles/test_.elf.dir/Core/Src/tim.c.obj
 .debug_frame   0x00000000000003a0       0x64 CMakeFiles/test_.elf.dir/Core/Src/usart.c.obj
 .debug_frame   0x0000000000000404      0x1cc CMakeFiles/test_.elf.dir/Drivers/STM32F1xx_HAL_Driver/Src/stm32f1xx_hal.c.obj
 .debug_frame   0x00000000000005d0      0x118 CMakeFiles/test_.elf.dir/Drivers/STM32F1xx_HAL_Driver/Src/stm32f1xx_hal_cortex.c.obj
 .debug_frame   0x00000000000006e8      0x144 CMakeFiles/test_.elf.dir/Drivers/STM32F1xx_HAL_Driver/Src/stm32f1xx_hal_dma.c.obj
 .debug_frame   0x000000000000082c       0xe4 CMakeFiles/test_.elf.dir/Drivers/STM32F1xx_HAL_Driver/Src/stm32f1xx_hal_gpio.c.obj
 .debug_frame   0x0000000000000910      0x190 CMakeFiles/test_.elf.dir/Drivers/STM32F1xx_HAL_Driver/Src/stm32f1xx_hal_rcc.c.obj
 .debug_frame   0x0000000000000aa0      0xb18 CMakeFiles/test_.elf.dir/Drivers/STM32F1xx_HAL_Driver/Src/stm32f1xx_hal_tim.c.obj
 .debug_frame   0x00000000000015b8      0x40c CMakeFiles/test_.elf.dir/Drivers/STM32F1xx_HAL_Driver/Src/stm32f1xx_hal_tim_ex.c.obj
 .debug_frame   0x00000000000019c4      0x5c4 CMakeFiles/test_.elf.dir/Drivers/STM32F1xx_HAL_Driver/Src/stm32f1xx_hal_uart.c.obj
 .debug_frame   0x0000000000001f88       0x30 /home/mark/toolchains/gcc-arm-none-eabi-10.3-2021.10/bin/../lib/gcc/arm-none-eabi/10.3.1/../../../../arm-none-eabi/lib/thumb/v7-m/nofp/libc.a(lib_a-atoi.o)
 .debug_frame   0x0000000000001fb8       0x2c /home/mark/toolchains/gcc-arm-none-eabi-10.3-2021.10/bin/../lib/gcc/arm-none-eabi/10.3.1/../../../../arm-none-eabi/lib/thumb/v7-m/nofp/libc.a(lib_a-init.o)
 .debug_frame   0x0000000000001fe4       0x2c /home/mark/toolchains/gcc-arm-none-eabi-10.3-2021.10/bin/../lib/gcc/arm-none-eabi/10.3.1/../../../../arm-none-eabi/lib/thumb/v7-m/nofp/libc.a(lib_a-memset.o)
 .debug_frame   0x0000000000002010       0x20 /home/mark/toolchains/gcc-arm-none-eabi-10.3-2021.10/bin/../lib/gcc/arm-none-eabi/10.3.1/../../../../arm-none-eabi/lib/thumb/v7-m/nofp/libc.a(lib_a-strlen-stub.o)
 .debug_frame   0x0000000000002030       0x90 /home/mark/toolchains/gcc-arm-none-eabi-10.3-2021.10/bin/../lib/gcc/arm-none-eabi/10.3.1/../../../../arm-none-eabi/lib/thumb/v7-m/nofp/libc.a(lib_a-strtol.o)
 .debug_frame   0x00000000000020c0       0x5c /home/mark/toolchains/gcc-arm-none-eabi-10.3-2021.10/bin/../lib/gcc/arm-none-eabi/10.3.1/../../../../arm-none-eabi/lib/thumb/v7-m/nofp/libc.a(lib_a-__call_atexit.o)
 .debug_frame   0x000000000000211c       0x20 /home/mark/toolchains/gcc-arm-none-eabi-10.3-2021.10/bin/../lib/gcc/arm-none-eabi/10.3.1/../../../../arm-none-eabi/lib/thumb/v7-m/nofp/libc.a(lib_a-atexit.o)
 .debug_frame   0x000000000000213c       0x20 /home/mark/toolchains/gcc-arm-none-eabi-10.3-2021.10/bin/../lib/gcc/arm-none-eabi/10.3.1/../../../../arm-none-eabi/lib/thumb/v7-m/nofp/libc.a(lib_a-errno.o)
 .debug_frame   0x000000000000215c       0x34 /home/mark/toolchains/gcc-arm-none-eabi-10.3-2021.10/bin/../lib/gcc/arm-none-eabi/10.3.1/../../../../arm-none-eabi/lib/thumb/v7-m/nofp/libc.a(lib_a-fini.o)
 .debug_frame   0x0000000000002190       0xb0 /home/mark/toolchains/gcc-arm-none-eabi-10.3-2021.10/bin/../lib/gcc/arm-none-eabi/10.3.1/../../../../arm-none-eabi/lib/thumb/v7-m/nofp/libc.a(lib_a-lock.o)
 .debug_frame   0x0000000000002240       0x34 /home/mark/toolchains/gcc-arm-none-eabi-10.3-2021.10/bin/../lib/gcc/arm-none-eabi/10.3.1/../../../../arm-none-eabi/lib/thumb/v7-m/nofp/libc.a(lib_a-__atexit.o)

.debug_loc      0x0000000000000000     0xa2e0
 .debug_loc     0x0000000000000000      0x23f CMakeFiles/test_.elf.dir/Core/Src/main.c.obj
 .debug_loc     0x000000000000023f       0x53 CMakeFiles/test_.elf.dir/Core/Src/rgb_led.c.obj
 .debug_loc     0x0000000000000292       0x15 CMakeFiles/test_.elf.dir/Core/Src/stm32f1xx_hal_msp.c.obj
 .debug_loc     0x00000000000002a7       0xff CMakeFiles/test_.elf.dir/Core/Src/system_stm32f1xx.c.obj
 .debug_loc     0x00000000000003a6      0x10d CMakeFiles/test_.elf.dir/Core/Src/tim.c.obj
 .debug_loc     0x00000000000004b3       0x84 CMakeFiles/test_.elf.dir/Core/Src/usart.c.obj
 .debug_loc     0x0000000000000537      0x141 CMakeFiles/test_.elf.dir/Drivers/STM32F1xx_HAL_Driver/Src/stm32f1xx_hal.c.obj
 .debug_loc     0x0000000000000678      0x71f CMakeFiles/test_.elf.dir/Drivers/STM32F1xx_HAL_Driver/Src/stm32f1xx_hal_cortex.c.obj
 .debug_loc     0x0000000000000d97      0x7d1 CMakeFiles/test_.elf.dir/Drivers/STM32F1xx_HAL_Driver/Src/stm32f1xx_hal_dma.c.obj
 .debug_loc     0x0000000000001568      0x47d CMakeFiles/test_.elf.dir/Drivers/STM32F1xx_HAL_Driver/Src/stm32f1xx_hal_gpio.c.obj
 .debug_loc     0x00000000000019e5      0x63e CMakeFiles/test_.elf.dir/Drivers/STM32F1xx_HAL_Driver/Src/stm32f1xx_hal_rcc.c.obj
 .debug_loc     0x0000000000002023     0x47a8 CMakeFiles/test_.elf.dir/Drivers/STM32F1xx_HAL_Driver/Src/stm32f1xx_hal_tim.c.obj
 .debug_loc     0x00000000000067cb     0x1ade CMakeFiles/test_.elf.dir/Drivers/STM32F1xx_HAL_Driver/Src/stm32f1xx_hal_tim_ex.c.obj
 .debug_loc     0x00000000000082a9     0x2037 CMakeFiles/test_.elf.dir/Drivers/STM32F1xx_HAL_Driver/Src/stm32f1xx_hal_uart.c.obj
